Component: Arm Compiler for Embedded 6.24 Tool: armlink [5f371500]

==============================================================================

Section Cross References

    my_encoder.o(.text.Encoder_Init) refers to my_encoder.o(.bss.Encoder_list) for Encoder_list
    my_encoder.o(.text.Encoder_Init) refers to car_thread.o(.rodata.g_timer0) for g_timer0
    my_encoder.o(.text.Encoder_Init) refers to car_thread.o(.bss.g_timer0_ctrl) for g_timer0_ctrl
    my_encoder.o(.text.Encoder_Init) refers to car_thread.o(.rodata.g_timer1) for g_timer1
    my_encoder.o(.text.Encoder_Init) refers to car_thread.o(.bss.g_timer1_ctrl) for g_timer1_ctrl
    my_encoder.o(.text.Encoder_Init) refers to r_gpt.o(.text.R_GPT_Open) for R_GPT_Open
    my_encoder.o(.text.Encoder_Init) refers to r_gpt.o(.text.R_GPT_CounterSet) for R_GPT_CounterSet
    my_encoder.o(.text.Encoder_Init) refers to printfa.o(i.__0printf) for __2printf
    my_encoder.o(.ARM.exidx.text.Encoder_Init) refers to my_encoder.o(.text.Encoder_Init) for [Anonymous Symbol]
    my_encoder.o(.text.Encoder_Read_speed) refers to my_encoder.o(.bss.Encoder_list) for Encoder_list
    my_encoder.o(.text.Encoder_Read_speed) refers to r_gpt.o(.text.R_GPT_CounterSet) for R_GPT_CounterSet
    my_encoder.o(.text.Encoder_Read_speed) refers to r_gpt.o(.text.R_GPT_Start) for R_GPT_Start
    my_encoder.o(.text.Encoder_Read_speed) refers to r_gpt.o(.text.R_GPT_StatusGet) for R_GPT_StatusGet
    my_encoder.o(.text.Encoder_Read_speed) refers to tasks.o(.text.vTaskDelay) for vTaskDelay
    my_encoder.o(.text.Encoder_Read_speed) refers to r_gpt.o(.text.R_GPT_Stop) for R_GPT_Stop
    my_encoder.o(.text.Encoder_Read_speed) refers to dfltl.o(.text) for __aeabi_l2d
    my_encoder.o(.text.Encoder_Read_speed) refers to ddiv.o(.text) for __aeabi_ddiv
    my_encoder.o(.text.Encoder_Read_speed) refers to dadd.o(.text) for __aeabi_dadd
    my_encoder.o(.text.Encoder_Read_speed) refers to dmul.o(.text) for __aeabi_dmul
    my_encoder.o(.text.Encoder_Read_speed) refers to my_encoder.o(.bss.En_speed) for En_speed
    my_encoder.o(.text.Encoder_Read_speed) refers to printfa.o(i.__0printf) for __2printf
    my_encoder.o(.ARM.exidx.text.Encoder_Read_speed) refers to my_encoder.o(.text.Encoder_Read_speed) for [Anonymous Symbol]
    my_motor.o(.text.Motor_Init) refers to my_motor.o(.bss.Motor_Init.init_flag) for Motor_Init.init_flag
    my_motor.o(.text.Motor_Init) refers to my_motor.o(.bss.Motor_list) for Motor_list
    my_motor.o(.text.Motor_Init) refers to car_thread.o(.rodata.g_timer4) for g_timer4
    my_motor.o(.text.Motor_Init) refers to car_thread.o(.bss.g_timer4_ctrl) for g_timer4_ctrl
    my_motor.o(.text.Motor_Init) refers to r_gpt.o(.text.R_GPT_Open) for R_GPT_Open
    my_motor.o(.text.Motor_Init) refers to printfa.o(i.__0printf) for __2printf
    my_motor.o(.text.Motor_Init) refers to r_gpt.o(.text.R_GPT_Start) for R_GPT_Start
    my_motor.o(.ARM.exidx.text.Motor_Init) refers to my_motor.o(.text.Motor_Init) for [Anonymous Symbol]
    my_motor.o(.text.Motor_PWM_Set) refers to my_motor.o(.bss.Motor_list) for Motor_list
    my_motor.o(.text.Motor_PWM_Set) refers to common_data.o(.rodata.g_ioport) for g_ioport
    my_motor.o(.text.Motor_PWM_Set) refers to r_ioport.o(.text.R_IOPORT_PinWrite) for R_IOPORT_PinWrite
    my_motor.o(.text.Motor_PWM_Set) refers to r_gpt.o(.text.R_GPT_InfoGet) for R_GPT_InfoGet
    my_motor.o(.text.Motor_PWM_Set) refers to dfltui.o(.text) for __aeabi_ui2d
    my_motor.o(.text.Motor_PWM_Set) refers to dmul.o(.text) for __aeabi_dmul
    my_motor.o(.text.Motor_PWM_Set) refers to dfixui.o(.text) for __aeabi_d2uiz
    my_motor.o(.text.Motor_PWM_Set) refers to r_gpt.o(.text.R_GPT_DutyCycleSet) for R_GPT_DutyCycleSet
    my_motor.o(.ARM.exidx.text.Motor_PWM_Set) refers to my_motor.o(.text.Motor_PWM_Set) for [Anonymous Symbol]
    my_motor.o(.text.Motor_Set) refers to f2d.o(.text) for __aeabi_f2d
    my_motor.o(.text.Motor_Set) refers to my_motor.o(.text.Motor_PWM_Set) for Motor_PWM_Set
    my_motor.o(.ARM.exidx.text.Motor_Set) refers to my_motor.o(.text.Motor_Set) for [Anonymous Symbol]
    my_pid.o(.text.PID_init) refers to my_imu.o(.text.IMU_init) for IMU_init
    my_pid.o(.text.PID_init) refers to my_encoder.o(.text.Encoder_Init) for Encoder_Init
    my_pid.o(.text.PID_init) refers to my_motor.o(.text.Motor_Init) for Motor_Init
    my_pid.o(.text.PID_init) refers to my_pid.o(.bss.PID_list) for PID_list
    my_pid.o(.text.PID_init) refers to memseta.o(.text) for __aeabi_memclr4
    my_pid.o(.text.PID_init) refers to my_imu.o(.text.IMU_Read) for IMU_Read
    my_pid.o(.text.PID_init) refers to my_imu.o(.bss.ol_yaw_useflag) for ol_yaw_useflag
    my_pid.o(.text.PID_init) refers to queue.o(.text.xQueueSemaphoreTake) for xQueueSemaphoreTake
    my_pid.o(.text.PID_init) refers to my_imu.o(.bss.ol_first_useflag) for ol_first_useflag
    my_pid.o(.text.PID_init) refers to my_imu.o(.bss.ol_yaw) for ol_yaw
    my_pid.o(.text.PID_init) refers to my_imu.o(.bss.ol_first) for ol_first
[...]
    0x00003518   0x00003518   0x00000048   Code   RO          312    .text.OLED_Clear    my_oled.o
    0x00003560   0x00003560   0x00000040   Code   RO          304    .text.OLED_I2C_SendByte  my_oled.o
    0x000035a0   0x000035a0   0x000001be   Code   RO          330    .text.OLED_Init     my_oled.o
    0x0000375e   0x0000375e   0x0000004c   Code   RO          310    .text.OLED_SetCursor  my_oled.o
    0x000037aa   0x000037aa   0x00000002   PAD
    0x000037ac   0x000037ac   0x0000008e   Code   RO          316    .text.OLED_ShowChar  my_oled.o
    0x0000383a   0x0000383a   0x00000002   PAD
    0x0000383c   0x0000383c   0x0000008a   Code   RO          314    .text.OLED_ShowFT   my_oled.o
    0x000038c6   0x000038c6   0x00000002   PAD
    0x000038c8   0x000038c8   0x00000068   Code   RO          322    .text.OLED_ShowNum  my_oled.o
    0x00003930   0x00003930   0x0000002a   Code   RO          318    .text.OLED_ShowString  my_oled.o
    0x0000395a   0x0000395a   0x0000005e   Code   RO          182    .text.PID_Rest      my_pid.o
    0x000039b8   0x000039b8   0x00000488   Code   RO          184    .text.PID_Set       my_pid.o
    0x00003e40   0x00003e40   0x000000d8   Code   RO          180    .text.PID_init      my_pid.o
    0x00003f18   0x00003f18   0x00000044   Code   RO         1578    .text.PendSV_Handler  port.o
    0x00003f5c   0x00003f5c   0x00000004   PAD
    0x00003f60   0x00003f60   0x00001058   Code   RO          429    .text.Protocol_Parse_And_Response  hc_04.o
    0x00004fb8   0x00004fb8   0x00000004   Code   RO         1324    .text.R_ADC_Calibrate  r_adc.o
    0x00004fbc   0x00004fbc   0x0000000e   Code   RO         1328    .text.R_ADC_CallbackSet  r_adc.o
    0x00004fca   0x00004fca   0x000000e4   Code   RO         1330    .text.R_ADC_Close   r_adc.o
    0x000050ae   0x000050ae   0x00000002   PAD
    0x000050b0   0x000050b0   0x00000074   Code   RO         1332    .text.R_ADC_InfoGet  r_adc.o
    0x00005124   0x00005124   0x00000004   Code   RO         1326    .text.R_ADC_OffsetSet  r_adc.o
    0x00005128   0x00005128   0x0000010a   Code   RO         1308    .text.R_ADC_Open    r_adc.o
    0x00005232   0x00005232   0x0000000e   Code   RO         1320    .text.R_ADC_Read    r_adc.o
    0x00005240   0x00005240   0x00000018   Code   RO         1322    .text.R_ADC_Read32  r_adc.o
    0x00005258   0x00005258   0x000001d2   Code   RO         1310    .text.R_ADC_ScanCfg  r_adc.o
    0x0000542a   0x0000542a   0x00000004   Code   RO         1314    .text.R_ADC_ScanGroupStart  r_adc.o
    0x0000542e   0x0000542e   0x0000000a   Code   RO         1312    .text.R_ADC_ScanStart  r_adc.o
    0x00005438   0x00005438   0x0000000a   Code   RO         1316    .text.R_ADC_ScanStop  r_adc.o
    0x00005442   0x00005442   0x0000000c   Code   RO         1318    .text.R_ADC_StatusGet  r_adc.o
    0x0000544e   0x0000544e   0x00000002   PAD
    0x00005450   0x00005450   0x0000007a   Code   RO         1165    .text.R_BSP_Init_RTC  bsp_clocks.o
    0x000054ca   0x000054ca   0x0000004e   Code   RO         1241    .text.R_BSP_RegisterProtectDisable  bsp_register_protection.o
    0x00005518   0x00005518   0x00000052   Code   RO         1239    .text.R_BSP_RegisterProtectEnable  bsp_register_protection.o
    0x0000556a   0x0000556a   0x00000084   Code   RO         1193    .text.R_BSP_SoftwareDelay  bsp_delay.o
    0x000055ee   0x000055ee   0x00000002   Code   RO         1159    .text.R_BSP_SubClockStabilizeWaitAfterReset  bsp_clocks.o
    0x000055f0   0x000055f0   0x0000001a   Code   RO          647    .text.R_BSP_WarmStart  hal_warmstart.o
    0x0000560a   0x0000560a   0x0000000e   Code   RO         1377    .text.R_GPT_CallbackSet  r_gpt.o
    0x00005618   0x00005618   0x00000124   Code   RO         1379    .text.R_GPT_Close   r_gpt.o
    0x0000573c   0x0000573c   0x0000001c   Code   RO         1371    .text.R_GPT_CompareMatchSet  r_gpt.o
    0x00005758   0x00005758   0x00000008   Code   RO         1383    .text.R_GPT_CounterSet  r_gpt.o
    0x00005760   0x00005760   0x0000001e   Code   RO         1365    .text.R_GPT_Disable  r_gpt.o
    0x0000577e   0x0000577e   0x000000a6   Code   RO         1369    .text.R_GPT_DutyCycleSet  r_gpt.o
    0x00005824   0x00005824   0x00000036   Code   RO         1363    .text.R_GPT_Enable  r_gpt.o
    0x0000585a   0x0000585a   0x00000040   Code   RO         1373    .text.R_GPT_InfoGet  r_gpt.o
    0x0000589a   0x0000589a   0x00000002   PAD
    0x0000589c   0x0000589c   0x00000422   Code   RO         1355    .text.R_GPT_Open    r_gpt.o
    0x00005cbe   0x00005cbe   0x00000038   Code   RO         1367    .text.R_GPT_PeriodSet  r_gpt.o
    0x00005cf6   0x00005cf6   0x0000000a   Code   RO         1361    .text.R_GPT_Reset   r_gpt.o
    0x00005d00   0x00005d00   0x0000000a   Code   RO         1357    .text.R_GPT_Start   r_gpt.o
    0x00005d0a   0x00005d0a   0x00000012   Code   RO         1375    .text.R_GPT_StatusGet  r_gpt.o
    0x00005d1c   0x00005d1c   0x0000000a   Code   RO         1359    .text.R_GPT_Stop    r_gpt.o
    0x00005d26   0x00005d26   0x00000032   Code   RO         1426    .text.R_IIC_MASTER_Abort  r_iic_master.o
    0x00005d58   0x00005d58   0x0000000e   Code   RO         1430    .text.R_IIC_MASTER_CallbackSet  r_iic_master.o
    0x00005d66   0x00005d66   0x000000d0   Code   RO         1434    .text.R_IIC_MASTER_Close  r_iic_master.o
    0x00005e36   0x00005e36   0x00000080   Code   RO         1420    .text.R_IIC_MASTER_Open  r_iic_master.o
    0x00005eb6   0x00005eb6   0x0000000c   Code   RO         1422    .text.R_IIC_MASTER_Read  r_iic_master.o
    0x00005ec2   0x00005ec2   0x0000000a   Code   RO         1428    .text.R_IIC_MASTER_SlaveAddressSet  r_iic_master.o
    0x00005ecc   0x00005ecc   0x00000018   Code   RO         1432    .text.R_IIC_MASTER_StatusGet  r_iic_master.o
    0x00005ee4   0x00005ee4   0x0000000c   Code   RO         1424    .text.R_IIC_MASTER_Write  r_iic_master.o
    0x00005ef0   0x00005ef0   0x0000000a   Code   RO         1461    .text.R_IOPORT_Close  r_ioport.o
    0x00005efa   0x00005efa   0x00000016   Code   RO         1459    .text.R_IOPORT_Open  r_ioport.o
    0x00005f10   0x00005f10   0x000000b2   Code   RO         1465    .text.R_IOPORT_PinCfg  r_ioport.o
    0x00005fc2   0x00005fc2   0x00000028   Code   RO         1467    .text.R_IOPORT_PinEventInputRead  r_ioport.o
    0x00005fea   0x00005fea   0x00000052   Code   RO         1469    .text.R_IOPORT_PinEventOutputWrite  r_ioport.o
    0x0000603c   0x0000603c   0x00000022   Code   RO         1471    .text.R_IOPORT_PinRead  r_ioport.o
    0x0000605e   0x0000605e   0x00000028   Code   RO         1473    .text.R_IOPORT_PinWrite  r_ioport.o
    0x00006086   0x00006086   0x0000000c   Code   RO         1463    .text.R_IOPORT_PinsCfg  r_ioport.o
    0x00006092   0x00006092   0x0000002c   Code   RO         1475    .text.R_IOPORT_PortDirectionSet  r_ioport.o
    0x000060be   0x000060be   0x00000018   Code   RO         1477    .text.R_IOPORT_PortEventInputRead  r_ioport.o
    0x000060d6   0x000060d6   0x00000020   Code   RO         1479    .text.R_IOPORT_PortEventOutputWrite  r_ioport.o
    0x000060f6   0x000060f6   0x00000016   Code   RO         1481    .text.R_IOPORT_PortRead  r_ioport.o
    0x0000610c   0x0000610c   0x00000020   Code   RO         1483    .text.R_IOPORT_PortWrite  r_ioport.o
    0x0000612c   0x0000612c   0x00000028   Code   RO         1504    .text.R_SCI_I2C_Abort  r_sci_i2c.o
    0x00006154   0x00006154   0x0000000e   Code   RO         1508    .text.R_SCI_I2C_CallbackSet  r_sci_i2c.o
    0x00006162   0x00006162   0x00000056   Code   RO         1512    .text.R_SCI_I2C_Close  r_sci_i2c.o
    0x000061b8   0x000061b8   0x0000015a   Code   RO         1498    .text.R_SCI_I2C_Open  r_sci_i2c.o
    0x00006312   0x00006312   0x00000010   Code   RO         1500    .text.R_SCI_I2C_Read  r_sci_i2c.o
    0x00006322   0x00006322   0x0000000a   Code   RO         1506    .text.R_SCI_I2C_SlaveAddressSet  r_sci_i2c.o
    0x0000632c   0x0000632c   0x00000018   Code   RO         1510    .text.R_SCI_I2C_StatusGet  r_sci_i2c.o
    0x00006344   0x00006344   0x00000010   Code   RO         1502    .text.R_SCI_I2C_Write  r_sci_i2c.o
    0x00006354   0x00006354   0x00000022   Code   RO         1541    .text.R_SCI_UART_Abort  r_sci_uart.o
    0x00006376   0x00006376   0x00000068   Code   RO         1537    .text.R_SCI_UART_BaudSet  r_sci_uart.o
    0x000063de   0x000063de   0x0000000e   Code   RO         1543    .text.R_SCI_UART_CallbackSet  r_sci_uart.o
    0x000063ec   0x000063ec   0x000000a6   Code   RO         1545    .text.R_SCI_UART_Close  r_sci_uart.o
    0x00006492   0x00006492   0x0000000c   Code   RO         1539    .text.R_SCI_UART_InfoGet  r_sci_uart.o
    0x0000649e   0x0000649e   0x0000033c   Code   RO         1531    .text.R_SCI_UART_Open  r_sci_uart.o
    0x000067da   0x000067da   0x0000000a   Code   RO         1533    .text.R_SCI_UART_Read  r_sci_uart.o
    0x000067e4   0x000067e4   0x0000000e   Code   RO         1547    .text.R_SCI_UART_ReadStop  r_sci_uart.o
    0x000067f2   0x000067f2   0x00000004   Code   RO         1551    .text.R_SCI_UART_ReceiveResume  r_sci_uart.o
    0x000067f6   0x000067f6   0x00000004   Code   RO         1549    .text.R_SCI_UART_ReceiveSuspend  r_sci_uart.o
    0x000067fa   0x000067fa   0x0000004c   Code   RO         1535    .text.R_SCI_UART_Write  r_sci_uart.o
    0x00006846   0x00006846   0x00000002   PAD
    0x00006848   0x00006848   0x0000000a   Code   RO         1116  * .text.Reset_Handler  startup.o
    0x00006852   0x00006852   0x00000002   PAD
    0x00006854   0x00006854   0x00000018   Code   RO         1576    .text.SVC_Handler   port.o
    0x0000686c   0x0000686c   0x0000003c   Code   RO          413    .text.Serial_Init   hc_04.o
    0x000068a8   0x000068a8   0x00000036   Code   RO          417    .text.Serial_SendByte  hc_04.o
    0x000068de   0x000068de   0x00000002   PAD
    0x000068e0   0x000068e0   0x0000001e   Code   RO          421    .text.Serial_SendString  hc_04.o
    0x000068fe   0x000068fe   0x00000002   PAD
    0x00006900   0x00006900   0x00000070   Code   RO         1688    .text.Show_Thread_create  show_thread.o
    0x00006970   0x00006970   0x000000b0   Code   RO          665    .text.Show_Thread_entry  show_thread_entry.o
    0x00006a20   0x00006a20   0x00000012   Code   RO         1690    .text.Show_Thread_func  show_thread.o
    0x00006a32   0x00006a32   0x00000002   PAD
    0x00006a34   0x00006a34   0x0000025c   Code   RO          425    .text.StoreRecord_Sync  hc_04.o
    0x00006c90   0x00006c90   0x00000026   Code   RO         1582    .text.SysTick_Handler  port.o
    0x00006cb6   0x00006cb6   0x0000002c   Code   RO         1149    .text.SystemCoreClockUpdate  bsp_clocks.o
    0x00006ce2   0x00006ce2   0x00000002   PAD
    0x00006ce4   0x00006ce4   0x000000a2   Code   RO         1130    .text.SystemInit    system.o
    0x00006d86   0x00006d86   0x00000002   PAD
    0x00006d88   0x00006d88   0x0000005a   Code   RO         1134    .text.SystemRuntimeInit  system.o
    0x00006de2   0x00006de2   0x00000002   PAD
    0x00006de4   0x00006de4   0x000001c4   Code   RO          537    .text.Turn_num_new  user_show.o
    0x00006fa8   0x00006fa8   0x00000024   Code   RO          252    .text.UWB_init      my_uwb.o
    0x00006fcc   0x00006fcc   0x00000004   PAD
    0x00006fd0   0x00006fd0   0x000006f8   Code   RO          529    .text.UWB_num_new   user_show.o
    0x000076c8   0x000076c8   0x00000148   Code   RO          531    .text.Ult_num_new   user_show.o
    0x00007810   0x00007810   0x00000006   Code   RO         1180    .text.__aeabi_assert  bsp_common.o
    0x00007816   0x00007816   0x00000002   PAD
    0x00007818   0x00007818   0x0000013c   Code   RO         1155    .text.bsp_clock_init  bsp_clocks.o
    0x00007954   0x00007954   0x00000002   Code   RO         1176    .text.bsp_init_internal  bsp_common.o
    0x00007956   0x00007956   0x00000002   PAD
    0x00007958   0x00007958   0x0000008a   Code   RO         1226    .text.bsp_irq_cfg   bsp_irq.o
    0x000079e2   0x000079e2   0x00000008   Code   RO         1195    .text.bsp_prv_software_delay_loop  bsp_delay.o
    0x000079ea   0x000079ea   0x00000002   PAD
    0x000079ec   0x000079ec   0x000000d8   Code   RO         1487    .text.bsp_vbatt_init  r_ioport.o
    0x00007ac4   0x00007ac4   0x00000074   Code   RO          592    .text.car_ATurning  car.o
    0x00007b38   0x00007b38   0x00000018   Code   RO          586    .text.car_A_always_run  car.o
    0x00007b50   0x00007b50   0x000002bc   Code   RO          594    .text.car_Collision  car.o
    0x00007e0c   0x00007e0c   0x00000004   PAD
    0x00007e10   0x00007e10   0x000002dc   Code   RO          600    .text.car_Collision_gouse  car.o
    0x000080ec   0x000080ec   0x000000b0   Code   RO          590    .text.car_RTurning  car.o
    0x0000819c   0x0000819c   0x00000004   PAD
    0x000081a0   0x000081a0   0x00000038   Code   RO          596    .text.car_door_set  car.o
    0x000081d8   0x000081d8   0x00000260   Code   RO          602    .text.car_goto_coll_do  car.o
    0x00008438   0x00008438   0x00000260   Code   RO          598    .text.car_goto_do   car.o
    0x00008698   0x00008698   0x000000fc   Code   RO          582    .text.car_init      car.o
    0x00008794   0x00008794   0x0000011c   Code   RO          584    .text.car_sum       car.o
    0x000088b0   0x000088b0   0x000000d8   Code   RO          491    .text.cross         trilateration.o
    0x00008988   0x00008988   0x0000000e   Code   RO          627    .text.debug_init    debug.o
    0x00008996   0x00008996   0x00000002   PAD
    0x00008998   0x00008998   0x000005f0   Code   RO          499    .text.deca_3dlocate  trilateration.o
    0x00008f88   0x00008f88   0x00000034   Code   RO          631    .text.fputc         debug.o
    0x00008fbc   0x00008fbc   0x00000002   Code   RO         1717    .text.g_common_init  common_data.o
    0x00008fbe   0x00008fbe   0x00000004   Code   RO         1727    .text.g_hal_init    hal_data.o
    0x00008fc2   0x00008fc2   0x00000026   Code   RO          604    .text.g_timer5_callback  car.o
    0x00008fe8   0x00008fe8   0x00000370   Code   RO          493    .text.gdoprate      trilateration.o
    0x00009358   0x00009358   0x00000128   Code   RO          539    .text.go_num_new    user_show.o
    0x00009480   0x00009480   0x00000072   Code   RO         1381    .text.gpt_calculate_duty_cycle  r_gpt.o
    0x000094f2   0x000094f2   0x000001be   Code   RO         1395    .text.gpt_counter_overflow_isr  r_gpt.o
    0x000096b0   0x000096b0   0x00000038   Code   RO          300    .text.i2c2_callback  my_oled.o
    0x000096e8   0x000096e8   0x0000013e   Code   RO         1446    .text.iic_master_eri_isr  r_iic_master.o
    0x00009826   0x00009826   0x00000036   Code   RO         1448    .text.iic_master_notify  r_iic_master.o
    0x0000985c   0x0000985c   0x00000178   Code   RO         1436    .text.iic_master_open_hw_master  r_iic_master.o
    0x000099d4   0x000099d4   0x00000154   Code   RO         1438    .text.iic_master_read_write  r_iic_master.o
    0x00009b28   0x00009b28   0x0000018e   Code   RO         1440    .text.iic_master_rxi_isr  r_iic_master.o
    0x00009cb6   0x00009cb6   0x00000002   PAD
    0x00009cb8   0x00009cb8   0x000000e4   Code   RO         1444    .text.iic_master_tei_isr  r_iic_master.o
    0x00009d9c   0x00009d9c   0x0000011a   Code   RO         1442    .text.iic_master_txi_isr  r_iic_master.o
    0x00009eb6   0x00009eb6   0x00000052   Code   RO         1744    .text.main          main.o
    0x00009f08   0x00009f08   0x0000012c   Code   RO          273    .text.my_servo_init  my_servo.o
    0x0000a034   0x0000a034   0x000000e8   Code   RO          275    .text.my_servo_set  my_servo.o
    0x0000a11c   0x0000a11c   0x00000004   PAD
    0x0000a120   0x0000a120   0x00000800   Code   RO          523    .text.new_cursor_back  user_show.o
    0x0000a920   0x0000a920   0x000000a4   Code   RO          917    .text.prvAddCurrentTaskToDelayedList  tasks.o
    0x0000a9c4   0x0000a9c4   0x00000128   Code   RO          905    .text.prvAddNewTaskToReadyList  tasks.o
    0x0000aaec   0x0000aaec   0x0000007c   Code   RO         1052    .text.prvCheckForValidListAndQueue  timers.o
    0x0000ab68   0x0000ab68   0x0000004e   Code   RO          945    .text.prvCheckTasksWaitingTermination  tasks.o
    0x0000abb6   0x0000abb6   0x00000078   Code   RO          782    .text.prvCopyDataToQueue  queue.o
    0x0000ac2e   0x0000ac2e   0x00000002   PAD
    0x0000ac30   0x0000ac30   0x0000006c   Code   RO          911    .text.prvDeleteTCB  tasks.o
    0x0000ac9c   0x0000ac9c   0x0000002e   Code   RO         1017    .text.prvIdleTask   tasks.o
    0x0000acca   0x0000acca   0x00000002   PAD
    0x0000accc   0x0000accc   0x0000009c   Code   RO         1015    .text.prvInitialiseNewTask  tasks.o
    0x0000ad68   0x0000ad68   0x00000040   Code   RO         1096    .text.prvInsertTimerInActiveList  timers.o
    0x0000ada8   0x0000ada8   0x000000b8   Code   RO          784    .text.prvNotifyQueueSetContainer  queue.o
    0x0000ae60   0x0000ae60   0x00000040   Code   RO         1092    .text.prvProcessExpiredTimer  timers.o
    0x0000aea0   0x0000aea0   0x0000002e   Code   RO         1094    .text.prvReloadTimer  timers.o
    0x0000aece   0x0000aece   0x00000002   PAD
    0x0000aed0   0x0000aed0   0x00000056   Code   RO         1090    .text.prvSampleTimeNow  timers.o
    0x0000af26   0x0000af26   0x00000002   PAD
    0x0000af28   0x0000af28   0x00000006   Code   RO         1588    .text.prvTaskExitError  port.o
    0x0000af2e   0x0000af2e   0x00000002   PAD
    0x0000af30   0x0000af30   0x000001a8   Code   RO         1054    .text.prvTimerTask  timers.o
    0x0000b0d8   0x0000b0d8   0x0000007e   Code   RO          786    .text.prvUnlockQueue  queue.o
    0x0000b156   0x0000b156   0x00000002   PAD
    0x0000b158   0x0000b158   0x00000264   Code   RO          732    .text.pvPortMalloc  heap_4.o
    0x0000b3bc   0x0000b3bc   0x00000014   Code   RO          997    .text.pvTaskIncrementMutexHeldCount  tasks.o
    0x0000b3d0   0x0000b3d0   0x00000028   Code   RO         1586    .text.pxPortInitialiseStack  port.o
    0x0000b3f8   0x0000b3f8   0x00000058   Code   RO         1334    .text.r_adc_irq_enable  r_adc.o
    0x0000b450   0x0000b450   0x000000c0   Code   RO         1485    .text.r_ioport_pins_config  r_ioport.o
    0x0000b510   0x0000b510   0x00000040   Code   RO         1557    .text.r_sci_uart_call_callback  r_sci_uart.o
    0x0000b550   0x0000b550   0x00000024   Code   RO         1580    .text.rm_freertos_port_restore_task_stackless  port.o
    0x0000b574   0x0000b574   0x0000006e   Code   RO         1600    .text.rm_freertos_port_sleep_preserving_lpm  port.o
    0x0000b5e2   0x0000b5e2   0x00000002   PAD
    0x0000b5e4   0x0000b5e4   0x00000062   Code   RO         1742    .text.rtos_startup_common_init  main.o
    0x0000b646   0x0000b646   0x00000004   Code   RO         1740    .text.rtos_startup_err_callback_internal  main.o
    0x0000b64a   0x0000b64a   0x00000002   PAD
    0x0000b64c   0x0000b64c   0x00000148   Code   RO          535    .text.run_num_new   user_show.o
    0x0000b794   0x0000b794   0x00000024   Code   RO          377    .text.sci_i2c4_master_callback  eeprom.o
    0x0000b7b8   0x0000b7b8   0x00000098   Code   RO         1514    .text.sci_i2c_read_write  r_sci_i2c.o
    0x0000b850   0x0000b850   0x0000011c   Code   RO         1520    .text.sci_i2c_tei_isr  r_sci_i2c.o
    0x0000b96c   0x0000b96c   0x00000128   Code   RO         1518    .text.sci_i2c_txi_isr  r_sci_i2c.o
    0x0000ba94   0x0000ba94   0x0000006a   Code   RO         1563    .text.sci_uart_eri_isr  r_sci_uart.o
    0x0000bafe   0x0000bafe   0x00000088   Code   RO         1559    .text.sci_uart_rxi_isr  r_sci_uart.o
    0x0000bb86   0x0000bb86   0x0000004a   Code   RO         1561    .text.sci_uart_tei_isr  r_sci_uart.o
    0x0000bbd0   0x0000bbd0   0x00000088   Code   RO         1555    .text.sci_uart_txi_isr  r_sci_uart.o
    0x0000bc58   0x0000bc58   0x00000408   Code   RO          543    .text.set_cell_new  user_show.o
    0x0000c060   0x0000c060   0x000037b4   Code   RO          521    .text.show_all      user_show.o
    0x0000f814   0x0000f814   0x0000002e   Code   RO          519    .text.show_init     user_show.o
    0x0000f842   0x0000f842   0x00000006   PAD
    0x0000f848   0x0000f848   0x00000358   Code   RO          495    .text.sphereline    trilateration.o
    0x0000fba0   0x0000fba0   0x00000058   Code   RO          503    .text.tril_init     trilateration.o
    0x0000fbf8   0x0000fbf8   0x000000de   Code   RO          505    .text.tril_read     trilateration.o
    0x0000fcd6   0x0000fcd6   0x00000002   PAD
    0x0000fcd8   0x0000fcd8   0x00001680   Code   RO          497    .text.trilateration  trilateration.o
    0x00011358   0x00011358   0x0000011e   Code   RO          254    .text.uart5_callback  my_uwb.o
    0x00011476   0x00011476   0x00000024   Code   RO          629    .text.uart7_callback  debug.o
    0x0001149a   0x0001149a   0x000000b4   Code   RO          415    .text.uart8_callback  hc_04.o
    0x0001154e   0x0001154e   0x00000024   Code   RO          208    .text.uart9_callback  my_imu.o
    0x00011572   0x00011572   0x00000006   PAD
    0x00011578   0x00011578   0x00000070   Code   RO          366    .text.ult_ADC_Read  my_ultrasonic_adc.o
    0x000115e8   0x000115e8   0x0000004c   Code   RO          364    .text.ult_ADC_init  my_ultrasonic_adc.o
    0x00011634   0x00011634   0x00000020   Code   RO          722    .text.uxListRemove  list.o
    0x00011654   0x00011654   0x0000000c   Code   RO          953    .text.uxTaskGetNumberOfTasks  tasks.o
    0x00011660   0x00011660   0x0000001a   Code   RO         1746    .text.vApplicationGetIdleTaskMemory  main.o
    0x0001167a   0x0001167a   0x0000001a   Code   RO         1748    .text.vApplicationGetTimerTaskMemory  main.o
    0x00011694   0x00011694   0x00000018   Code   RO         1602    .text.vApplicationIdleHook  port.o
    0x000116ac   0x000116ac   0x00000016   Code   RO          714    .text.vListInitialise  list.o
    0x000116c2   0x000116c2   0x00000006   Code   RO          716    .text.vListInitialiseItem  list.o
    0x000116c8   0x000116c8   0x0000003a   Code   RO          720    .text.vListInsert   list.o
    0x00011702   0x00011702   0x0000004c   Code   RO         1596    .text.vPortEnterCritical  port.o
    0x0001174e   0x0001174e   0x00000002   PAD
    0x00011750   0x00011750   0x0000004c   Code   RO         1598    .text.vPortExitCritical  port.o
    0x0001179c   0x0001179c   0x00000138   Code   RO          734    .text.vPortFree     heap_4.o
    0x000118d4   0x000118d4   0x0000003c   Code   RO         1584    .text.vPortSVCHandler_C  port.o
    0x00011910   0x00011910   0x00000046   Code   RO         1592    .text.vPortSetupTimerInterrupt  port.o
    0x00011956   0x00011956   0x00000002   PAD
    0x00011958   0x00011958   0x0000005e   Code   RO          820    .text.vQueueAddToRegistry  queue.o
    0x000119b6   0x000119b6   0x00000046   Code   RO          824    .text.vQueueWaitForMessageRestricted  queue.o
    0x000119fc   0x000119fc   0x00000056   Code   RO          921    .text.vTaskDelay    tasks.o
    0x00011a52   0x00011a52   0x0000001a   Code   RO          973    .text.vTaskInternalSetTimeOutState  tasks.o
    0x00011a6c   0x00011a6c   0x0000000e   Code   RO          977    .text.vTaskMissedYield  tasks.o
    0x00011a7a   0x00011a7a   0x0000003a   Code   RO          961    .text.vTaskPlaceOnEventList  tasks.o
    0x00011ab4   0x00011ab4   0x0000006c   Code   RO          965    .text.vTaskPlaceOnEventListRestricted  tasks.o
    0x00011b20   0x00011b20   0x000000d0   Code   RO          993    .text.vTaskPriorityDisinheritAfterTimeout  tasks.o
    0x00011bf0   0x00011bf0   0x000000bc   Code   RO          941    .text.vTaskStartScheduler  tasks.o
    0x00011cac   0x00011cac   0x00000010   Code   RO          915    .text.vTaskSuspendAll  tasks.o
    0x00011cbc   0x00011cbc   0x0000009c   Code   RO          935    .text.vTaskSwitchContext  tasks.o
    0x00011d58   0x00011d58   0x0000006c   Code   RO          477    .text.vdiff         trilateration.o
    0x00011dc4   0x00011dc4   0x00000060   Code   RO          483    .text.vdiv          trilateration.o
    0x00011e24   0x00011e24   0x00000060   Code   RO          481    .text.vmul          trilateration.o
    0x00011e84   0x00011e84   0x0000006c   Code   RO          479    .text.vsum          trilateration.o
    0x00011ef0   0x00011ef0   0x0000003c   Code   RO         1590    .text.xPortStartScheduler  port.o
    0x00011f2c   0x00011f2c   0x00000040   Code   RO          776    .text.xQueueCreateCountingSemaphoreStatic  queue.o
    0x00011f6c   0x00011f6c   0x00000028   Code   RO          772    .text.xQueueCreateMutex  queue.o
    0x00011f94   0x00011f94   0x00000060   Code   RO          770    .text.xQueueGenericCreate  queue.o
    0x00011ff4   0x00011ff4   0x000000ac   Code   RO          766    .text.xQueueGenericCreateStatic  queue.o
    0x000120a0   0x000120a0   0x000000cc   Code   RO          764    .text.xQueueGenericReset  queue.o
    0x0001216c   0x0001216c   0x000001be   Code   RO          780    .text.xQueueGenericSend  queue.o
    0x0001232a   0x0001232a   0x00000002   PAD
    0x0001232c   0x0001232c   0x0000019a   Code   RO          792    .text.xQueueReceive  queue.o
    0x000124c6   0x000124c6   0x00000002   PAD
    0x000124c8   0x000124c8   0x000001ba   Code   RO          794    .text.xQueueSemaphoreTake  queue.o
    0x00012682   0x00012682   0x00000002   PAD
    0x00012684   0x00012684   0x0000009c   Code   RO          975    .text.xTaskCheckForTimeOut  tasks.o
    0x00012720   0x00012720   0x000000e0   Code   RO          903    .text.xTaskCreateStatic  tasks.o
    0x00012800   0x00012800   0x00000024   Code   RO          987    .text.xTaskGetSchedulerState  tasks.o
    0x00012824   0x00012824   0x0000000c   Code   RO          949    .text.xTaskGetTickCount  tasks.o
    0x00012830   0x00012830   0x000001a6   Code   RO          947    .text.xTaskIncrementTick  tasks.o
    0x000129d6   0x000129d6   0x00000002   PAD
    0x000129d8   0x000129d8   0x000000c0   Code   RO          991    .text.xTaskPriorityDisinherit  tasks.o
    0x00012a98   0x00012a98   0x000000a0   Code   RO          989    .text.xTaskPriorityInherit  tasks.o
    0x00012b38   0x00012b38   0x000000f2   Code   RO          967    .text.xTaskRemoveFromEventList  tasks.o
    0x00012c2a   0x00012c2a   0x00000002   PAD
    0x00012c2c   0x00012c2c   0x00000198   Code   RO          919    .text.xTaskResumeAll  tasks.o
    0x00012dc4   0x00012dc4   0x0000007c   Code   RO         1050    .text.xTimerCreateTimerTask  timers.o
    0x00012e40   0x00012e40   0x00000020   Code   RO         2060    i.__0printf         mc_w.l(printfa.o)
    0x00012e60   0x00012e60   0x00000028   Code   RO         2062    i.__0sprintf        mc_w.l(printfa.o)
    0x00012e88   0x00012e88   0x00000030   Code   RO         2186    i.__ARM_fpclassify  m_wm.l(fpclassify.o)
    0x00012eb8   0x00012eb8   0x00000008   Code   RO         2255    i.__aeabi_errno_addr  mc_w.l(errno.o)
    0x00012ec0   0x00012ec0   0x000002d8   Code   RO         2159    i.__hardfp_atan     m_wm.l(atan.o)
    0x00013198   0x00013198   0x00000200   Code   RO         1780    i.__hardfp_atan2    m_wm.l(atan2.o)
    0x00013398   0x00013398   0x0000016c   Code   RO         1786    i.__hardfp_logf     m_wm.l(logf.o)
    0x00013504   0x00013504   0x00000004   PAD
    0x00013508   0x00013508   0x00000c60   Code   RO         1793    i.__hardfp_pow      m_wm.l(pow.o)
    0x00014168   0x00014168   0x0000007a   Code   RO         1800    i.__hardfp_sqrt     m_wm.l(sqrt.o)
    0x000141e2   0x000141e2   0x000000f8   Code   RO         2202    i.__kernel_poly     m_wm.l(poly.o)
    0x000142da   0x000142da   0x00000006   PAD
    0x000142e0   0x000142e0   0x00000030   Code   RO         2166    i.__mathlib_dbl_divzero  m_wm.l(dunder.o)
    0x00014310   0x00014310   0x00000014   Code   RO         2167    i.__mathlib_dbl_infnan  m_wm.l(dunder.o)
    0x00014324   0x00014324   0x00000014   Code   RO         2168    i.__mathlib_dbl_infnan2  m_wm.l(dunder.o)
    0x00014338   0x00014338   0x00000020   Code   RO         2169    i.__mathlib_dbl_invalid  m_wm.l(dunder.o)
    0x00014358   0x00014358   0x00000020   Code   RO         2170    i.__mathlib_dbl_overflow  m_wm.l(dunder.o)
    0x00014378   0x00014378   0x00000020   Code   RO         2172    i.__mathlib_dbl_underflow  m_wm.l(dunder.o)
    0x00014398   0x00014398   0x00000014   Code   RO         2188    i.__mathlib_flt_divzero  m_wm.l(funder.o)
    0x000143ac   0x000143ac   0x00000006   Code   RO         2189    i.__mathlib_flt_infnan  m_wm.l(funder.o)
    0x000143b2   0x000143b2   0x00000002   PAD
    0x000143b4   0x000143b4   0x00000010   Code   RO         2191    i.__mathlib_flt_invalid  m_wm.l(funder.o)
    0x000143c4   0x000143c4   0x0000000c   Code   RO         2257    i.__set_errno       mc_w.l(errno.o)
    0x000143d0   0x000143d0   0x00000184   Code   RO         2067    i._fp_digits        mc_w.l(printfa.o)
    0x00014554   0x00014554   0x0000000e   Code   RO         2125    i._is_digit         mc_w.l(scanf_fp.o)
    0x00014562   0x00014562   0x00000002   PAD
    0x00014564   0x00014564   0x000006dc   Code   RO         2068    i._printf_core      mc_w.l(printfa.o)
    0x00014c40   0x00014c40   0x00000024   Code   RO         2069    i._printf_post_padding  mc_w.l(printfa.o)
    0x00014c64   0x00014c64   0x0000002e   Code   RO         2070    i._printf_pre_padding  mc_w.l(printfa.o)
    0x00014c92   0x00014c92   0x0000000a   Code   RO         2072    i._sputc            mc_w.l(printfa.o)
    0x00014c9c   0x00014c9c   0x00000010   Code   RO         2161    i.atan              m_wm.l(atan.o)
    0x00014cac   0x00014cac   0x00000018   Code   RO         2182    i.fabs              m_wm.l(fabs.o)
    0x00014cc4   0x00014cc4   0x00000024   Code   RO         1808    i.puts              mc_w.l(puts.o)
    0x00014ce8   0x00014ce8   0x0000006e   Code   RO         1802    i.sqrt              m_wm.l(sqrt.o)
    0x00014d56   0x00014d56   0x00000002   PAD
    0x00014d58   0x00014d58   0x00000040   Data   RO         1789    .constdata          m_wm.l(logf.o)
    0x00014d98   0x00014d98   0x00000088   Data   RO         1796    .constdata          m_wm.l(pow.o)
    0x00014e20   0x00014e20   0x00000098   Data   RO         2162    .constdata          m_wm.l(atan.o)
    0x00014eb8   0x00014eb8   0x00000008   Data   RO         2204    .constdata          m_wm.l(qnan.o)
    0x00014ec0   0x00014ec0   0x00000081   Data   RO         2226    .constdata          mc_w.l(ctype_o.o)
    0x00014f41   0x00014f41   0x00000003   PAD
    0x00014f44   0x00014f44   0x00000004   Data   RO         2227    .constdata          mc_w.l(ctype_o.o)
    0x00014f48   0x00014f48   0x00000004   Data   RO         1660    .rodata.Car_Thread_parameters  car_thread.o
    0x00014f4c   0x00014f4c   0x00000004   Data   RO         1676    .rodata.LED_Thread_parameters  led_thread.o
    0x00014f50   0x00014f50   0x00000193   Data   RO          468    .rodata.LED_data    my_led.o
    0x000150e3   0x000150e3   0x00000032   Data   RO          351    .rodata.Morse_data  my_buzzer.o
    0x00015115   0x00015115   0x000005f0   Data   RO          343    .rodata.OLED_F8x16  my_oled_font.o
    0x00015705   0x00015705   0x00000003   PAD
    0x00015708   0x00015708   0x00000004   Data   RO         1705    .rodata.Show_Thread_parameters  show_thread.o
    0x0001570c   0x0001570c   0x00000080   Data   RO         1300    .rodata.copy_list   bsp_linker.o
    0x0001578c   0x0001578c   0x00000010   Data   RO         1629    .rodata.g_adc5      car_thread.o
    0x0001579c   0x0001579c   0x00000030   Data   RO         1626    .rodata.g_adc5_cfg  car_thread.o
    0x000157cc   0x000157cc   0x00000028   Data   RO         1625    .rodata.g_adc5_cfg_extend  car_thread.o
    0x000157f4   0x000157f4   0x00000018   Data   RO         1627    .rodata.g_adc5_channel_cfg  car_thread.o
    0x0001580c   0x0001580c   0x00000034   Data   RO         1346    .rodata.g_adc_on_adc  r_adc.o
    0x00015840   0x00015840   0x0000000c   Data   RO         1768    .rodata.g_bsp_pin_cfg  pin_data.o
    0x0001584c   0x0001584c   0x00000138   Data   RO         1767    .rodata.g_bsp_pin_cfg_data  pin_data.o
    0x00015984   0x00015984   0x0000000c   Data   RO         1700    .rodata.g_i2c4      show_thread.o
    0x00015990   0x00015990   0x00000038   Data   RO         1698    .rodata.g_i2c4_cfg  show_thread.o
    0x000159c8   0x000159c8   0x00000006   Data   RO         1697    .rodata.g_i2c4_cfg_extend  show_thread.o
    0x000159ce   0x000159ce   0x00000002   PAD
    0x000159d0   0x000159d0   0x0000000c   Data   RO         1704    .rodata.g_i2c_1     show_thread.o
    0x000159dc   0x000159dc   0x00000038   Data   RO         1702    .rodata.g_i2c_1_cfg  show_thread.o
    0x00015a14   0x00015a14   0x00000010   Data   RO         1701    .rodata.g_i2c_1_extend  show_thread.o
    0x00015a24   0x00015a24   0x00000020   Data   RO         1450    .rodata.g_i2c_master_on_iic  r_iic_master.o
    0x00015a44   0x00015a44   0x00000020   Data   RO         1522    .rodata.g_i2c_master_on_sci  r_sci_i2c.o
    0x00015a64   0x00015a64   0x00000018   Data   RO         1302    .rodata.g_init_info  bsp_linker.o
    0x00015a7c   0x00015a7c   0x0000005c   Data   RO         1775    .rodata.g_interrupt_event_link_select  vector_data.o
    0x00015ad8   0x00015ad8   0x0000000c   Data   RO         1720    .rodata.g_ioport    common_data.o
    0x00015ae4   0x00015ae4   0x00000034   Data   RO         1489    .rodata.g_ioport_on_ioport  r_ioport.o
    0x00015b18   0x00015b18   0x0000000a   Data   RO         1244    .rodata.g_prcr_masks  bsp_register_protection.o
    0x00015b22   0x00015b22   0x00000002   PAD
    0x00015b24   0x00015b24   0x0000000c   Data   RO         1659    .rodata.g_timer0    car_thread.o
    0x00015b30   0x00015b30   0x00000024   Data   RO         1657    .rodata.g_timer0_cfg  car_thread.o
    0x00015b54   0x00015b54   0x00000080   Data   RO         1656    .rodata.g_timer0_extend  car_thread.o
    0x00015bd4   0x00015bd4   0x0000000c   Data   RO         1624    .rodata.g_timer1    car_thread.o
    0x00015be0   0x00015be0   0x00000024   Data   RO         1622    .rodata.g_timer1_cfg  car_thread.o
    0x00015c04   0x00015c04   0x00000080   Data   RO         1621    .rodata.g_timer1_extend  car_thread.o
    0x00015c84   0x00015c84   0x0000000c   Data   RO         1655    .rodata.g_timer4    car_thread.o
    0x00015c90   0x00015c90   0x00000024   Data   RO         1653    .rodata.g_timer4_cfg  car_thread.o
    0x00015cb4   0x00015cb4   0x00000080   Data   RO         1652    .rodata.g_timer4_extend  car_thread.o
    0x00015d34   0x00015d34   0x0000000c   Data   RO         1651    .rodata.g_timer5    car_thread.o
    0x00015d40   0x00015d40   0x00000024   Data   RO         1649    .rodata.g_timer5_cfg  car_thread.o
    0x00015d64   0x00015d64   0x00000080   Data   RO         1648    .rodata.g_timer5_extend  car_thread.o
    0x00015de4   0x00015de4   0x0000000c   Data   RO         1642    .rodata.g_timer6    car_thread.o
    0x00015df0   0x00015df0   0x00000024   Data   RO         1640    .rodata.g_timer6_cfg  car_thread.o
    0x00015e14   0x00015e14   0x00000080   Data   RO         1639    .rodata.g_timer6_extend  car_thread.o
    0x00015e94   0x00015e94   0x0000000c   Data   RO         1633    .rodata.g_timer7    car_thread.o
    0x00015ea0   0x00015ea0   0x00000024   Data   RO         1631    .rodata.g_timer7_cfg  car_thread.o
    0x00015ec4   0x00015ec4   0x00000080   Data   RO         1630    .rodata.g_timer7_extend  car_thread.o
    0x00015f44   0x00015f44   0x00000034   Data   RO         1411    .rodata.g_timer_on_gpt  r_gpt.o
    0x00015f78   0x00015f78   0x0000000c   Data   RO         1647    .rodata.g_uart5     car_thread.o
    0x00015f84   0x00015f84   0x00000044   Data   RO         1645    .rodata.g_uart5_cfg  car_thread.o
    0x00015fc8   0x00015fc8   0x0000002c   Data   RO         1644    .rodata.g_uart5_cfg_extend  car_thread.o
    0x00015ff4   0x00015ff4   0x0000000c   Data   RO         1733    .rodata.g_uart7     hal_data.o
    0x00016000   0x00016000   0x00000044   Data   RO         1731    .rodata.g_uart7_cfg  hal_data.o
    0x00016044   0x00016044   0x0000002c   Data   RO         1730    .rodata.g_uart7_cfg_extend  hal_data.o
    0x00016070   0x00016070   0x0000000c   Data   RO         1696    .rodata.g_uart8     show_thread.o
    0x0001607c   0x0001607c   0x00000044   Data   RO         1694    .rodata.g_uart8_cfg  show_thread.o
    0x000160c0   0x000160c0   0x0000002c   Data   RO         1693    .rodata.g_uart8_cfg_extend  show_thread.o
    0x000160ec   0x000160ec   0x0000000c   Data   RO         1638    .rodata.g_uart9     car_thread.o
    0x000160f8   0x000160f8   0x00000044   Data   RO         1636    .rodata.g_uart9_cfg  car_thread.o
    0x0001613c   0x0001613c   0x0000002c   Data   RO         1635    .rodata.g_uart9_cfg_extend  car_thread.o
    0x00016168   0x00016168   0x0000002c   Data   RO         1565    .rodata.g_uart_on_sci  r_sci_uart.o
    0x00016194   0x00016194   0x00000004   Data   RO         1266    .rodata.gp_ddsc_DATA_FLASH_END  bsp_linker.o
    0x00016198   0x00016198   0x00000004   Data   RO         1265    .rodata.gp_ddsc_DATA_FLASH_START  bsp_linker.o
    0x0001619c   0x0001619c   0x00000004   Data   RO         1268    .rodata.gp_ddsc_FLASH_END  bsp_linker.o
    0x000161a0   0x000161a0   0x00000004   Data   RO         1269    .rodata.gp_ddsc_FLASH_NSC  bsp_linker.o
    0x000161a4   0x000161a4   0x00000004   Data   RO         1267    .rodata.gp_ddsc_FLASH_START  bsp_linker.o
    0x000161a8   0x000161a8   0x00000004   Data   RO         1280    .rodata.gp_ddsc_OPTION_SETTING_BANKSEL_END  bsp_linker.o
    0x000161ac   0x000161ac   0x00000004   Data   RO         1288    .rodata.gp_ddsc_OPTION_SETTING_BANKSEL_SEC_END  bsp_linker.o
    0x000161b0   0x000161b0   0x00000004   Data   RO         1287    .rodata.gp_ddsc_OPTION_SETTING_BANKSEL_SEC_START  bsp_linker.o
    0x000161b4   0x000161b4   0x00000004   Data   RO         1296    .rodata.gp_ddsc_OPTION_SETTING_BANKSEL_SEL_END  bsp_linker.o
    0x000161b8   0x000161b8   0x00000004   Data   RO         1295    .rodata.gp_ddsc_OPTION_SETTING_BANKSEL_SEL_START  bsp_linker.o
    0x000161bc   0x000161bc   0x00000004   Data   RO         1279    .rodata.gp_ddsc_OPTION_SETTING_BANKSEL_START  bsp_linker.o
    0x000161c0   0x000161c0   0x00000004   Data   RO         1282    .rodata.gp_ddsc_OPTION_SETTING_BPS_END  bsp_linker.o
    0x000161c4   0x000161c4   0x00000004   Data   RO         1290    .rodata.gp_ddsc_OPTION_SETTING_BPS_SEC_END  bsp_linker.o
    0x000161c8   0x000161c8   0x00000004   Data   RO         1289    .rodata.gp_ddsc_OPTION_SETTING_BPS_SEC_START  bsp_linker.o
    0x000161cc   0x000161cc   0x00000004   Data   RO         1298    .rodata.gp_ddsc_OPTION_SETTING_BPS_SEL_END  bsp_linker.o
    0x000161d0   0x000161d0   0x00000004   Data   RO         1297    .rodata.gp_ddsc_OPTION_SETTING_BPS_SEL_START  bsp_linker.o
    0x000161d4   0x000161d4   0x00000004   Data   RO         1281    .rodata.gp_ddsc_OPTION_SETTING_BPS_START  bsp_linker.o
    0x000161d8   0x000161d8   0x00000004   Data   RO         1276    .rodata.gp_ddsc_OPTION_SETTING_DUALSEL_END  bsp_linker.o
    0x000161dc   0x000161dc   0x00000004   Data   RO         1275    .rodata.gp_ddsc_OPTION_SETTING_DUALSEL_START  bsp_linker.o
    0x000161e0   0x000161e0   0x00000004   Data   RO         1274    .rodata.gp_ddsc_OPTION_SETTING_OFS0_END  bsp_linker.o
    0x000161e4   0x000161e4   0x00000004   Data   RO         1273    .rodata.gp_ddsc_OPTION_SETTING_OFS0_START  bsp_linker.o
    0x000161e8   0x000161e8   0x00000004   Data   RO         1278    .rodata.gp_ddsc_OPTION_SETTING_OFS1_END  bsp_linker.o
    0x000161ec   0x000161ec   0x00000004   Data   RO         1286    .rodata.gp_ddsc_OPTION_SETTING_OFS1_SEC_END  bsp_linker.o
    0x000161f0   0x000161f0   0x00000004   Data   RO         1285    .rodata.gp_ddsc_OPTION_SETTING_OFS1_SEC_START  bsp_linker.o
    0x000161f4   0x000161f4   0x00000004   Data   RO         1294    .rodata.gp_ddsc_OPTION_SETTING_OFS1_SEL_END  bsp_linker.o
    0x000161f8   0x000161f8   0x00000004   Data   RO         1293    .rodata.gp_ddsc_OPTION_SETTING_OFS1_SEL_START  bsp_linker.o
    0x000161fc   0x000161fc   0x00000004   Data   RO         1277    .rodata.gp_ddsc_OPTION_SETTING_OFS1_START  bsp_linker.o
    0x00016200   0x00016200   0x00000004   Data   RO         1284    .rodata.gp_ddsc_OPTION_SETTING_PBPS_END  bsp_linker.o
    0x00016204   0x00016204   0x00000004   Data   RO         1292    .rodata.gp_ddsc_OPTION_SETTING_PBPS_SEC_END  bsp_linker.o
    0x00016208   0x00016208   0x00000004   Data   RO         1291    .rodata.gp_ddsc_OPTION_SETTING_PBPS_SEC_START  bsp_linker.o
    0x0001620c   0x0001620c   0x00000004   Data   RO         1283    .rodata.gp_ddsc_OPTION_SETTING_PBPS_START  bsp_linker.o
    0x00016210   0x00016210   0x00000004   Data   RO         1264    .rodata.gp_ddsc_OSPI0_CS0_END  bsp_linker.o
    0x00016214   0x00016214   0x00000004   Data   RO         1263    .rodata.gp_ddsc_OSPI0_CS0_START  bsp_linker.o
    0x00016218   0x00016218   0x00000004   Data   RO         1262    .rodata.gp_ddsc_OSPI0_CS1_END  bsp_linker.o
    0x0001621c   0x0001621c   0x00000004   Data   RO         1261    .rodata.gp_ddsc_OSPI0_CS1_START  bsp_linker.o
    0x00016220   0x00016220   0x00000004   Data   RO         1260    .rodata.gp_ddsc_QSPI_FLASH_END  bsp_linker.o
    0x00016224   0x00016224   0x00000004   Data   RO         1259    .rodata.gp_ddsc_QSPI_FLASH_START  bsp_linker.o
    0x00016228   0x00016228   0x00000004   Data   RO         1271    .rodata.gp_ddsc_RAM_END  bsp_linker.o
    0x0001622c   0x0001622c   0x00000004   Data   RO         1272    .rodata.gp_ddsc_RAM_NSC  bsp_linker.o
    0x00016230   0x00016230   0x00000004   Data   RO         1270    .rodata.gp_ddsc_RAM_START  bsp_linker.o
    0x00016234   0x00016234   0x00000010   Data   RO          342    .rodata.my_F8x16    my_oled_font.o
    0x00016244   0x00016244   0x00000010   Data   RO         1301    .rodata.nocache_list  bsp_linker.o
    0x00016254   0x00016254   0x00000044   Data   RO          404    .rodata.str1.1      eeprom.o
    0x00016298   0x00016298   0x0000056d   Data   RO          438    .rodata.str1.1      hc_04.o
    0x00016805   0x00016805   0x00000106   Data   RO          564    .rodata.str1.1      user_show.o
    0x0001690b   0x0001690b   0x000002e0   Data   RO          752    .rodata.str1.1      heap_4.o
    0x00016beb   0x00016beb   0x000002d7   Data   RO          836    .rodata.str1.1      queue.o
    0x00016ec2   0x00016ec2   0x00000222   Data   RO         1026    .rodata.str1.1      tasks.o
    0x000170e4   0x000170e4   0x00000064   Data   RO         1100    .rodata.str1.1      timers.o
    0x00017148   0x00017148   0x0000009d   Data   RO         1606    .rodata.str1.1      port.o
    0x000171e5   0x000171e5   0x00000003   PAD
    0x000171e8   0x000171e8   0x00000004   Data   RO         1035    .rodata.uxTopUsedPriority  tasks.o
    0x000171ec   0x000171ec   0x00000030   Data   RO         1299    .rodata.zero_list   bsp_linker.o
    0x0001721c   0x0001721c   0x00000004   Data   RO         1182    .version            bsp_common.o
    0x00017220   0x00017220   0x00000006   Data   RO         1183    .version            bsp_common.o
    0x00017226   0x00017226   0x00000044   Data   RO         1184    .version            bsp_common.o


    Execution Region __init_array_start (Exec base: 0x0001726c, Load base: 0x0001726c, Size: 0x00000000, Max: 0x00000000, ABSOLUTE)

    Exec Addr    Load Addr    Size         Type   Attr      Idx    E Section Name        Object

    0x0001726c        -       0x00000000   Zero   RW           50    __init_array_start.bss  anon$$obj.o


    Execution Region __flash_init_array (Exec base: 0x0001726c, Load base: 0x0001726c, Size: 0x00000000, Max: 0xffffffff, ABSOLUTE, FIXED)

    **** No section assigned to this execution region ****


    Execution Region __init_array_end (Exec base: 0x0001726c, Load base: 0x0001726c, Size: 0x00000000, Max: 0x00000000, ABSOLUTE)

    Exec Addr    Load Addr    Size         Type   Attr      Idx    E Section Name        Object

    0x0001726c        -       0x00000000   Zero   RW           51    __init_array_end.bss  anon$$obj.o


    Execution Region __ddsc_FLASH_END (Exec base: 0x00017400, Load base: 0x0001726c, Size: 0x00000000, Max: 0x00000000, ABSOLUTE)

    Exec Addr    Load Addr    Size         Type   Attr      Idx    E Section Name        Object

    0x00017400        -       0x00000000   Zero   RW           52    __ddsc_FLASH_END.bss  anon$$obj.o


    Execution Region .flash.endof (Exec base: 0x00017400, Load base: 0x0001726c, Size: 0x00000000, Max: 0x00000000, ABSOLUTE)

    Exec Addr    Load Addr    Size         Type   Attr      Idx    E Section Name        Object

    0x00017400        -       0x00000000   Zero   RW           53    .flash.endof.bss    anon$$obj.o


    Execution Region __ddsc_FLASH_NSC (Exec base: 0x00017400, Load base: 0x0001726c, Size: 0x00000000, Max: 0x00000000, ABSOLUTE)

    Exec Addr    Load Addr    Size         Type   Attr      Idx    E Section Name        Object

    0x00017400        -       0x00000000   Zero   RW           54    __ddsc_FLASH_NSC.bss  anon$$obj.o


    Execution Region .flash.flat_nsc (Exec base: 0x00017400, Load base: 0x0001726c, Size: 0x00000000, Max: 0x00000000, ABSOLUTE)

    Exec Addr    Load Addr    Size         Type   Attr      Idx    E Section Name        Object

    0x00017400        -       0x00000000   Zero   RW           55    .flash.flat_nsc.bss  anon$$obj.o


    Execution Region __FLASH_end (Exec base: 0x00017400, Load base: 0x0001726c, Size: 0x00000000, Max: 0x00000000, ABSOLUTE)

    Exec Addr    Load Addr    Size         Type   Attr      Idx    E Section Name        Object

    0x00017400        -       0x00000000   Zero   RW           56    __FLASH_end.bss     anon$$obj.o



  Load Region LOAD_REGION_OPTION_SETTING_OFS0 (Base: 0x0100a100, Size: 0x00000004, Max: 0x00000004, ABSOLUTE)

    Execution Region __OPTION_SETTING_OFS0_start (Exec base: 0x0100a100, Load base: 0x0100a100, Size: 0x00000000, Max: 0x00000000, ABSOLUTE)

    Exec Addr    Load Addr    Size         Type   Attr      Idx    E Section Name        Object

    0x0100a100        -       0x00000000   Zero   RW           57    __OPTION_SETTING_OFS0_start.bss  anon$$obj.o


    Execution Region __OPTION_SETTING_OFS0_init (Exec base: 0x0100a100, Load base: 0x0100a100, Size: 0x00000000, Max: 0x00000000, ABSOLUTE)

    Exec Addr    Load Addr    Size         Type   Attr      Idx    E Section Name        Object

    0x0100a100        -       0x00000000   Zero   RW           58    __OPTION_SETTING_OFS0_init.bss  anon$$obj.o


    Execution Region __ddsc_OPTION_SETTING_OFS0_START (Exec base: 0x0100a100, Load base: 0x0100a100, Size: 0x00000000, Max: 0x00000000, ABSOLUTE)

    Exec Addr    Load Addr    Size         Type   Attr      Idx    E Section Name        Object

    0x0100a100        -       0x00000000   Zero   RW           59    __ddsc_OPTION_SETTING_OFS0_START.bss  anon$$obj.o


    Execution Region .option_setting_ofs0.startof (Exec base: 0x0100a100, Load base: 0x0100a100, Size: 0x00000000, Max: 0x00000000, ABSOLUTE)

    Exec Addr    Load Addr    Size         Type   Attr      Idx    E Section Name        Object

    0x0100a100        -       0x00000000   Zero   RW           60    .option_setting_ofs0.startof.bss  anon$$obj.o


    Execution Region __option_setting_ofs0_reg (Exec base: 0x0100a100, Load base: 0x0100a100, Size: 0x00000004, Max: 0xffffffff, ABSOLUTE, FIXED)

    Exec Addr    Load Addr    Size         Type   Attr      Idx    E Section Name        Object

    0x0100a100   0x0100a100   0x00000004   Data   RO         1256    .option_setting_ofs0  bsp_linker.o


    Execution Region __ddsc_OPTION_SETTING_OFS0_END (Exec base: 0x0100a104, Load base: 0x0100a104, Size: 0x00000000, Max: 0x00000000, ABSOLUTE)

    Exec Addr    Load Addr    Size         Type   Attr      Idx    E Section Name        Object

    0x0100a104        -       0x00000000   Zero   RW           61    __ddsc_OPTION_SETTING_OFS0_END.bss  anon$$obj.o


    Execution Region .option_setting_ofs0.endof (Exec base: 0x0100a104, Load base: 0x0100a104, Size: 0x00000000, Max: 0x00000000, ABSOLUTE)

    Exec Addr    Load Addr    Size         Type   Attr      Idx    E Section Name        Object

    0x0100a104        -       0x00000000   Zero   RW           62    .option_setting_ofs0.endof.bss  anon$$obj.o


    Execution Region __OPTION_SETTING_OFS0_end (Exec base: 0x0100a104, Load base: 0x0100a104, Size: 0x00000000, Max: 0x00000000, ABSOLUTE)

    Exec Addr    Load Addr    Size         Type   Attr      Idx    E Section Name        Object

    0x0100a104        -       0x00000000   Zero   RW           63    __OPTION_SETTING_OFS0_end.bss  anon$$obj.o



  Load Region LOAD_REGION_OPTION_SETTING_DUALSEL (Base: 0x0100a110, Size: 0x00000000, Max: 0x00000004, ABSOLUTE)

    Execution Region __OPTION_SETTING_DUALSEL_start (Exec base: 0x0100a110, Load base: 0x0100a110, Size: 0x00000000, Max: 0x00000000, ABSOLUTE)

    Exec Addr    Load Addr    Size         Type   Attr      Idx    E Section Name        Object

    0x0100a110        -       0x00000000   Zero   RW           64    __OPTION_SETTING_DUALSEL_start.bss  anon$$obj.o


    Execution Region __OPTION_SETTING_DUALSEL_init (Exec base: 0x0100a110, Load base: 0x0100a110, Size: 0x00000000, Max: 0x00000000, ABSOLUTE)

    Exec Addr    Load Addr    Size         Type   Attr      Idx    E Section Name        Object

    0x0100a110        -       0x00000000   Zero   RW           65    __OPTION_SETTING_DUALSEL_init.bss  anon$$obj.o


    Execution Region __ddsc_OPTION_SETTING_DUALSEL_START (Exec base: 0x0100a110, Load base: 0x0100a110, Size: 0x00000000, Max: 0x00000000, ABSOLUTE)

    Exec Addr    Load Addr    Size         Type   Attr      Idx    E Section Name        Object

    0x0100a110        -       0x00000000   Zero   RW           66    __ddsc_OPTION_SETTING_DUALSEL_START.bss  anon$$obj.o


    Execution Region .option_setting_dualsel.startof (Exec base: 0x0100a110, Load base: 0x0100a110, Size: 0x00000000, Max: 0x00000000, ABSOLUTE)

    Exec Addr    Load Addr    Size         Type   Attr      Idx    E Section Name        Object

    0x0100a110        -       0x00000000   Zero   RW           67    .option_setting_dualsel.startof.bss  anon$$obj.o


    Execution Region __option_setting_dualsel_reg (Exec base: 0x0100a110, Load base: 0x0100a110, Size: 0x00000000, Max: 0xffffffff, ABSOLUTE, FIXED)

    **** No section assigned to this execution region ****


    Execution Region __ddsc_OPTION_SETTING_DUALSEL_END (Exec base: 0x0100a110, Load base: 0x0100a110, Size: 0x00000000, Max: 0x00000000, ABSOLUTE)

    Exec Addr    Load Addr    Size         Type   Attr      Idx    E Section Name        Object

    0x0100a110        -       0x00000000   Zero   RW           68    __ddsc_OPTION_SETTING_DUALSEL_END.bss  anon$$obj.o


    Execution Region .option_setting_dualsel.endof (Exec base: 0x0100a110, Load base: 0x0100a110, Size: 0x00000000, Max: 0x00000000, ABSOLUTE)

    Exec Addr    Load Addr    Size         Type   Attr      Idx    E Section Name        Object

    0x0100a110        -       0x00000000   Zero   RW           69    .option_setting_dualsel.endof.bss  anon$$obj.o


    Execution Region __OPTION_SETTING_DUALSEL_end (Exec base: 0x0100a110, Load base: 0x0100a110, Size: 0x00000000, Max: 0x00000000, ABSOLUTE)

    Exec Addr    Load Addr    Size         Type   Attr      Idx    E Section Name        Object

    0x0100a110        -       0x00000000   Zero   RW           70    __OPTION_SETTING_DUALSEL_end.bss  anon$$obj.o



  Load Region LOAD_REGION_OPTION_SETTING_OFS1 (Base: 0x0100a180, Size: 0x00000000, Max: 0x00000004, ABSOLUTE)

    Execution Region __OPTION_SETTING_OFS1_start (Exec base: 0x0100a180, Load base: 0x0100a180, Size: 0x00000000, Max: 0x00000000, ABSOLUTE)

    Exec Addr    Load Addr    Size         Type   Attr      Idx    E Section Name        Object

    0x0100a180        -       0x00000000   Zero   RW           71    __OPTION_SETTING_OFS1_start.bss  anon$$obj.o


    Execution Region __OPTION_SETTING_OFS1_init (Exec base: 0x0100a180, Load base: 0x0100a180, Size: 0x00000000, Max: 0x00000000, ABSOLUTE)

    Exec Addr    Load Addr    Size         Type   Attr      Idx    E Section Name        Object

    0x0100a180        -       0x00000000   Zero   RW           72    __OPTION_SETTING_OFS1_init.bss  anon$$obj.o


    Execution Region __ddsc_OPTION_SETTING_OFS1_START (Exec base: 0x0100a180, Load base: 0x0100a180, Size: 0x00000000, Max: 0x00000000, ABSOLUTE)

    Exec Addr    Load Addr    Size         Type   Attr      Idx    E Section Name        Object

    0x0100a180        -       0x00000000   Zero   RW           73    __ddsc_OPTION_SETTING_OFS1_START.bss  anon$$obj.o


    Execution Region .option_setting_ofs1.startof (Exec base: 0x0100a180, Load base: 0x0100a180, Size: 0x00000000, Max: 0x00000000, ABSOLUTE)

    Exec Addr    Load Addr    Size         Type   Attr      Idx    E Section Name        Object

    0x0100a180        -       0x00000000   Zero   RW           74    .option_setting_ofs1.startof.bss  anon$$obj.o


    Execution Region __option_setting_ofs1_reg (Exec base: 0x0100a180, Load base: 0x0100a180, Size: 0x00000000, Max: 0xffffffff, ABSOLUTE, FIXED)

    **** No section assigned to this execution region ****


    Execution Region __ddsc_OPTION_SETTING_OFS1_END (Exec base: 0x0100a180, Load base: 0x0100a180, Size: 0x00000000, Max: 0x00000000, ABSOLUTE)

    Exec Addr    Load Addr    Size         Type   Attr      Idx    E Section Name        Object

    0x0100a180        -       0x00000000   Zero   RW           75    __ddsc_OPTION_SETTING_OFS1_END.bss  anon$$obj.o


    Execution Region .option_setting_ofs1.endof (Exec base: 0x0100a180, Load base: 0x0100a180, Size: 0x00000000, Max: 0x00000000, ABSOLUTE)

    Exec Addr    Load Addr    Size         Type   Attr      Idx    E Section Name        Object

    0x0100a180        -       0x00000000   Zero   RW           76    .option_setting_ofs1.endof.bss  anon$$obj.o


    Execution Region __OPTION_SETTING_OFS1_end (Exec base: 0x0100a180, Load base: 0x0100a180, Size: 0x00000000, Max: 0x00000000, ABSOLUTE)

    Exec Addr    Load Addr    Size         Type   Attr      Idx    E Section Name        Object

    0x0100a180        -       0x00000000   Zero   RW           77    __OPTION_SETTING_OFS1_end.bss  anon$$obj.o



  Load Region LOAD_REGION_OPTION_SETTING_BANKSEL (Base: 0x0100a190, Size: 0x00000000, Max: 0x00000004, ABSOLUTE)

    Execution Region __OPTION_SETTING_BANKSEL_start (Exec base: 0x0100a190, Load base: 0x0100a190, Size: 0x00000000, Max: 0x00000000, ABSOLUTE)

    Exec Addr    Load Addr    Size         Type   Attr      Idx    E Section Name        Object

    0x0100a190        -       0x00000000   Zero   RW           78    __OPTION_SETTING_BANKSEL_start.bss  anon$$obj.o


    Execution Region __OPTION_SETTING_BANKSEL_init (Exec base: 0x0100a190, Load base: 0x0100a190, Size: 0x00000000, Max: 0x00000000, ABSOLUTE)

    Exec Addr    Load Addr    Size         Type   Attr      Idx    E Section Name        Object

    0x0100a190        -       0x00000000   Zero   RW           79    __OPTION_SETTING_BANKSEL_init.bss  anon$$obj.o


    Execution Region __ddsc_OPTION_SETTING_BANKSEL_START (Exec base: 0x0100a190, Load base: 0x0100a190, Size: 0x00000000, Max: 0x00000000, ABSOLUTE)

    Exec Addr    Load Addr    Size         Type   Attr      Idx    E Section Name        Object

    0x0100a190        -       0x00000000   Zero   RW           80    __ddsc_OPTION_SETTING_BANKSEL_START.bss  anon$$obj.o


    Execution Region .option_setting_banksel.startof (Exec base: 0x0100a190, Load base: 0x0100a190, Size: 0x00000000, Max: 0x00000000, ABSOLUTE)

    Exec Addr    Load Addr    Size         Type   Attr      Idx    E Section Name        Object

    0x0100a190        -       0x00000000   Zero   RW           81    .option_setting_banksel.startof.bss  anon$$obj.o


    Execution Region __option_setting_banksel_reg (Exec base: 0x0100a190, Load base: 0x0100a190, Size: 0x00000000, Max: 0xffffffff, ABSOLUTE, FIXED)

    **** No section assigned to this execution region ****


    Execution Region __ddsc_OPTION_SETTING_BANKSEL_END (Exec base: 0x0100a190, Load base: 0x0100a190, Size: 0x00000000, Max: 0x00000000, ABSOLUTE)

    Exec Addr    Load Addr    Size         Type   Attr      Idx    E Section Name        Object

    0x0100a190        -       0x00000000   Zero   RW           82    __ddsc_OPTION_SETTING_BANKSEL_END.bss  anon$$obj.o


    Execution Region .option_setting_banksel.endof (Exec base: 0x0100a190, Load base: 0x0100a190, Size: 0x00000000, Max: 0x00000000, ABSOLUTE)

    Exec Addr    Load Addr    Size         Type   Attr      Idx    E Section Name        Object

    0x0100a190        -       0x00000000   Zero   RW           83    .option_setting_banksel.endof.bss  anon$$obj.o


    Execution Region __OPTION_SETTING_BANKSEL_end (Exec base: 0x0100a190, Load base: 0x0100a190, Size: 0x00000000, Max: 0x00000000, ABSOLUTE)

    Exec Addr    Load Addr    Size         Type   Attr      Idx    E Section Name        Object

    0x0100a190        -       0x00000000   Zero   RW           84    __OPTION_SETTING_BANKSEL_end.bss  anon$$obj.o



  Load Region LOAD_REGION_OPTION_SETTING_BPS (Base: 0x0100a1c0, Size: 0x00000000, Max: 0x00000010, ABSOLUTE)

    Execution Region __OPTION_SETTING_BPS_start (Exec base: 0x0100a1c0, Load base: 0x0100a1c0, Size: 0x00000000, Max: 0x00000000, ABSOLUTE)

    Exec Addr    Load Addr    Size         Type   Attr      Idx    E Section Name        Object

    0x0100a1c0        -       0x00000000   Zero   RW           85    __OPTION_SETTING_BPS_start.bss  anon$$obj.o


    Execution Region __OPTION_SETTING_BPS_init (Exec base: 0x0100a1c0, Load base: 0x0100a1c0, Size: 0x00000000, Max: 0x00000000, ABSOLUTE)

    Exec Addr    Load Addr    Size         Type   Attr      Idx    E Section Name        Object

    0x0100a1c0        -       0x00000000   Zero   RW           86    __OPTION_SETTING_BPS_init.bss  anon$$obj.o


    Execution Region __ddsc_OPTION_SETTING_BPS_START (Exec base: 0x0100a1c0, Load base: 0x0100a1c0, Size: 0x00000000, Max: 0x00000000, ABSOLUTE)

    Exec Addr    Load Addr    Size         Type   Attr      Idx    E Section Name        Object

    0x0100a1c0        -       0x00000000   Zero   RW           87    __ddsc_OPTION_SETTING_BPS_START.bss  anon$$obj.o


    Execution Region .option_setting_bps.startof (Exec base: 0x0100a1c0, Load base: 0x0100a1c0, Size: 0x00000000, Max: 0x00000000, ABSOLUTE)

    Exec Addr    Load Addr    Size         Type   Attr      Idx    E Section Name        Object

    0x0100a1c0        -       0x00000000   Zero   RW           88    .option_setting_bps.startof.bss  anon$$obj.o


    Execution Region __option_setting_bps_reg (Exec base: 0x0100a1c0, Load base: 0x0100a1c0, Size: 0x00000000, Max: 0xffffffff, ABSOLUTE, FIXED)

    **** No section assigned to this execution region ****


    Execution Region __ddsc_OPTION_SETTING_BPS_END (Exec base: 0x0100a1c0, Load base: 0x0100a1c0, Size: 0x00000000, Max: 0x00000000, ABSOLUTE)

    Exec Addr    Load Addr    Size         Type   Attr      Idx    E Section Name        Object

    0x0100a1c0        -       0x00000000   Zero   RW           89    __ddsc_OPTION_SETTING_BPS_END.bss  anon$$obj.o


    Execution Region .option_setting_bps.endof (Exec base: 0x0100a1c0, Load base: 0x0100a1c0, Size: 0x00000000, Max: 0x00000000, ABSOLUTE)

    Exec Addr    Load Addr    Size         Type   Attr      Idx    E Section Name        Object

    0x0100a1c0        -       0x00000000   Zero   RW           90    .option_setting_bps.endof.bss  anon$$obj.o


    Execution Region __OPTION_SETTING_BPS_end (Exec base: 0x0100a1c0, Load base: 0x0100a1c0, Size: 0x00000000, Max: 0x00000000, ABSOLUTE)

    Exec Addr    Load Addr    Size         Type   Attr      Idx    E Section Name        Object

    0x0100a1c0        -       0x00000000   Zero   RW           91    __OPTION_SETTING_BPS_end.bss  anon$$obj.o



  Load Region LOAD_REGION_OPTION_SETTING_PBPS (Base: 0x0100a1e0, Size: 0x00000000, Max: 0x00000010, ABSOLUTE)

    Execution Region __OPTION_SETTING_PBPS_start (Exec base: 0x0100a1e0, Load base: 0x0100a1e0, Size: 0x00000000, Max: 0x00000000, ABSOLUTE)

    Exec Addr    Load Addr    Size         Type   Attr      Idx    E Section Name        Object

    0x0100a1e0        -       0x00000000   Zero   RW           92    __OPTION_SETTING_PBPS_start.bss  anon$$obj.o


    Execution Region __OPTION_SETTING_PBPS_init (Exec base: 0x0100a1e0, Load base: 0x0100a1e0, Size: 0x00000000, Max: 0x00000000, ABSOLUTE)

    Exec Addr    Load Addr    Size         Type   Attr      Idx    E Section Name        Object

    0x0100a1e0        -       0x00000000   Zero   RW           93    __OPTION_SETTING_PBPS_init.bss  anon$$obj.o


    Execution Region __ddsc_OPTION_SETTING_PBPS_START (Exec base: 0x0100a1e0, Load base: 0x0100a1e0, Size: 0x00000000, Max: 0x00000000, ABSOLUTE)

    Exec Addr    Load Addr    Size         Type   Attr      Idx    E Section Name        Object

    0x0100a1e0        -       0x00000000   Zero   RW           94    __ddsc_OPTION_SETTING_PBPS_START.bss  anon$$obj.o


    Execution Region .option_setting_pbps.startof (Exec base: 0x0100a1e0, Load base: 0x0100a1e0, Size: 0x00000000, Max: 0x00000000, ABSOLUTE)

    Exec Addr    Load Addr    Size         Type   Attr      Idx    E Section Name        Object

    0x0100a1e0        -       0x00000000   Zero   RW           95    .option_setting_pbps.startof.bss  anon$$obj.o


    Execution Region __option_setting_pbps_reg (Exec base: 0x0100a1e0, Load base: 0x0100a1e0, Size: 0x00000000, Max: 0xffffffff, ABSOLUTE, FIXED)

    **** No section assigned to this execution region ****


    Execution Region __ddsc_OPTION_SETTING_PBPS_END (Exec base: 0x0100a1e0, Load base: 0x0100a1e0, Size: 0x00000000, Max: 0x00000000, ABSOLUTE)

    Exec Addr    Load Addr    Size         Type   Attr      Idx    E Section Name        Object

    0x0100a1e0        -       0x00000000   Zero   RW           96    __ddsc_OPTION_SETTING_PBPS_END.bss  anon$$obj.o


    Execution Region .option_setting_pbps.endof (Exec base: 0x0100a1e0, Load base: 0x0100a1e0, Size: 0x00000000, Max: 0x00000000, ABSOLUTE)

    Exec Addr    Load Addr    Size         Type   Attr      Idx    E Section Name        Object

    0x0100a1e0        -       0x00000000   Zero   RW           97    .option_setting_pbps.endof.bss  anon$$obj.o


    Execution Region __OPTION_SETTING_PBPS_end (Exec base: 0x0100a1e0, Load base: 0x0100a1e0, Size: 0x00000000, Max: 0x00000000, ABSOLUTE)

    Exec Addr    Load Addr    Size         Type   Attr      Idx    E Section Name        Object

    0x0100a1e0        -       0x00000000   Zero   RW           98    __OPTION_SETTING_PBPS_end.bss  anon$$obj.o



  Load Region LOAD_REGION_OPTION_SETTING_OFS1_SEC (Base: 0x0100a200, Size: 0x00000004, Max: 0x00000004, ABSOLUTE)

    Execution Region __OPTION_SETTING_OFS1_SEC_start (Exec base: 0x0100a200, Load base: 0x0100a200, Size: 0x00000000, Max: 0x00000000, ABSOLUTE)

    Exec Addr    Load Addr    Size         Type   Attr      Idx    E Section Name        Object

    0x0100a200        -       0x00000000   Zero   RW           99    __OPTION_SETTING_OFS1_SEC_start.bss  anon$$obj.o


    Execution Region __OPTION_SETTING_OFS1_SEC_init (Exec base: 0x0100a200, Load base: 0x0100a200, Size: 0x00000000, Max: 0x00000000, ABSOLUTE)

    Exec Addr    Load Addr    Size         Type   Attr      Idx    E Section Name        Object

    0x0100a200        -       0x00000000   Zero   RW          100    __OPTION_SETTING_OFS1_SEC_init.bss  anon$$obj.o


    Execution Region __ddsc_OPTION_SETTING_OFS1_SEC_START (Exec base: 0x0100a200, Load base: 0x0100a200, Size: 0x00000000, Max: 0x00000000, ABSOLUTE)

    Exec Addr    Load Addr    Size         Type   Attr      Idx    E Section Name        Object

    0x0100a200        -       0x00000000   Zero   RW          101    __ddsc_OPTION_SETTING_OFS1_SEC_START.bss  anon$$obj.o


    Execution Region .option_setting_ofs1_sec.startof (Exec base: 0x0100a200, Load base: 0x0100a200, Size: 0x00000000, Max: 0x00000000, ABSOLUTE)

    Exec Addr    Load Addr    Size         Type   Attr      Idx    E Section Name        Object

    0x0100a200        -       0x00000000   Zero   RW          102    .option_setting_ofs1_sec.startof.bss  anon$$obj.o


    Execution Region __option_setting_ofs1_sec_reg (Exec base: 0x0100a200, Load base: 0x0100a200, Size: 0x00000004, Max: 0xffffffff, ABSOLUTE, FIXED)

    Exec Addr    Load Addr    Size         Type   Attr      Idx    E Section Name        Object

    0x0100a200   0x0100a200   0x00000004   Data   RO         1257    .option_setting_ofs1_sec  bsp_linker.o


    Execution Region __ddsc_OPTION_SETTING_OFS1_SEC_END (Exec base: 0x0100a204, Load base: 0x0100a204, Size: 0x00000000, Max: 0x00000000, ABSOLUTE)

    Exec Addr    Load Addr    Size         Type   Attr      Idx    E Section Name        Object

    0x0100a204        -       0x00000000   Zero   RW          103    __ddsc_OPTION_SETTING_OFS1_SEC_END.bss  anon$$obj.o


    Execution Region .option_setting_ofs1_sec.endof (Exec base: 0x0100a204, Load base: 0x0100a204, Size: 0x00000000, Max: 0x00000000, ABSOLUTE)

    Exec Addr    Load Addr    Size         Type   Attr      Idx    E Section Name        Object

    0x0100a204        -       0x00000000   Zero   RW          104    .option_setting_ofs1_sec.endof.bss  anon$$obj.o


    Execution Region __OPTION_SETTING_OFS1_SEC_end (Exec base: 0x0100a204, Load base: 0x0100a204, Size: 0x00000000, Max: 0x00000000, ABSOLUTE)

    Exec Addr    Load Addr    Size         Type   Attr      Idx    E Section Name        Object

    0x0100a204        -       0x00000000   Zero   RW          105    __OPTION_SETTING_OFS1_SEC_end.bss  anon$$obj.o



  Load Region LOAD_REGION_OPTION_SETTING_BANKSEL_SEC (Base: 0x0100a210, Size: 0x00000000, Max: 0x00000004, ABSOLUTE)

    Execution Region __OPTION_SETTING_BANKSEL_SEC_start (Exec base: 0x0100a210, Load base: 0x0100a210, Size: 0x00000000, Max: 0x00000000, ABSOLUTE)

    Exec Addr    Load Addr    Size         Type   Attr      Idx    E Section Name        Object

    0x0100a210        -       0x00000000   Zero   RW          106    __OPTION_SETTING_BANKSEL_SEC_start.bss  anon$$obj.o


    Execution Region __OPTION_SETTING_BANKSEL_SEC_init (Exec base: 0x0100a210, Load base: 0x0100a210, Size: 0x00000000, Max: 0x00000000, ABSOLUTE)

    Exec Addr    Load Addr    Size         Type   Attr      Idx    E Section Name        Object

    0x0100a210        -       0x00000000   Zero   RW          107    __OPTION_SETTING_BANKSEL_SEC_init.bss  anon$$obj.o


    Execution Region __ddsc_OPTION_SETTING_BANKSEL_SEC_START (Exec base: 0x0100a210, Load base: 0x0100a210, Size: 0x00000000, Max: 0x00000000, ABSOLUTE)

    Exec Addr    Load Addr    Size         Type   Attr      Idx    E Section Name        Object

    0x0100a210        -       0x00000000   Zero   RW          108    __ddsc_OPTION_SETTING_BANKSEL_SEC_START.bss  anon$$obj.o


    Execution Region .option_setting_banksel_sec.startof (Exec base: 0x0100a210, Load base: 0x0100a210, Size: 0x00000000, Max: 0x00000000, ABSOLUTE)

    Exec Addr    Load Addr    Size         Type   Attr      Idx    E Section Name        Object

    0x0100a210        -       0x00000000   Zero   RW          109    .option_setting_banksel_sec.startof.bss  anon$$obj.o


    Execution Region __option_setting_banksel_sec_reg (Exec base: 0x0100a210, Load base: 0x0100a210, Size: 0x00000000, Max: 0xffffffff, ABSOLUTE, FIXED)

    **** No section assigned to this execution region ****


    Execution Region __ddsc_OPTION_SETTING_BANKSEL_SEC_END (Exec base: 0x0100a210, Load base: 0x0100a210, Size: 0x00000000, Max: 0x00000000, ABSOLUTE)

    Exec Addr    Load Addr    Size         Type   Attr      Idx    E Section Name        Object

    0x0100a210        -       0x00000000   Zero   RW          110    __ddsc_OPTION_SETTING_BANKSEL_SEC_END.bss  anon$$obj.o


    Execution Region .option_setting_banksel_sec.endof (Exec base: 0x0100a210, Load base: 0x0100a210, Size: 0x00000000, Max: 0x00000000, ABSOLUTE)

    Exec Addr    Load Addr    Size         Type   Attr      Idx    E Section Name        Object

    0x0100a210        -       0x00000000   Zero   RW          111    .option_setting_banksel_sec.endof.bss  anon$$obj.o


    Execution Region __OPTION_SETTING_BANKSEL_SEC_end (Exec base: 0x0100a210, Load base: 0x0100a210, Size: 0x00000000, Max: 0x00000000, ABSOLUTE)

    Exec Addr    Load Addr    Size         Type   Attr      Idx    E Section Name        Object

    0x0100a210        -       0x00000000   Zero   RW          112    __OPTION_SETTING_BANKSEL_SEC_end.bss  anon$$obj.o



  Load Region LOAD_REGION_OPTION_SETTING_BPS_SEC (Base: 0x0100a240, Size: 0x00000000, Max: 0x00000010, ABSOLUTE)

    Execution Region __OPTION_SETTING_BPS_SEC_start (Exec base: 0x0100a240, Load base: 0x0100a240, Size: 0x00000000, Max: 0x00000000, ABSOLUTE)

    Exec Addr    Load Addr    Size         Type   Attr      Idx    E Section Name        Object

    0x0100a240        -       0x00000000   Zero   RW          113    __OPTION_SETTING_BPS_SEC_start.bss  anon$$obj.o


    Execution Region __OPTION_SETTING_BPS_SEC_init (Exec base: 0x0100a240, Load base: 0x0100a240, Size: 0x00000000, Max: 0x00000000, ABSOLUTE)

    Exec Addr    Load Addr    Size         Type   Attr      Idx    E Section Name        Object

    0x0100a240        -       0x00000000   Zero   RW          114    __OPTION_SETTING_BPS_SEC_init.bss  anon$$obj.o


    Execution Region __ddsc_OPTION_SETTING_BPS_SEC_START (Exec base: 0x0100a240, Load base: 0x0100a240, Size: 0x00000000, Max: 0x00000000, ABSOLUTE)

    Exec Addr    Load Addr    Size         Type   Attr      Idx    E Section Name        Object

    0x0100a240        -       0x00000000   Zero   RW          115    __ddsc_OPTION_SETTING_BPS_SEC_START.bss  anon$$obj.o


    Execution Region .option_setting_bps_sec.startof (Exec base: 0x0100a240, Load base: 0x0100a240, Size: 0x00000000, Max: 0x00000000, ABSOLUTE)

    Exec Addr    Load Addr    Size         Type   Attr      Idx    E Section Name        Object

    0x0100a240        -       0x00000000   Zero   RW          116    .option_setting_bps_sec.startof.bss  anon$$obj.o


    Execution Region __option_setting_bps_sec_reg (Exec base: 0x0100a240, Load base: 0x0100a240, Size: 0x00000000, Max: 0xffffffff, ABSOLUTE, FIXED)

    **** No section assigned to this execution region ****


    Execution Region __ddsc_OPTION_SETTING_BPS_SEC_END (Exec base: 0x0100a240, Load base: 0x0100a240, Size: 0x00000000, Max: 0x00000000, ABSOLUTE)

    Exec Addr    Load Addr    Size         Type   Attr      Idx    E Section Name        Object

    0x0100a240        -       0x00000000   Zero   RW          117    __ddsc_OPTION_SETTING_BPS_SEC_END.bss  anon$$obj.o


    Execution Region .option_setting_bps_sec.endof (Exec base: 0x0100a240, Load base: 0x0100a240, Size: 0x00000000, Max: 0x00000000, ABSOLUTE)

    Exec Addr    Load Addr    Size         Type   Attr      Idx    E Section Name        Object

    0x0100a240        -       0x00000000   Zero   RW          118    .option_setting_bps_sec.endof.bss  anon$$obj.o


    Execution Region __OPTION_SETTING_BPS_SEC_end (Exec base: 0x0100a240, Load base: 0x0100a240, Size: 0x00000000, Max: 0x00000000, ABSOLUTE)

    Exec Addr    Load Addr    Size         Type   Attr      Idx    E Section Name        Object

    0x0100a240        -       0x00000000   Zero   RW          119    __OPTION_SETTING_BPS_SEC_end.bss  anon$$obj.o



  Load Region LOAD_REGION_OPTION_SETTING_PBPS_SEC (Base: 0x0100a260, Size: 0x00000000, Max: 0x00000010, ABSOLUTE)

    Execution Region __OPTION_SETTING_PBPS_SEC_start (Exec base: 0x0100a260, Load base: 0x0100a260, Size: 0x00000000, Max: 0x00000000, ABSOLUTE)

    Exec Addr    Load Addr    Size         Type   Attr      Idx    E Section Name        Object

    0x0100a260        -       0x00000000   Zero   RW          120    __OPTION_SETTING_PBPS_SEC_start.bss  anon$$obj.o


    Execution Region __OPTION_SETTING_PBPS_SEC_init (Exec base: 0x0100a260, Load base: 0x0100a260, Size: 0x00000000, Max: 0x00000000, ABSOLUTE)

    Exec Addr    Load Addr    Size         Type   Attr      Idx    E Section Name        Object

    0x0100a260        -       0x00000000   Zero   RW          121    __OPTION_SETTING_PBPS_SEC_init.bss  anon$$obj.o


    Execution Region __ddsc_OPTION_SETTING_PBPS_SEC_START (Exec base: 0x0100a260, Load base: 0x0100a260, Size: 0x00000000, Max: 0x00000000, ABSOLUTE)

    Exec Addr    Load Addr    Size         Type   Attr      Idx    E Section Name        Object

    0x0100a260        -       0x00000000   Zero   RW          122    __ddsc_OPTION_SETTING_PBPS_SEC_START.bss  anon$$obj.o


    Execution Region .option_setting_pbps_sec.startof (Exec base: 0x0100a260, Load base: 0x0100a260, Size: 0x00000000, Max: 0x00000000, ABSOLUTE)

    Exec Addr    Load Addr    Size         Type   Attr      Idx    E Section Name        Object

    0x0100a260        -       0x00000000   Zero   RW          123    .option_setting_pbps_sec.startof.bss  anon$$obj.o


    Execution Region __option_setting_pbps_sec_reg (Exec base: 0x0100a260, Load base: 0x0100a260, Size: 0x00000000, Max: 0xffffffff, ABSOLUTE, FIXED)

    **** No section assigned to this execution region ****


    Execution Region __ddsc_OPTION_SETTING_PBPS_SEC_END (Exec base: 0x0100a260, Load base: 0x0100a260, Size: 0x00000000, Max: 0x00000000, ABSOLUTE)

    Exec Addr    Load Addr    Size         Type   Attr      Idx    E Section Name        Object

    0x0100a260        -       0x00000000   Zero   RW          124    __ddsc_OPTION_SETTING_PBPS_SEC_END.bss  anon$$obj.o


    Execution Region .option_setting_pbps_sec.endof (Exec base: 0x0100a260, Load base: 0x0100a260, Size: 0x00000000, Max: 0x00000000, ABSOLUTE)

    Exec Addr    Load Addr    Size         Type   Attr      Idx    E Section Name        Object

    0x0100a260        -       0x00000000   Zero   RW          125    .option_setting_pbps_sec.endof.bss  anon$$obj.o


    Execution Region __OPTION_SETTING_PBPS_SEC_end (Exec base: 0x0100a260, Load base: 0x0100a260, Size: 0x00000000, Max: 0x00000000, ABSOLUTE)

    Exec Addr    Load Addr    Size         Type   Attr      Idx    E Section Name        Object

    0x0100a260        -       0x00000000   Zero   RW          126    __OPTION_SETTING_PBPS_SEC_end.bss  anon$$obj.o



  Load Region LOAD_REGION_OPTION_SETTING_OFS1_SEL (Base: 0x0100a280, Size: 0x00000004, Max: 0x00000004, ABSOLUTE)

    Execution Region __OPTION_SETTING_OFS1_SEL_start (Exec base: 0x0100a280, Load base: 0x0100a280, Size: 0x00000000, Max: 0x00000000, ABSOLUTE)

    Exec Addr    Load Addr    Size         Type   Attr      Idx    E Section Name        Object

    0x0100a280        -       0x00000000   Zero   RW          127    __OPTION_SETTING_OFS1_SEL_start.bss  anon$$obj.o


    Execution Region __OPTION_SETTING_OFS1_SEL_init (Exec base: 0x0100a280, Load base: 0x0100a280, Size: 0x00000000, Max: 0x00000000, ABSOLUTE)

    Exec Addr    Load Addr    Size         Type   Attr      Idx    E Section Name        Object

    0x0100a280        -       0x00000000   Zero   RW          128    __OPTION_SETTING_OFS1_SEL_init.bss  anon$$obj.o


    Execution Region __ddsc_OPTION_SETTING_OFS1_SEL_START (Exec base: 0x0100a280, Load base: 0x0100a280, Size: 0x00000000, Max: 0x00000000, ABSOLUTE)

    Exec Addr    Load Addr    Size         Type   Attr      Idx    E Section Name        Object

    0x0100a280        -       0x00000000   Zero   RW          129    __ddsc_OPTION_SETTING_OFS1_SEL_START.bss  anon$$obj.o


    Execution Region .option_setting_ofs1_sel.startof (Exec base: 0x0100a280, Load base: 0x0100a280, Size: 0x00000000, Max: 0x00000000, ABSOLUTE)

    Exec Addr    Load Addr    Size         Type   Attr      Idx    E Section Name        Object

    0x0100a280        -       0x00000000   Zero   RW          130    .option_setting_ofs1_sel.startof.bss  anon$$obj.o


    Execution Region __option_setting_ofs1_sel_reg (Exec base: 0x0100a280, Load base: 0x0100a280, Size: 0x00000004, Max: 0xffffffff, ABSOLUTE, FIXED)

    Exec Addr    Load Addr    Size         Type   Attr      Idx    E Section Name        Object

    0x0100a280   0x0100a280   0x00000004   Data   RO         1258    .option_setting_ofs1_sel  bsp_linker.o


    Execution Region __ddsc_OPTION_SETTING_OFS1_SEL_END (Exec base: 0x0100a284, Load base: 0x0100a284, Size: 0x00000000, Max: 0x00000000, ABSOLUTE)

    Exec Addr    Load Addr    Size         Type   Attr      Idx    E Section Name        Object

    0x0100a284        -       0x00000000   Zero   RW          131    __ddsc_OPTION_SETTING_OFS1_SEL_END.bss  anon$$obj.o


    Execution Region .option_setting_ofs1_sel.endof (Exec base: 0x0100a284, Load base: 0x0100a284, Size: 0x00000000, Max: 0x00000000, ABSOLUTE)

    Exec Addr    Load Addr    Size         Type   Attr      Idx    E Section Name        Object

    0x0100a284        -       0x00000000   Zero   RW          132    .option_setting_ofs1_sel.endof.bss  anon$$obj.o


    Execution Region __OPTION_SETTING_OFS1_SEL_end (Exec base: 0x0100a284, Load base: 0x0100a284, Size: 0x00000000, Max: 0x00000000, ABSOLUTE)

    Exec Addr    Load Addr    Size         Type   Attr      Idx    E Section Name        Object

    0x0100a284        -       0x00000000   Zero   RW          133    __OPTION_SETTING_OFS1_SEL_end.bss  anon$$obj.o



  Load Region LOAD_REGION_OPTION_SETTING_BANKSEL_SEL (Base: 0x0100a290, Size: 0x00000000, Max: 0x00000004, ABSOLUTE)

    Execution Region __OPTION_SETTING_BANKSEL_SEL_start (Exec base: 0x0100a290, Load base: 0x0100a290, Size: 0x00000000, Max: 0x00000000, ABSOLUTE)

    Exec Addr    Load Addr    Size         Type   Attr      Idx    E Section Name        Object

    0x0100a290        -       0x00000000   Zero   RW          134    __OPTION_SETTING_BANKSEL_SEL_start.bss  anon$$obj.o


    Execution Region __OPTION_SETTING_BANKSEL_SEL_init (Exec base: 0x0100a290, Load base: 0x0100a290, Size: 0x00000000, Max: 0x00000000, ABSOLUTE)

    Exec Addr    Load Addr    Size         Type   Attr      Idx    E Section Name        Object

    0x0100a290        -       0x00000000   Zero   RW          135    __OPTION_SETTING_BANKSEL_SEL_init.bss  anon$$obj.o


    Execution Region __ddsc_OPTION_SETTING_BANKSEL_SEL_START (Exec base: 0x0100a290, Load base: 0x0100a290, Size: 0x00000000, Max: 0x00000000, ABSOLUTE)

    Exec Addr    Load Addr    Size         Type   Attr      Idx    E Section Name        Object

    0x0100a290        -       0x00000000   Zero   RW          136    __ddsc_OPTION_SETTING_BANKSEL_SEL_START.bss  anon$$obj.o


    Execution Region .option_setting_banksel_sel.startof (Exec base: 0x0100a290, Load base: 0x0100a290, Size: 0x00000000, Max: 0x00000000, ABSOLUTE)

    Exec Addr    Load Addr    Size         Type   Attr      Idx    E Section Name        Object

    0x0100a290        -       0x00000000   Zero   RW          137    .option_setting_banksel_sel.startof.bss  anon$$obj.o


    Execution Region __option_setting_banksel_sel_reg (Exec base: 0x0100a290, Load base: 0x0100a290, Size: 0x00000000, Max: 0xffffffff, ABSOLUTE, FIXED)

    **** No section assigned to this execution region ****


    Execution Region __ddsc_OPTION_SETTING_BANKSEL_SEL_END (Exec base: 0x0100a290, Load base: 0x0100a290, Size: 0x00000000, Max: 0x00000000, ABSOLUTE)

    Exec Addr    Load Addr    Size         Type   Attr      Idx    E Section Name        Object

    0x0100a290        -       0x00000000   Zero   RW          138    __ddsc_OPTION_SETTING_BANKSEL_SEL_END.bss  anon$$obj.o


    Execution Region .option_setting_banksel_sel.endof (Exec base: 0x0100a290, Load base: 0x0100a290, Size: 0x00000000, Max: 0x00000000, ABSOLUTE)

    Exec Addr    Load Addr    Size         Type   Attr      Idx    E Section Name        Object

    0x0100a290        -       0x00000000   Zero   RW          139    .option_setting_banksel_sel.endof.bss  anon$$obj.o


    Execution Region __OPTION_SETTING_BANKSEL_SEL_end (Exec base: 0x0100a290, Load base: 0x0100a290, Size: 0x00000000, Max: 0x00000000, ABSOLUTE)

    Exec Addr    Load Addr    Size         Type   Attr      Idx    E Section Name        Object

    0x0100a290        -       0x00000000   Zero   RW          140    __OPTION_SETTING_BANKSEL_SEL_end.bss  anon$$obj.o



  Load Region LOAD_REGION_OPTION_SETTING_BPS_SEL (Base: 0x0100a2c0, Size: 0x00000000, Max: 0x00000010, ABSOLUTE)

    Execution Region __OPTION_SETTING_BPS_SEL_start (Exec base: 0x0100a2c0, Load base: 0x0100a2c0, Size: 0x00000000, Max: 0x00000000, ABSOLUTE)

    Exec Addr    Load Addr    Size         Type   Attr      Idx    E Section Name        Object

    0x0100a2c0        -       0x00000000   Zero   RW          141    __OPTION_SETTING_BPS_SEL_start.bss  anon$$obj.o


    Execution Region __OPTION_SETTING_BPS_SEL_init (Exec base: 0x0100a2c0, Load base: 0x0100a2c0, Size: 0x00000000, Max: 0x00000000, ABSOLUTE)

    Exec Addr    Load Addr    Size         Type   Attr      Idx    E Section Name        Object

    0x0100a2c0        -       0x00000000   Zero   RW          142    __OPTION_SETTING_BPS_SEL_init.bss  anon$$obj.o


    Execution Region __ddsc_OPTION_SETTING_BPS_SEL_START (Exec base: 0x0100a2c0, Load base: 0x0100a2c0, Size: 0x00000000, Max: 0x00000000, ABSOLUTE)

    Exec Addr    Load Addr    Size         Type   Attr      Idx    E Section Name        Object

    0x0100a2c0        -       0x00000000   Zero   RW          143    __ddsc_OPTION_SETTING_BPS_SEL_START.bss  anon$$obj.o


    Execution Region .option_setting_bps_sel.startof (Exec base: 0x0100a2c0, Load base: 0x0100a2c0, Size: 0x00000000, Max: 0x00000000, ABSOLUTE)

    Exec Addr    Load Addr    Size         Type   Attr      Idx    E Section Name        Object

    0x0100a2c0        -       0x00000000   Zero   RW          144    .option_setting_bps_sel.startof.bss  anon$$obj.o


    Execution Region __option_setting_bps_sel_reg (Exec base: 0x0100a2c0, Load base: 0x0100a2c0, Size: 0x00000000, Max: 0xffffffff, ABSOLUTE, FIXED)

    **** No section assigned to this execution region ****


    Execution Region __ddsc_OPTION_SETTING_BPS_SEL_END (Exec base: 0x0100a2c0, Load base: 0x0100a2c0, Size: 0x00000000, Max: 0x00000000, ABSOLUTE)

    Exec Addr    Load Addr    Size         Type   Attr      Idx    E Section Name        Object

    0x0100a2c0        -       0x00000000   Zero   RW          145    __ddsc_OPTION_SETTING_BPS_SEL_END.bss  anon$$obj.o


    Execution Region .option_setting_bps_sel.endof (Exec base: 0x0100a2c0, Load base: 0x0100a2c0, Size: 0x00000000, Max: 0x00000000, ABSOLUTE)

    Exec Addr    Load Addr    Size         Type   Attr      Idx    E Section Name        Object

    0x0100a2c0        -       0x00000000   Zero   RW          146    .option_setting_bps_sel.endof.bss  anon$$obj.o


    Execution Region __OPTION_SETTING_BPS_SEL_end (Exec base: 0x0100a2c0, Load base: 0x0100a2c0, Size: 0x00000000, Max: 0x00000000, ABSOLUTE)

    Exec Addr    Load Addr    Size         Type   Attr      Idx    E Section Name        Object

    0x0100a2c0        -       0x00000000   Zero   RW          147    __OPTION_SETTING_BPS_SEL_end.bss  anon$$obj.o


==============================================================================

Image component sizes


      Code (inc. data)   RO Data    RW Data    ZI Data      Debug   Object Name

       484          0          0          0         28      39325   bsp_clocks.o
         8          0         78          0          0      10130   bsp_common.o
       140          0          0          0          0       1943   bsp_delay.o
        68          0          0          0         64      14212   bsp_group_irq.o
         0          0          0          0          4        551   bsp_io.o
       138          0          0          0         92      18595   bsp_irq.o
         0          0        388          0          0       3682   bsp_linker.o
       160          0         10          0         10      21898   bsp_register_protection.o
      3594        272          0          4         72      20591   car.o
       130         12       1436          8       2480      88043   car_thread.o
       492         14          0          0          0       1821   car_thread_entry.o
         2          0         12          0          8      17959   common_data.o
       102          0          0          0          8       9812   debug.o
       708         64         68         16          2      15201   eeprom.o
         4          0        124          4         48      32646   hal_data.o
        26          0          0          0          0      16838   hal_warmstart.o
      5684        536       1389       1826        113      30344   hc_04.o
       924        136        736          0       2076       5767   heap_4.o
       130         12          4          0       1132       2293   led_thread.o
        10          0          0          0          0        464   led_thread_entry.o
       118          0          0          0          0       2232   list.o
       236          0          0          0       1317       3460   main.o
        94          0         50          0          0      16514   my_buzzer.o
       552        100          0          0         96      13935   my_encoder.o
       684         20          0          0        364       5093   my_imu.o
       256          0          0          0         25      17126   my_key.o
       260          0        403          0          0      17808   my_led.o
       422         40          0          0         49      21514   my_motor.o
      1140          0          0          0          2      23093   my_oled.o
         0          0       1536          0          0        536   my_oled_font.o
      1470         56          0          0        148       3558   my_pid.o
       532        116          0          0        120      14273   my_servo.o
       286         32          0          0         16      32824   my_ultrasonic_adc.o
       322          0          0          0        166       2834   my_uwb.o
         0          0        324          0          0       8086   pin_data.o
       688         52        157          0          8      27630   port.o
      2468        100        727          0         80      25117   queue.o
      1260          0         52          0          0      82314   r_adc.o
      2378          0         52          0          0      82394   r_gpt.o
      2454          0         32          0          0      58323   r_iic_master.o
       980         12         52          0          0      57232   r_ioport.o
      1284          0         32          0          0      40164   r_sci_i2c.o
      1782          0         44          0          0      73322   r_sci_uart.o
       130         12        286          4       2340      40534   show_thread.o
       176         96          0          0          0       1087   show_thread_entry.o
        14          0         64          0       1024       1023   startup.o
       252          0          0          0          4       6765   system.o
      3592        268        550          0        260      34361   tasks.o
       932         74        100          0        256      15097   timers.o
     10966        128          0          0        140      21916   trilateration.o
     21446        622        262        121        138      21438   user_show.o
         0          0        184          0          0       9933   vector_data.o

    ----------------------------------------------------------------------
     70104       2794       9164       1988      12748    1133651   Object Totals
         0          0          0          0          0          0   (incl. Generated)
       126         20         12          5         58          0   (incl. Padding)

    ----------------------------------------------------------------------

      Code (inc. data)   RO Data    RW Data    ZI Data      Debug   Library Member Name

       744        106        152          0          0        352   atan.o
       512         64          0          0          0        208   atan2.o
       184         44          0          0          0        744   dunder.o
        24          0          0          0          0        124   fabs.o
        48          0          0          0          0        124   fpclassify.o
        42         12          0          0          0        348   funder.o
       364         44         64          0          0        140   logf.o
       248          0          0          0          0        152   poly.o
      3168        296        136          0          0        352   pow.o
         0          0          8          0          0          0   qnan.o
       232          0          0          0          0        296   sqrt.o
        56          8          0          0          0         84   __0sscanf.o
        28          0          0          0          0         68   _chval.o
       812          4          0          0          0        112   _scanf.o
       332          0          0          0          0         96   _scanf_int.o
       224          0          0          0          0         96   _scanf_str.o
        64          0          0          0          0         84   _sgetc.o
       158          0          0          0          0         92   _strtoul.o
         8          4        133          0          0         68   ctype_o.o
        20         10          0          4          0        136   errno.o
        18          0          0          0          0         76   isspace_o.o
         0          0          0          0          0          0   iusefp.o
        30          0          0          0          0         68   llshl.o
        36          0          0          0          0         68   llsshr.o
        32          0          0          0          0         68   llushr.o
        26          0          0          0          0         80   memcmp.o
        36          0          0          0          0         68   memcpya.o
        36          0          0          0          0        108   memseta.o
      2308         96          0          0          0        604   printfa.o
        36          6          0          0          0         80   puts.o
        40          8          0          0          0         84   scanf_char.o
       878         12          0          0          0        216   scanf_fp.o
         0          0          0          4          0          0   stdout.o
        24          0          0          0          0         76   strncpy.o
       114          0          0          0          0         92   strtoul.o
        44          0          0          0          0         80   uidiv.o
        98          0          0          0          0         92   uldiv.o
        48          0          0          0          0         68   cdcmple.o
        48          0          0          0          0         68   cdrcmple.o
        56          0          0          0          0         88   d2f.o
       334          0          0          0          0        148   dadd.o
        56          0          0          0          0         80   dcmpeq.o
        54          0          0          0          0         80   dcmpge.o
        54          0          0          0          0         80   dcmpgt.o
        54          0          0          0          0         80   dcmple.o
        54          0          0          0          0         80   dcmplt.o
       222          0          0          0          0        100   ddiv.o
       186          0          0          0          0        176   depilogue.o
        62          0          0          0          0         80   dfixi.o
        50          0          0          0          0         76   dfixui.o
        48          0          0          0          0         68   dfixul.o
        34          0          0          0          0         76   dflti.o
        40          0          0          0          0         80   dfltl.o
        26          0          0          0          0         76   dfltui.o
        24          0          0          0          0         76   dfltul.o
       228          0          0          0          0         96   dmul.o
        46          0          0          0          0         80   dscalb.o
       162          0          0          0          0        100   dsqrt.o
        38          0          0          0          0         68   f2d.o
       110          0          0          0          0        168   fepilogue.o

    ----------------------------------------------------------------------
     13080        718        496          8          0       7628   Library Totals
        22          4          3          0          0          0   (incl. Padding)

    ----------------------------------------------------------------------

      Code (inc. data)   RO Data    RW Data    ZI Data      Debug   Library Name

      5566        566        360          0          0       2840   m_wm.l
      5458        148        133          8          0       2696   mc_w.l
      2034          0          0          0          0       2092   mf_w.l

    ----------------------------------------------------------------------
     13080        718        496          8          0       7628   Library Totals

    ----------------------------------------------------------------------

==============================================================================


      Code (inc. data)   RO Data    RW Data    ZI Data      Debug   

     83184       3512       9660       1996      12748    1135907   Grand Totals
     83184       3512       9660       1996      12748    1135907   ELF Image Totals
     83184       3512       9660       1996          0          0   ROM Totals

==============================================================================

    Total RO  Size (Code + RO Data)                92844 (  90.67kB)
    Total RW  Size (RW Data + ZI Data)             14744 (  14.40kB)
    Total ROM Size (Code + RO Data + RW Data)      94840 (  92.62kB)

==============================================================================

