<!doctype html public "-//w3c//dtd html 4.0 transitional//en">
<html><head>
<title>Static Call Graph - [.\Objects\RTOS_debug.axf]</title></head>
<body><HR>
<H1>Static Call Graph for image .\Objects\RTOS_debug.axf</H1><HR>
<BR><P>#&#060CALLGRAPH&#062# ARM Linker, 6240002: Last Updated: Fri Jul  3 17:41:01 2026
<BR><P>
<H3>Maximum Stack Usage =       1584 bytes + Unknown(Cycles, Untraceable Function Pointers)</H3><H3>
Call chain for Maximum Stack Depth:</H3>
Show_Thread_func &rArr; Show_Thread_entry &rArr; show_all &rArr; UWB_num_new &rArr; tril_read &rArr; GetLocation &rArr; deca_3dlocate &rArr; trilateration &rArr; sphereline &rArr; __aeabi_dsub &rArr; __aeabi_dadd &rArr; _double_epilogue &rArr; _double_round
<P>
<H3>
Mutually Recursive functions
</H3> <LI><a href="#[e3]">bsp_prv_software_delay_loop</a>&nbsp;&nbsp;&nbsp;&rArr;&nbsp;&nbsp;&nbsp;<a href="#[e3]">bsp_prv_software_delay_loop</a><BR>
</UL>
<P>
<H3>
Function Pointers
</H3><UL>
 <LI><a href="#[4]">BusFault_Handler</a> from startup.o(.text.Default_Handler) referenced from startup.o(.fixed_vectors)
 <LI><a href="#[1d]">Car_Thread_func</a> from car_thread.o(.text.Car_Thread_func) referenced 2 times from car_thread.o(.text.Car_Thread_create)
 <LI><a href="#[8]">DebugMon_Handler</a> from startup.o(.text.Default_Handler) referenced from startup.o(.fixed_vectors)
 <LI><a href="#[16]">EEPROMDrvInit</a> from eeprom.o(.text.EEPROMDrvInit) referenced from eeprom.o(.data.gEepromDev)
 <LI><a href="#[18]">EEPROMDrvRead</a> from eeprom.o(.text.EEPROMDrvRead) referenced from eeprom.o(.data.gEepromDev)
 <LI><a href="#[17]">EEPROMDrvWriteBuff</a> from eeprom.o(.text.EEPROMDrvWriteBuff) referenced from eeprom.o(.data.gEepromDev)
 <LI><a href="#[2]">HardFault_Handler</a> from startup.o(.text.Default_Handler) referenced from startup.o(.fixed_vectors)
 <LI><a href="#[1e]">LED_Thread_func</a> from led_thread.o(.text.LED_Thread_func) referenced 2 times from led_thread.o(.text.LED_Thread_create)
 <LI><a href="#[3]">MemManage_Handler</a> from startup.o(.text.Default_Handler) referenced from startup.o(.fixed_vectors)
 <LI><a href="#[1]">NMI_Handler</a> from bsp_group_irq.o(.text.NMI_Handler) referenced from startup.o(.fixed_vectors)
 <LI><a href="#[9]">PendSV_Handler</a> from port.o(.text.PendSV_Handler) referenced from startup.o(.fixed_vectors)
 <LI><a href="#[2e]">R_ADC_Calibrate</a> from r_adc.o(.text.R_ADC_Calibrate) referenced from r_adc.o(.rodata.g_adc_on_adc)
 <LI><a href="#[30]">R_ADC_CallbackSet</a> from r_adc.o(.text.R_ADC_CallbackSet) referenced from r_adc.o(.rodata.g_adc_on_adc)
 <LI><a href="#[31]">R_ADC_Close</a> from r_adc.o(.text.R_ADC_Close) referenced from r_adc.o(.rodata.g_adc_on_adc)
 <LI><a href="#[32]">R_ADC_InfoGet</a> from r_adc.o(.text.R_ADC_InfoGet) referenced from r_adc.o(.rodata.g_adc_on_adc)
 <LI><a href="#[2f]">R_ADC_OffsetSet</a> from r_adc.o(.text.R_ADC_OffsetSet) referenced from r_adc.o(.rodata.g_adc_on_adc)
 <LI><a href="#[26]">R_ADC_Open</a> from r_adc.o(.text.R_ADC_Open) referenced from r_adc.o(.rodata.g_adc_on_adc)
 <LI><a href="#[2c]">R_ADC_Read</a> from r_adc.o(.text.R_ADC_Read) referenced from r_adc.o(.rodata.g_adc_on_adc)
 <LI><a href="#[2d]">R_ADC_Read32</a> from r_adc.o(.text.R_ADC_Read32) referenced from r_adc.o(.rodata.g_adc_on_adc)
 <LI><a href="#[27]">R_ADC_ScanCfg</a> from r_adc.o(.text.R_ADC_ScanCfg) referenced from r_adc.o(.rodata.g_adc_on_adc)
 <LI><a href="#[29]">R_ADC_ScanGroupStart</a> from r_adc.o(.text.R_ADC_ScanGroupStart) referenced from r_adc.o(.rodata.g_adc_on_adc)
 <LI><a href="#[28]">R_ADC_ScanStart</a> from r_adc.o(.text.R_ADC_ScanStart) referenced from r_adc.o(.rodata.g_adc_on_adc)
 <LI><a href="#[2a]">R_ADC_ScanStop</a> from r_adc.o(.text.R_ADC_ScanStop) referenced from r_adc.o(.rodata.g_adc_on_adc)
 <LI><a href="#[2b]">R_ADC_StatusGet</a> from r_adc.o(.text.R_ADC_StatusGet) referenced from r_adc.o(.rodata.g_adc_on_adc)
 <LI><a href="#[5e]">R_GPT_CallbackSet</a> from r_gpt.o(.text.R_GPT_CallbackSet) referenced from r_gpt.o(.rodata.g_timer_on_gpt)
 <LI><a href="#[5f]">R_GPT_Close</a> from r_gpt.o(.text.R_GPT_Close) referenced from r_gpt.o(.rodata.g_timer_on_gpt)
 <LI><a href="#[5b]">R_GPT_CompareMatchSet</a> from r_gpt.o(.text.R_GPT_CompareMatchSet) referenced from r_gpt.o(.rodata.g_timer_on_gpt)
 <LI><a href="#[58]">R_GPT_Disable</a> from r_gpt.o(.text.R_GPT_Disable) referenced from r_gpt.o(.rodata.g_timer_on_gpt)
 <LI><a href="#[5a]">R_GPT_DutyCycleSet</a> from r_gpt.o(.text.R_GPT_DutyCycleSet) referenced from r_gpt.o(.rodata.g_timer_on_gpt)
 <LI><a href="#[57]">R_GPT_Enable</a> from r_gpt.o(.text.R_GPT_Enable) referenced from r_gpt.o(.rodata.g_timer_on_gpt)
 <LI><a href="#[5c]">R_GPT_InfoGet</a> from r_gpt.o(.text.R_GPT_InfoGet) referenced from r_gpt.o(.rodata.g_timer_on_gpt)
 <LI><a href="#[53]">R_GPT_Open</a> from r_gpt.o(.text.R_GPT_Open) referenced from r_gpt.o(.rodata.g_timer_on_gpt)
 <LI><a href="#[59]">R_GPT_PeriodSet</a> from r_gpt.o(.text.R_GPT_PeriodSet) referenced from r_gpt.o(.rodata.g_timer_on_gpt)
 <LI><a href="#[56]">R_GPT_Reset</a> from r_gpt.o(.text.R_GPT_Reset) referenced from r_gpt.o(.rodata.g_timer_on_gpt)
 <LI><a href="#[54]">R_GPT_Start</a> from r_gpt.o(.text.R_GPT_Start) referenced from r_gpt.o(.rodata.g_timer_on_gpt)
 <LI><a href="#[5d]">R_GPT_StatusGet</a> from r_gpt.o(.text.R_GPT_StatusGet) referenced from r_gpt.o(.rodata.g_timer_on_gpt)
 <LI><a href="#[55]">R_GPT_Stop</a> from r_gpt.o(.text.R_GPT_Stop) referenced from r_gpt.o(.rodata.g_timer_on_gpt)
 <LI><a href="#[38]">R_IIC_MASTER_Abort</a> from r_iic_master.o(.text.R_IIC_MASTER_Abort) referenced from r_iic_master.o(.rodata.g_i2c_master_on_iic)
 <LI><a href="#[3a]">R_IIC_MASTER_CallbackSet</a> from r_iic_master.o(.text.R_IIC_MASTER_CallbackSet) referenced from r_iic_master.o(.rodata.g_i2c_master_on_iic)
 <LI><a href="#[3c]">R_IIC_MASTER_Close</a> from r_iic_master.o(.text.R_IIC_MASTER_Close) referenced from r_iic_master.o(.rodata.g_i2c_master_on_iic)
 <LI><a href="#[35]">R_IIC_MASTER_Open</a> from r_iic_master.o(.text.R_IIC_MASTER_Open) referenced from r_iic_master.o(.rodata.g_i2c_master_on_iic)
 <LI><a href="#[36]">R_IIC_MASTER_Read</a> from r_iic_master.o(.text.R_IIC_MASTER_Read) referenced from r_iic_master.o(.rodata.g_i2c_master_on_iic)
 <LI><a href="#[39]">R_IIC_MASTER_SlaveAddressSet</a> from r_iic_master.o(.text.R_IIC_MASTER_SlaveAddressSet) referenced from r_iic_master.o(.rodata.g_i2c_master_on_iic)
 <LI><a href="#[3b]">R_IIC_MASTER_StatusGet</a> from r_iic_master.o(.text.R_IIC_MASTER_StatusGet) referenced from r_iic_master.o(.rodata.g_i2c_master_on_iic)
 <LI><a href="#[37]">R_IIC_MASTER_Write</a> from r_iic_master.o(.text.R_IIC_MASTER_Write) referenced from r_iic_master.o(.rodata.g_i2c_master_on_iic)
 <LI><a href="#[46]">R_IOPORT_Close</a> from r_ioport.o(.text.R_IOPORT_Close) referenced from r_ioport.o(.rodata.g_ioport_on_ioport)
 <LI><a href="#[45]">R_IOPORT_Open</a> from r_ioport.o(.text.R_IOPORT_Open) referenced from r_ioport.o(.rodata.g_ioport_on_ioport)
 <LI><a href="#[48]">R_IOPORT_PinCfg</a> from r_ioport.o(.text.R_IOPORT_PinCfg) referenced from r_ioport.o(.rodata.g_ioport_on_ioport)
 <LI><a href="#[49]">R_IOPORT_PinEventInputRead</a> from r_ioport.o(.text.R_IOPORT_PinEventInputRead) referenced from r_ioport.o(.rodata.g_ioport_on_ioport)
 <LI><a href="#[4a]">R_IOPORT_PinEventOutputWrite</a> from r_ioport.o(.text.R_IOPORT_PinEventOutputWrite) referenced from r_ioport.o(.rodata.g_ioport_on_ioport)
 <LI><a href="#[4b]">R_IOPORT_PinRead</a> from r_ioport.o(.text.R_IOPORT_PinRead) referenced from r_ioport.o(.rodata.g_ioport_on_ioport)
 <LI><a href="#[4c]">R_IOPORT_PinWrite</a> from r_ioport.o(.text.R_IOPORT_PinWrite) referenced from r_ioport.o(.rodata.g_ioport_on_ioport)
 <LI><a href="#[47]">R_IOPORT_PinsCfg</a> from r_ioport.o(.text.R_IOPORT_PinsCfg) referenced from r_ioport.o(.rodata.g_ioport_on_ioport)
 <LI><a href="#[4d]">R_IOPORT_PortDirectionSet</a> from r_ioport.o(.text.R_IOPORT_PortDirectionSet) referenced from r_ioport.o(.rodata.g_ioport_on_ioport)
 <LI><a href="#[4e]">R_IOPORT_PortEventInputRead</a> from r_ioport.o(.text.R_IOPORT_PortEventInputRead) referenced from r_ioport.o(.rodata.g_ioport_on_ioport)
 <LI><a href="#[4f]">R_IOPORT_PortEventOutputWrite</a> from r_ioport.o(.text.R_IOPORT_PortEventOutputWrite) referenced from r_ioport.o(.rodata.g_ioport_on_ioport)
 <LI><a href="#[50]">R_IOPORT_PortRead</a> from r_ioport.o(.text.R_IOPORT_PortRead) referenced from r_ioport.o(.rodata.g_ioport_on_ioport)
 <LI><a href="#[51]">R_IOPORT_PortWrite</a> from r_ioport.o(.text.R_IOPORT_PortWrite) referenced from r_ioport.o(.rodata.g_ioport_on_ioport)
 <LI><a href="#[40]">R_SCI_I2C_Abort</a> from r_sci_i2c.o(.text.R_SCI_I2C_Abort) referenced from r_sci_i2c.o(.rodata.g_i2c_master_on_sci)
 <LI><a href="#[42]">R_SCI_I2C_CallbackSet</a> from r_sci_i2c.o(.text.R_SCI_I2C_CallbackSet) referenced from r_sci_i2c.o(.rodata.g_i2c_master_on_sci)
 <LI><a href="#[44]">R_SCI_I2C_Close</a> from r_sci_i2c.o(.text.R_SCI_I2C_Close) referenced from r_sci_i2c.o(.rodata.g_i2c_master_on_sci)
 <LI><a href="#[3d]">R_SCI_I2C_Open</a> from r_sci_i2c.o(.text.R_SCI_I2C_Open) referenced from r_sci_i2c.o(.rodata.g_i2c_master_on_sci)
 <LI><a href="#[3e]">R_SCI_I2C_Read</a> from r_sci_i2c.o(.text.R_SCI_I2C_Read) referenced from r_sci_i2c.o(.rodata.g_i2c_master_on_sci)
 <LI><a href="#[41]">R_SCI_I2C_SlaveAddressSet</a> from r_sci_i2c.o(.text.R_SCI_I2C_SlaveAddressSet) referenced from r_sci_i2c.o(.rodata.g_i2c_master_on_sci)
 <LI><a href="#[43]">R_SCI_I2C_StatusGet</a> from r_sci_i2c.o(.text.R_SCI_I2C_StatusGet) referenced from r_sci_i2c.o(.rodata.g_i2c_master_on_sci)
 <LI><a href="#[3f]">R_SCI_I2C_Write</a> from r_sci_i2c.o(.text.R_SCI_I2C_Write) referenced from r_sci_i2c.o(.rodata.g_i2c_master_on_sci)
 <LI><a href="#[69]">R_SCI_UART_Abort</a> from r_sci_uart.o(.text.R_SCI_UART_Abort) referenced from r_sci_uart.o(.rodata.g_uart_on_sci)
 <LI><a href="#[67]">R_SCI_UART_BaudSet</a> from r_sci_uart.o(.text.R_SCI_UART_BaudSet) referenced from r_sci_uart.o(.rodata.g_uart_on_sci)
 <LI><a href="#[6a]">R_SCI_UART_CallbackSet</a> from r_sci_uart.o(.text.R_SCI_UART_CallbackSet) referenced from r_sci_uart.o(.rodata.g_uart_on_sci)
 <LI><a href="#[6b]">R_SCI_UART_Close</a> from r_sci_uart.o(.text.R_SCI_UART_Close) referenced from r_sci_uart.o(.rodata.g_uart_on_sci)
 <LI><a href="#[68]">R_SCI_UART_InfoGet</a> from r_sci_uart.o(.text.R_SCI_UART_InfoGet) referenced from r_sci_uart.o(.rodata.g_uart_on_sci)
 <LI><a href="#[64]">R_SCI_UART_Open</a> from r_sci_uart.o(.text.R_SCI_UART_Open) referenced from r_sci_uart.o(.rodata.g_uart_on_sci)
 <LI><a href="#[65]">R_SCI_UART_Read</a> from r_sci_uart.o(.text.R_SCI_UART_Read) referenced from r_sci_uart.o(.rodata.g_uart_on_sci)
 <LI><a href="#[6c]">R_SCI_UART_ReadStop</a> from r_sci_uart.o(.text.R_SCI_UART_ReadStop) referenced from r_sci_uart.o(.rodata.g_uart_on_sci)
 <LI><a href="#[6e]">R_SCI_UART_ReceiveResume</a> from r_sci_uart.o(.text.R_SCI_UART_ReceiveResume) referenced from r_sci_uart.o(.rodata.g_uart_on_sci)
 <LI><a href="#[6d]">R_SCI_UART_ReceiveSuspend</a> from r_sci_uart.o(.text.R_SCI_UART_ReceiveSuspend) referenced from r_sci_uart.o(.rodata.g_uart_on_sci)
 <LI><a href="#[66]">R_SCI_UART_Write</a> from r_sci_uart.o(.text.R_SCI_UART_Write) referenced from r_sci_uart.o(.rodata.g_uart_on_sci)
 <LI><a href="#[0]">Reset_Handler</a> from startup.o(.text.Reset_Handler) referenced from startup.o(.fixed_vectors)
 <LI><a href="#[7]">SVC_Handler</a> from port.o(.text.SVC_Handler) referenced from startup.o(.fixed_vectors)
 <LI><a href="#[6]">SecureFault_Handler</a> from startup.o(.text.Default_Handler) referenced from startup.o(.fixed_vectors)
 <LI><a href="#[20]">Show_Thread_func</a> from show_thread.o(.text.Show_Thread_func) referenced 2 times from show_thread.o(.text.Show_Thread_create)
 <LI><a href="#[a]">SysTick_Handler</a> from port.o(.text.SysTick_Handler) referenced from startup.o(.fixed_vectors)
 <LI><a href="#[5]">UsageFault_Handler</a> from startup.o(.text.Default_Handler) referenced from startup.o(.fixed_vectors)
 <LI><a href="#[1a]">_sbackspace</a> from _sgetc.o(.text) referenced from __0sscanf.o(.text)
 <LI><a href="#[1b]">_scanf_char_input</a> from scanf_char.o(.text) referenced from scanf_char.o(.text)
 <LI><a href="#[19]">_sgetc</a> from _sgetc.o(.text) referenced from __0sscanf.o(.text)
 <LI><a href="#[25]">_sputc</a> from printfa.o(i._sputc) referenced from printfa.o(i.__0sprintf)
 <LI><a href="#[24]">fputc</a> from debug.o(.text.fputc) referenced from printfa.o(i.__0printf)
 <LI><a href="#[52]">g_timer5_callback</a> from car.o(.text.g_timer5_callback) referenced from car_thread.o(.rodata.g_timer5_cfg)
 <LI><a href="#[15]">gpt_counter_overflow_isr</a> from r_gpt.o(.text.gpt_counter_overflow_isr) referenced from vector_data.o(.application_vectors)
 <LI><a href="#[34]">i2c2_callback</a> from my_oled.o(.text.i2c2_callback) referenced from show_thread.o(.rodata.g_i2c_1_cfg)
 <LI><a href="#[12]">iic_master_eri_isr</a> from r_iic_master.o(.text.iic_master_eri_isr) referenced from vector_data.o(.application_vectors)
 <LI><a href="#[f]">iic_master_rxi_isr</a> from r_iic_master.o(.text.iic_master_rxi_isr) referenced from vector_data.o(.application_vectors)
 <LI><a href="#[11]">iic_master_tei_isr</a> from r_iic_master.o(.text.iic_master_tei_isr) referenced from vector_data.o(.application_vectors)
 <LI><a href="#[10]">iic_master_txi_isr</a> from r_iic_master.o(.text.iic_master_txi_isr) referenced from vector_data.o(.application_vectors)
 <LI><a href="#[1c]">isspace</a> from isspace_o.o(.text) referenced from scanf_char.o(.text)
 <LI><a href="#[22]">prvIdleTask</a> from tasks.o(.text.prvIdleTask) referenced 2 times from tasks.o(.text.vTaskStartScheduler)
 <LI><a href="#[21]">prvTaskExitError</a> from port.o(.text.prvTaskExitError) referenced 2 times from port.o(.text.pxPortInitialiseStack)
 <LI><a href="#[23]">prvTimerTask</a> from timers.o(.text.prvTimerTask) referenced 2 times from timers.o(.text.xTimerCreateTimerTask)
 <LI><a href="#[33]">sci_i2c4_master_callback</a> from eeprom.o(.text.sci_i2c4_master_callback) referenced from show_thread.o(.rodata.g_i2c4_cfg)
 <LI><a href="#[14]">sci_i2c_tei_isr</a> from r_sci_i2c.o(.text.sci_i2c_tei_isr) referenced from vector_data.o(.application_vectors)
 <LI><a href="#[13]">sci_i2c_txi_isr</a> from r_sci_i2c.o(.text.sci_i2c_txi_isr) referenced from vector_data.o(.application_vectors)
 <LI><a href="#[e]">sci_uart_eri_isr</a> from r_sci_uart.o(.text.sci_uart_eri_isr) referenced 4 times from vector_data.o(.application_vectors)
 <LI><a href="#[b]">sci_uart_rxi_isr</a> from r_sci_uart.o(.text.sci_uart_rxi_isr) referenced 4 times from vector_data.o(.application_vectors)
 <LI><a href="#[d]">sci_uart_tei_isr</a> from r_sci_uart.o(.text.sci_uart_tei_isr) referenced 4 times from vector_data.o(.application_vectors)
 <LI><a href="#[c]">sci_uart_txi_isr</a> from r_sci_uart.o(.text.sci_uart_txi_isr) referenced 4 times from vector_data.o(.application_vectors)
 <LI><a href="#[60]">uart5_callback</a> from my_uwb.o(.text.uart5_callback) referenced from car_thread.o(.rodata.g_uart5_cfg)
 <LI><a href="#[61]">uart7_callback</a> from debug.o(.text.uart7_callback) referenced from hal_data.o(.rodata.g_uart7_cfg)
 <LI><a href="#[62]">uart8_callback</a> from hc_04.o(.text.uart8_callback) referenced from show_thread.o(.rodata.g_uart8_cfg)
 <LI><a href="#[63]">uart9_callback</a> from my_imu.o(.text.uart9_callback) referenced from car_thread.o(.rodata.g_uart9_cfg)
 <LI><a href="#[1f]">vPortSVCHandler_C</a> from port.o(.text.vPortSVCHandler_C) referenced from port.o(.text.SVC_Handler)
</UL>
<P>
<H3>
Global Symbols
</H3>
<P><STRONG><a name="[b1]"></a>__aeabi_memcpy</STRONG> (Thumb, 36 bytes, Stack size 0 bytes, memcpya.o(.text))
<BR><BR>[Called By]<UL><LI><a href="#[133]">&gt;&gt;</a>&nbsp;&nbsp;&nbsp;xQueueReceive
<LI><a href="#[120]">&gt;&gt;</a>&nbsp;&nbsp;&nbsp;prvCopyDataToQueue
<LI><a href="#[fd]">&gt;&gt;</a>&nbsp;&nbsp;&nbsp;tril_read
<LI><a href="#[b0]">&gt;&gt;</a>&nbsp;&nbsp;&nbsp;EEPROMDrvWritePage
<LI><a href="#[b]">&gt;&gt;</a>&nbsp;&nbsp;&nbsp;sci_uart_rxi_isr
</UL>

<P><STRONG><a name="[f9]"></a>__aeabi_memcpy4</STRONG> (Thumb, 0 bytes, Stack size 0 bytes, memcpya.o(.text))
<BR><BR>[Called By]<UL><LI><a href="#[f5]">&gt;&gt;</a>&nbsp;&nbsp;&nbsp;SystemRuntimeInit
</UL>

<P><STRONG><a name="[16c]"></a>__aeabi_memcpy8</STRONG> (Thumb, 0 bytes, Stack size 0 bytes, memcpya.o(.text), UNUSED)

<P><STRONG><a name="[71]"></a>__aeabi_memset</STRONG> (Thumb, 14 bytes, Stack size 0 bytes, memseta.o(.text))
<BR><BR>[Called By]<UL><LI><a href="#[72]">&gt;&gt;</a>&nbsp;&nbsp;&nbsp;_memset$wrapper
<LI><a href="#[70]">&gt;&gt;</a>&nbsp;&nbsp;&nbsp;__aeabi_memclr
</UL>

<P><STRONG><a name="[16d]"></a>__aeabi_memset4</STRONG> (Thumb, 0 bytes, Stack size 0 bytes, memseta.o(.text), UNUSED)

<P><STRONG><a name="[16e]"></a>__aeabi_memset8</STRONG> (Thumb, 0 bytes, Stack size 0 bytes, memseta.o(.text), UNUSED)

<P><STRONG><a name="[70]"></a>__aeabi_memclr</STRONG> (Thumb, 4 bytes, Stack size 0 bytes, memseta.o(.text))
<BR><BR>[Calls]<UL><LI><a href="#[71]">&gt;&gt;</a>&nbsp;&nbsp;&nbsp;__aeabi_memset
</UL>
<BR>[Called By]<UL><LI><a href="#[97]">&gt;&gt;</a>&nbsp;&nbsp;&nbsp;xTaskCreateStatic
</UL>

<P><STRONG><a name="[d7]"></a>__aeabi_memclr4</STRONG> (Thumb, 0 bytes, Stack size 0 bytes, memseta.o(.text))
<BR><BR>[Called By]<UL><LI><a href="#[db]">&gt;&gt;</a>&nbsp;&nbsp;&nbsp;Protocol_Parse_And_Response
<LI><a href="#[a8]">&gt;&gt;</a>&nbsp;&nbsp;&nbsp;PID_Rest
<LI><a href="#[d9]">&gt;&gt;</a>&nbsp;&nbsp;&nbsp;PID_init
<LI><a href="#[f5]">&gt;&gt;</a>&nbsp;&nbsp;&nbsp;SystemRuntimeInit
</UL>

<P><STRONG><a name="[fe]"></a>__aeabi_memclr8</STRONG> (Thumb, 0 bytes, Stack size 0 bytes, memseta.o(.text))
<BR><BR>[Called By]<UL><LI><a href="#[fc]">&gt;&gt;</a>&nbsp;&nbsp;&nbsp;UWB_num_new
<LI><a href="#[107]">&gt;&gt;</a>&nbsp;&nbsp;&nbsp;tril_init
</UL>

<P><STRONG><a name="[72]"></a>_memset$wrapper</STRONG> (Thumb, 18 bytes, Stack size 8 bytes, memseta.o(.text), UNUSED)
<BR><BR>[Calls]<UL><LI><a href="#[71]">&gt;&gt;</a>&nbsp;&nbsp;&nbsp;__aeabi_memset
</UL>

<P><STRONG><a name="[b7]"></a>strncpy</STRONG> (Thumb, 24 bytes, Stack size 8 bytes, strncpy.o(.text))
<BR><BR>[Stack]<UL><LI>Max Depth = 8<LI>Call Chain = strncpy
</UL>
<BR>[Called By]<UL><LI><a href="#[b3]">&gt;&gt;</a>&nbsp;&nbsp;&nbsp;EEPROM_Load_To_RAM
<LI><a href="#[dd]">&gt;&gt;</a>&nbsp;&nbsp;&nbsp;StoreRecord_Sync
</UL>

<P><STRONG><a name="[dc]"></a>memcmp</STRONG> (Thumb, 26 bytes, Stack size 12 bytes, memcmp.o(.text))
<BR><BR>[Stack]<UL><LI>Max Depth = 12<LI>Call Chain = memcmp
</UL>
<BR>[Called By]<UL><LI><a href="#[db]">&gt;&gt;</a>&nbsp;&nbsp;&nbsp;Protocol_Parse_And_Response
<LI><a href="#[dd]">&gt;&gt;</a>&nbsp;&nbsp;&nbsp;StoreRecord_Sync
</UL>

<P><STRONG><a name="[73]"></a>__0sscanf</STRONG> (Thumb, 48 bytes, Stack size 72 bytes, __0sscanf.o(.text))
<BR><BR>[Stack]<UL><LI>Max Depth = 264<LI>Call Chain = __0sscanf &rArr; __vfscanf_char &rArr; __vfscanf &rArr; _scanf_real
</UL>
<BR>[Calls]<UL><LI><a href="#[74]">&gt;&gt;</a>&nbsp;&nbsp;&nbsp;__vfscanf_char
</UL>
<BR>[Called By]<UL><LI><a href="#[db]">&gt;&gt;</a>&nbsp;&nbsp;&nbsp;Protocol_Parse_And_Response
</UL>

<P><STRONG><a name="[75]"></a>_scanf_int</STRONG> (Thumb, 332 bytes, Stack size 56 bytes, _scanf_int.o(.text))
<BR><BR>[Stack]<UL><LI>Max Depth = 56<LI>Call Chain = _scanf_int
</UL>
<BR>[Calls]<UL><LI><a href="#[76]">&gt;&gt;</a>&nbsp;&nbsp;&nbsp;_chval
</UL>
<BR>[Called By]<UL><LI><a href="#[91]">&gt;&gt;</a>&nbsp;&nbsp;&nbsp;__vfscanf
</UL>

<P><STRONG><a name="[95]"></a>_scanf_string</STRONG> (Thumb, 224 bytes, Stack size 56 bytes, _scanf_str.o(.text))
<BR><BR>[Stack]<UL><LI>Max Depth = 56<LI>Call Chain = _scanf_string
</UL>
<BR>[Called By]<UL><LI><a href="#[91]">&gt;&gt;</a>&nbsp;&nbsp;&nbsp;__vfscanf
</UL>

<P><STRONG><a name="[94]"></a>_scanf_real</STRONG> (Thumb, 0 bytes, Stack size 104 bytes, scanf_fp.o(.text))
<BR><BR>[Stack]<UL><LI>Max Depth = 104<LI>Call Chain = _scanf_real
</UL>
<BR>[Called By]<UL><LI><a href="#[91]">&gt;&gt;</a>&nbsp;&nbsp;&nbsp;__vfscanf
</UL>

<P><STRONG><a name="[7b]"></a>_scanf_really_real</STRONG> (Thumb, 556 bytes, Stack size 104 bytes, scanf_fp.o(.text), UNUSED)
<BR><BR>[Calls]<UL><LI><a href="#[7d]">&gt;&gt;</a>&nbsp;&nbsp;&nbsp;__aeabi_d2f
<LI><a href="#[7c]">&gt;&gt;</a>&nbsp;&nbsp;&nbsp;_is_digit
<LI><a href="#[77]">&gt;&gt;</a>&nbsp;&nbsp;&nbsp;_fp_value
</UL>

<P><STRONG><a name="[7e]"></a>strtoul</STRONG> (Thumb, 114 bytes, Stack size 40 bytes, strtoul.o(.text))
<BR><BR>[Stack]<UL><LI>Max Depth = 80<LI>Call Chain = strtoul &rArr; _strtoul
</UL>
<BR>[Calls]<UL><LI><a href="#[81]">&gt;&gt;</a>&nbsp;&nbsp;&nbsp;_strtoul
<LI><a href="#[7f]">&gt;&gt;</a>&nbsp;&nbsp;&nbsp;__aeabi_errno_addr
<LI><a href="#[80]">&gt;&gt;</a>&nbsp;&nbsp;&nbsp;__rt_ctype_table
</UL>
<BR>[Called By]<UL><LI><a href="#[fd]">&gt;&gt;</a>&nbsp;&nbsp;&nbsp;tril_read
</UL>

<P><STRONG><a name="[82]"></a>__aeabi_dadd</STRONG> (Thumb, 322 bytes, Stack size 48 bytes, dadd.o(.text))
<BR><BR>[Stack]<UL><LI>Max Depth = 88<LI>Call Chain = __aeabi_dadd &rArr; _double_epilogue &rArr; _double_round
</UL>
<BR>[Calls]<UL><LI><a href="#[86]">&gt;&gt;</a>&nbsp;&nbsp;&nbsp;_double_round
<LI><a href="#[85]">&gt;&gt;</a>&nbsp;&nbsp;&nbsp;_double_epilogue
<LI><a href="#[84]">&gt;&gt;</a>&nbsp;&nbsp;&nbsp;__aeabi_lasr
<LI><a href="#[83]">&gt;&gt;</a>&nbsp;&nbsp;&nbsp;__aeabi_llsl
</UL>
<BR>[Called By]<UL><LI><a href="#[a2]">&gt;&gt;</a>&nbsp;&nbsp;&nbsp;car_goto_coll_do
<LI><a href="#[a5]">&gt;&gt;</a>&nbsp;&nbsp;&nbsp;car_goto_do
<LI><a href="#[139]">&gt;&gt;</a>&nbsp;&nbsp;&nbsp;set_cell_new
<LI><a href="#[ff]">&gt;&gt;</a>&nbsp;&nbsp;&nbsp;Ult_num_new
<LI><a href="#[fc]">&gt;&gt;</a>&nbsp;&nbsp;&nbsp;UWB_num_new
<LI><a href="#[c2]">&gt;&gt;</a>&nbsp;&nbsp;&nbsp;IMU_num_new
<LI><a href="#[f2]">&gt;&gt;</a>&nbsp;&nbsp;&nbsp;show_all
<LI><a href="#[bd]">&gt;&gt;</a>&nbsp;&nbsp;&nbsp;deca_3dlocate
<LI><a href="#[10b]">&gt;&gt;</a>&nbsp;&nbsp;&nbsp;trilateration
<LI><a href="#[13b]">&gt;&gt;</a>&nbsp;&nbsp;&nbsp;sphereline
<LI><a href="#[10c]">&gt;&gt;</a>&nbsp;&nbsp;&nbsp;gdoprate
<LI><a href="#[13e]">&gt;&gt;</a>&nbsp;&nbsp;&nbsp;vsum
<LI><a href="#[87]">&gt;&gt;</a>&nbsp;&nbsp;&nbsp;__aeabi_dsub
<LI><a href="#[102]">&gt;&gt;</a>&nbsp;&nbsp;&nbsp;my_servo_set
<LI><a href="#[d8]">&gt;&gt;</a>&nbsp;&nbsp;&nbsp;PID_Set
<LI><a href="#[bf]">&gt;&gt;</a>&nbsp;&nbsp;&nbsp;IMU_Read
<LI><a href="#[bb]">&gt;&gt;</a>&nbsp;&nbsp;&nbsp;Encoder_Read_speed
<LI><a href="#[15a]">&gt;&gt;</a>&nbsp;&nbsp;&nbsp;__kernel_poly
<LI><a href="#[15b]">&gt;&gt;</a>&nbsp;&nbsp;&nbsp;__mathlib_dbl_infnan2
<LI><a href="#[156]">&gt;&gt;</a>&nbsp;&nbsp;&nbsp;__mathlib_dbl_infnan
<LI><a href="#[155]">&gt;&gt;</a>&nbsp;&nbsp;&nbsp;__hardfp_atan
<LI><a href="#[168]">&gt;&gt;</a>&nbsp;&nbsp;&nbsp;_fp_digits
<LI><a href="#[c6]">&gt;&gt;</a>&nbsp;&nbsp;&nbsp;__hardfp_pow
<LI><a href="#[88]">&gt;&gt;</a>&nbsp;&nbsp;&nbsp;__aeabi_drsub
</UL>

<P><STRONG><a name="[87]"></a>__aeabi_dsub</STRONG> (Thumb, 6 bytes, Stack size 0 bytes, dadd.o(.text))
<BR><BR>[Stack]<UL><LI>Max Depth = 88<LI>Call Chain = __aeabi_dsub &rArr; __aeabi_dadd &rArr; _double_epilogue &rArr; _double_round
</UL>
<BR>[Calls]<UL><LI><a href="#[82]">&gt;&gt;</a>&nbsp;&nbsp;&nbsp;__aeabi_dadd
</UL>
<BR>[Called By]<UL><LI><a href="#[a2]">&gt;&gt;</a>&nbsp;&nbsp;&nbsp;car_goto_coll_do
<LI><a href="#[a5]">&gt;&gt;</a>&nbsp;&nbsp;&nbsp;car_goto_do
<LI><a href="#[a3]">&gt;&gt;</a>&nbsp;&nbsp;&nbsp;car_sum
<LI><a href="#[c2]">&gt;&gt;</a>&nbsp;&nbsp;&nbsp;IMU_num_new
<LI><a href="#[f2]">&gt;&gt;</a>&nbsp;&nbsp;&nbsp;show_all
<LI><a href="#[bd]">&gt;&gt;</a>&nbsp;&nbsp;&nbsp;deca_3dlocate
<LI><a href="#[10b]">&gt;&gt;</a>&nbsp;&nbsp;&nbsp;trilateration
<LI><a href="#[13b]">&gt;&gt;</a>&nbsp;&nbsp;&nbsp;sphereline
<LI><a href="#[10c]">&gt;&gt;</a>&nbsp;&nbsp;&nbsp;gdoprate
<LI><a href="#[10a]">&gt;&gt;</a>&nbsp;&nbsp;&nbsp;cross
<LI><a href="#[13f]">&gt;&gt;</a>&nbsp;&nbsp;&nbsp;vdiff
<LI><a href="#[102]">&gt;&gt;</a>&nbsp;&nbsp;&nbsp;my_servo_set
<LI><a href="#[155]">&gt;&gt;</a>&nbsp;&nbsp;&nbsp;__hardfp_atan
<LI><a href="#[c6]">&gt;&gt;</a>&nbsp;&nbsp;&nbsp;__hardfp_pow
<LI><a href="#[104]">&gt;&gt;</a>&nbsp;&nbsp;&nbsp;__hardfp_atan2
</UL>

<P><STRONG><a name="[88]"></a>__aeabi_drsub</STRONG> (Thumb, 6 bytes, Stack size 0 bytes, dadd.o(.text))
<BR><BR>[Stack]<UL><LI>Max Depth = 88<LI>Call Chain = __aeabi_drsub &rArr; __aeabi_dadd &rArr; _double_epilogue &rArr; _double_round
</UL>
<BR>[Calls]<UL><LI><a href="#[82]">&gt;&gt;</a>&nbsp;&nbsp;&nbsp;__aeabi_dadd
</UL>
<BR>[Called By]<UL><LI><a href="#[155]">&gt;&gt;</a>&nbsp;&nbsp;&nbsp;__hardfp_atan
<LI><a href="#[c6]">&gt;&gt;</a>&nbsp;&nbsp;&nbsp;__hardfp_pow
<LI><a href="#[104]">&gt;&gt;</a>&nbsp;&nbsp;&nbsp;__hardfp_atan2
</UL>

<P><STRONG><a name="[79]"></a>__aeabi_dmul</STRONG> (Thumb, 228 bytes, Stack size 48 bytes, dmul.o(.text))
<BR><BR>[Stack]<UL><LI>Max Depth = 88<LI>Call Chain = __aeabi_dmul &rArr; _double_epilogue &rArr; _double_round
</UL>
<BR>[Calls]<UL><LI><a href="#[85]">&gt;&gt;</a>&nbsp;&nbsp;&nbsp;_double_epilogue
</UL>
<BR>[Called By]<UL><LI><a href="#[a2]">&gt;&gt;</a>&nbsp;&nbsp;&nbsp;car_goto_coll_do
<LI><a href="#[a5]">&gt;&gt;</a>&nbsp;&nbsp;&nbsp;car_goto_do
<LI><a href="#[a3]">&gt;&gt;</a>&nbsp;&nbsp;&nbsp;car_sum
<LI><a href="#[139]">&gt;&gt;</a>&nbsp;&nbsp;&nbsp;set_cell_new
<LI><a href="#[fc]">&gt;&gt;</a>&nbsp;&nbsp;&nbsp;UWB_num_new
<LI><a href="#[c2]">&gt;&gt;</a>&nbsp;&nbsp;&nbsp;IMU_num_new
<LI><a href="#[113]">&gt;&gt;</a>&nbsp;&nbsp;&nbsp;new_cursor_back
<LI><a href="#[f2]">&gt;&gt;</a>&nbsp;&nbsp;&nbsp;show_all
<LI><a href="#[bd]">&gt;&gt;</a>&nbsp;&nbsp;&nbsp;deca_3dlocate
<LI><a href="#[10b]">&gt;&gt;</a>&nbsp;&nbsp;&nbsp;trilateration
<LI><a href="#[13b]">&gt;&gt;</a>&nbsp;&nbsp;&nbsp;sphereline
<LI><a href="#[10c]">&gt;&gt;</a>&nbsp;&nbsp;&nbsp;gdoprate
<LI><a href="#[10a]">&gt;&gt;</a>&nbsp;&nbsp;&nbsp;cross
<LI><a href="#[13d]">&gt;&gt;</a>&nbsp;&nbsp;&nbsp;vmul
<LI><a href="#[100]">&gt;&gt;</a>&nbsp;&nbsp;&nbsp;ult_ADC_Read
<LI><a href="#[102]">&gt;&gt;</a>&nbsp;&nbsp;&nbsp;my_servo_set
<LI><a href="#[d8]">&gt;&gt;</a>&nbsp;&nbsp;&nbsp;PID_Set
<LI><a href="#[bf]">&gt;&gt;</a>&nbsp;&nbsp;&nbsp;IMU_Read
<LI><a href="#[cf]">&gt;&gt;</a>&nbsp;&nbsp;&nbsp;Motor_PWM_Set
<LI><a href="#[bb]">&gt;&gt;</a>&nbsp;&nbsp;&nbsp;Encoder_Read_speed
<LI><a href="#[15a]">&gt;&gt;</a>&nbsp;&nbsp;&nbsp;__kernel_poly
<LI><a href="#[158]">&gt;&gt;</a>&nbsp;&nbsp;&nbsp;__mathlib_dbl_underflow
<LI><a href="#[163]">&gt;&gt;</a>&nbsp;&nbsp;&nbsp;__mathlib_dbl_overflow
<LI><a href="#[155]">&gt;&gt;</a>&nbsp;&nbsp;&nbsp;__hardfp_atan
<LI><a href="#[77]">&gt;&gt;</a>&nbsp;&nbsp;&nbsp;_fp_value
<LI><a href="#[168]">&gt;&gt;</a>&nbsp;&nbsp;&nbsp;_fp_digits
<LI><a href="#[c6]">&gt;&gt;</a>&nbsp;&nbsp;&nbsp;__hardfp_pow
</UL>

<P><STRONG><a name="[7a]"></a>__aeabi_ddiv</STRONG> (Thumb, 222 bytes, Stack size 32 bytes, ddiv.o(.text))
<BR><BR>[Stack]<UL><LI>Max Depth = 40<LI>Call Chain = __aeabi_ddiv &rArr; _double_round
</UL>
<BR>[Calls]<UL><LI><a href="#[86]">&gt;&gt;</a>&nbsp;&nbsp;&nbsp;_double_round
</UL>
<BR>[Called By]<UL><LI><a href="#[a2]">&gt;&gt;</a>&nbsp;&nbsp;&nbsp;car_goto_coll_do
<LI><a href="#[a5]">&gt;&gt;</a>&nbsp;&nbsp;&nbsp;car_goto_do
<LI><a href="#[a3]">&gt;&gt;</a>&nbsp;&nbsp;&nbsp;car_sum
<LI><a href="#[f2]">&gt;&gt;</a>&nbsp;&nbsp;&nbsp;show_all
<LI><a href="#[bc]">&gt;&gt;</a>&nbsp;&nbsp;&nbsp;GetLocation
<LI><a href="#[10b]">&gt;&gt;</a>&nbsp;&nbsp;&nbsp;trilateration
<LI><a href="#[13b]">&gt;&gt;</a>&nbsp;&nbsp;&nbsp;sphereline
<LI><a href="#[10c]">&gt;&gt;</a>&nbsp;&nbsp;&nbsp;gdoprate
<LI><a href="#[140]">&gt;&gt;</a>&nbsp;&nbsp;&nbsp;vdiv
<LI><a href="#[100]">&gt;&gt;</a>&nbsp;&nbsp;&nbsp;ult_ADC_Read
<LI><a href="#[102]">&gt;&gt;</a>&nbsp;&nbsp;&nbsp;my_servo_set
<LI><a href="#[bb]">&gt;&gt;</a>&nbsp;&nbsp;&nbsp;Encoder_Read_speed
<LI><a href="#[165]">&gt;&gt;</a>&nbsp;&nbsp;&nbsp;__mathlib_dbl_invalid
<LI><a href="#[162]">&gt;&gt;</a>&nbsp;&nbsp;&nbsp;__mathlib_dbl_divzero
<LI><a href="#[155]">&gt;&gt;</a>&nbsp;&nbsp;&nbsp;__hardfp_atan
<LI><a href="#[77]">&gt;&gt;</a>&nbsp;&nbsp;&nbsp;_fp_value
<LI><a href="#[168]">&gt;&gt;</a>&nbsp;&nbsp;&nbsp;_fp_digits
<LI><a href="#[c6]">&gt;&gt;</a>&nbsp;&nbsp;&nbsp;__hardfp_pow
<LI><a href="#[104]">&gt;&gt;</a>&nbsp;&nbsp;&nbsp;__hardfp_atan2
</UL>

<P><STRONG><a name="[de]"></a>__aeabi_dcmple</STRONG> (Thumb, 54 bytes, Stack size 12 bytes, dcmple.o(.text))
<BR><BR>[Stack]<UL><LI>Max Depth = 12<LI>Call Chain = __aeabi_dcmple
</UL>
<BR>[Called By]<UL><LI><a href="#[f2]">&gt;&gt;</a>&nbsp;&nbsp;&nbsp;show_all
<LI><a href="#[10b]">&gt;&gt;</a>&nbsp;&nbsp;&nbsp;trilateration
<LI><a href="#[db]">&gt;&gt;</a>&nbsp;&nbsp;&nbsp;Protocol_Parse_And_Response
</UL>

<P><STRONG><a name="[be]"></a>__aeabi_dcmplt</STRONG> (Thumb, 54 bytes, Stack size 12 bytes, dcmplt.o(.text))
<BR><BR>[Stack]<UL><LI>Max Depth = 12<LI>Call Chain = __aeabi_dcmplt
</UL>
<BR>[Called By]<UL><LI><a href="#[139]">&gt;&gt;</a>&nbsp;&nbsp;&nbsp;set_cell_new
<LI><a href="#[fc]">&gt;&gt;</a>&nbsp;&nbsp;&nbsp;UWB_num_new
<LI><a href="#[c2]">&gt;&gt;</a>&nbsp;&nbsp;&nbsp;IMU_num_new
<LI><a href="#[113]">&gt;&gt;</a>&nbsp;&nbsp;&nbsp;new_cursor_back
<LI><a href="#[f2]">&gt;&gt;</a>&nbsp;&nbsp;&nbsp;show_all
<LI><a href="#[bc]">&gt;&gt;</a>&nbsp;&nbsp;&nbsp;GetLocation
<LI><a href="#[10b]">&gt;&gt;</a>&nbsp;&nbsp;&nbsp;trilateration
<LI><a href="#[13b]">&gt;&gt;</a>&nbsp;&nbsp;&nbsp;sphereline
<LI><a href="#[10c]">&gt;&gt;</a>&nbsp;&nbsp;&nbsp;gdoprate
</UL>

<P><STRONG><a name="[c4]"></a>__aeabi_dcmpge</STRONG> (Thumb, 54 bytes, Stack size 12 bytes, dcmpge.o(.text))
<BR><BR>[Stack]<UL><LI>Max Depth = 12<LI>Call Chain = __aeabi_dcmpge
</UL>
<BR>[Called By]<UL><LI><a href="#[fc]">&gt;&gt;</a>&nbsp;&nbsp;&nbsp;UWB_num_new
<LI><a href="#[c2]">&gt;&gt;</a>&nbsp;&nbsp;&nbsp;IMU_num_new
<LI><a href="#[10b]">&gt;&gt;</a>&nbsp;&nbsp;&nbsp;trilateration
</UL>

<P><STRONG><a name="[c3]"></a>__aeabi_dcmpgt</STRONG> (Thumb, 54 bytes, Stack size 12 bytes, dcmpgt.o(.text))
<BR><BR>[Stack]<UL><LI>Max Depth = 12<LI>Call Chain = __aeabi_dcmpgt
</UL>
<BR>[Called By]<UL><LI><a href="#[c2]">&gt;&gt;</a>&nbsp;&nbsp;&nbsp;IMU_num_new
<LI><a href="#[bd]">&gt;&gt;</a>&nbsp;&nbsp;&nbsp;deca_3dlocate
<LI><a href="#[10b]">&gt;&gt;</a>&nbsp;&nbsp;&nbsp;trilateration
<LI><a href="#[db]">&gt;&gt;</a>&nbsp;&nbsp;&nbsp;Protocol_Parse_And_Response
</UL>

<P><STRONG><a name="[13c]"></a>__aeabi_dcmpeq</STRONG> (Thumb, 56 bytes, Stack size 12 bytes, dcmpeq.o(.text))
<BR><BR>[Stack]<UL><LI>Max Depth = 12<LI>Call Chain = __aeabi_dcmpeq
</UL>
<BR>[Called By]<UL><LI><a href="#[10b]">&gt;&gt;</a>&nbsp;&nbsp;&nbsp;trilateration
<LI><a href="#[13b]">&gt;&gt;</a>&nbsp;&nbsp;&nbsp;sphereline
</UL>

<P><STRONG><a name="[89]"></a>__aeabi_i2d</STRONG> (Thumb, 34 bytes, Stack size 16 bytes, dflti.o(.text))
<BR><BR>[Stack]<UL><LI>Max Depth = 56<LI>Call Chain = __aeabi_i2d &rArr; _double_epilogue &rArr; _double_round
</UL>
<BR>[Calls]<UL><LI><a href="#[85]">&gt;&gt;</a>&nbsp;&nbsp;&nbsp;_double_epilogue
</UL>
<BR>[Called By]<UL><LI><a href="#[113]">&gt;&gt;</a>&nbsp;&nbsp;&nbsp;new_cursor_back
<LI><a href="#[f2]">&gt;&gt;</a>&nbsp;&nbsp;&nbsp;show_all
<LI><a href="#[bc]">&gt;&gt;</a>&nbsp;&nbsp;&nbsp;GetLocation
<LI><a href="#[bf]">&gt;&gt;</a>&nbsp;&nbsp;&nbsp;IMU_Read
<LI><a href="#[c6]">&gt;&gt;</a>&nbsp;&nbsp;&nbsp;__hardfp_pow
</UL>

<P><STRONG><a name="[8a]"></a>__aeabi_ui2d</STRONG> (Thumb, 26 bytes, Stack size 16 bytes, dfltui.o(.text))
<BR><BR>[Stack]<UL><LI>Max Depth = 56<LI>Call Chain = __aeabi_ui2d &rArr; _double_epilogue &rArr; _double_round
</UL>
<BR>[Calls]<UL><LI><a href="#[85]">&gt;&gt;</a>&nbsp;&nbsp;&nbsp;_double_epilogue
</UL>
<BR>[Called By]<UL><LI><a href="#[103]">&gt;&gt;</a>&nbsp;&nbsp;&nbsp;car_Collision_gouse
<LI><a href="#[a4]">&gt;&gt;</a>&nbsp;&nbsp;&nbsp;car_Collision
<LI><a href="#[a3]">&gt;&gt;</a>&nbsp;&nbsp;&nbsp;car_sum
<LI><a href="#[c2]">&gt;&gt;</a>&nbsp;&nbsp;&nbsp;IMU_num_new
<LI><a href="#[113]">&gt;&gt;</a>&nbsp;&nbsp;&nbsp;new_cursor_back
<LI><a href="#[f2]">&gt;&gt;</a>&nbsp;&nbsp;&nbsp;show_all
<LI><a href="#[100]">&gt;&gt;</a>&nbsp;&nbsp;&nbsp;ult_ADC_Read
<LI><a href="#[102]">&gt;&gt;</a>&nbsp;&nbsp;&nbsp;my_servo_set
<LI><a href="#[cf]">&gt;&gt;</a>&nbsp;&nbsp;&nbsp;Motor_PWM_Set
</UL>

<P><STRONG><a name="[8b]"></a>__aeabi_l2d</STRONG> (Thumb, 40 bytes, Stack size 24 bytes, dfltl.o(.text))
<BR><BR>[Stack]<UL><LI>Max Depth = 64<LI>Call Chain = __aeabi_l2d &rArr; _double_epilogue &rArr; _double_round
</UL>
<BR>[Calls]<UL><LI><a href="#[85]">&gt;&gt;</a>&nbsp;&nbsp;&nbsp;_double_epilogue
</UL>
<BR>[Called By]<UL><LI><a href="#[bb]">&gt;&gt;</a>&nbsp;&nbsp;&nbsp;Encoder_Read_speed
</UL>

<P><STRONG><a name="[8c]"></a>__aeabi_d2iz</STRONG> (Thumb, 62 bytes, Stack size 16 bytes, dfixi.o(.text))
<BR><BR>[Stack]<UL><LI>Max Depth = 16<LI>Call Chain = __aeabi_d2iz
</UL>
<BR>[Calls]<UL><LI><a href="#[8d]">&gt;&gt;</a>&nbsp;&nbsp;&nbsp;__aeabi_llsr
</UL>
<BR>[Called By]<UL><LI><a href="#[103]">&gt;&gt;</a>&nbsp;&nbsp;&nbsp;car_Collision_gouse
<LI><a href="#[a4]">&gt;&gt;</a>&nbsp;&nbsp;&nbsp;car_Collision
<LI><a href="#[a3]">&gt;&gt;</a>&nbsp;&nbsp;&nbsp;car_sum
<LI><a href="#[ff]">&gt;&gt;</a>&nbsp;&nbsp;&nbsp;Ult_num_new
<LI><a href="#[fc]">&gt;&gt;</a>&nbsp;&nbsp;&nbsp;UWB_num_new
<LI><a href="#[f2]">&gt;&gt;</a>&nbsp;&nbsp;&nbsp;show_all
</UL>

<P><STRONG><a name="[8e]"></a>__aeabi_d2uiz</STRONG> (Thumb, 50 bytes, Stack size 8 bytes, dfixui.o(.text))
<BR><BR>[Stack]<UL><LI>Max Depth = 8<LI>Call Chain = __aeabi_d2uiz
</UL>
<BR>[Calls]<UL><LI><a href="#[8d]">&gt;&gt;</a>&nbsp;&nbsp;&nbsp;__aeabi_llsr
</UL>
<BR>[Called By]<UL><LI><a href="#[a3]">&gt;&gt;</a>&nbsp;&nbsp;&nbsp;car_sum
<LI><a href="#[139]">&gt;&gt;</a>&nbsp;&nbsp;&nbsp;set_cell_new
<LI><a href="#[fc]">&gt;&gt;</a>&nbsp;&nbsp;&nbsp;UWB_num_new
<LI><a href="#[c2]">&gt;&gt;</a>&nbsp;&nbsp;&nbsp;IMU_num_new
<LI><a href="#[113]">&gt;&gt;</a>&nbsp;&nbsp;&nbsp;new_cursor_back
<LI><a href="#[f2]">&gt;&gt;</a>&nbsp;&nbsp;&nbsp;show_all
<LI><a href="#[102]">&gt;&gt;</a>&nbsp;&nbsp;&nbsp;my_servo_set
<LI><a href="#[cf]">&gt;&gt;</a>&nbsp;&nbsp;&nbsp;Motor_PWM_Set
</UL>

<P><STRONG><a name="[d0]"></a>__aeabi_f2d</STRONG> (Thumb, 38 bytes, Stack size 0 bytes, f2d.o(.text))
<BR><BR>[Called By]<UL><LI><a href="#[a2]">&gt;&gt;</a>&nbsp;&nbsp;&nbsp;car_goto_coll_do
<LI><a href="#[103]">&gt;&gt;</a>&nbsp;&nbsp;&nbsp;car_Collision_gouse
<LI><a href="#[a5]">&gt;&gt;</a>&nbsp;&nbsp;&nbsp;car_goto_do
<LI><a href="#[a4]">&gt;&gt;</a>&nbsp;&nbsp;&nbsp;car_Collision
<LI><a href="#[a3]">&gt;&gt;</a>&nbsp;&nbsp;&nbsp;car_sum
<LI><a href="#[f2]">&gt;&gt;</a>&nbsp;&nbsp;&nbsp;show_all
<LI><a href="#[db]">&gt;&gt;</a>&nbsp;&nbsp;&nbsp;Protocol_Parse_And_Response
<LI><a href="#[d8]">&gt;&gt;</a>&nbsp;&nbsp;&nbsp;PID_Set
<LI><a href="#[a9]">&gt;&gt;</a>&nbsp;&nbsp;&nbsp;Motor_Set
</UL>

<P><STRONG><a name="[7d]"></a>__aeabi_d2f</STRONG> (Thumb, 56 bytes, Stack size 8 bytes, d2f.o(.text))
<BR><BR>[Stack]<UL><LI>Max Depth = 8<LI>Call Chain = __aeabi_d2f
</UL>
<BR>[Calls]<UL><LI><a href="#[8f]">&gt;&gt;</a>&nbsp;&nbsp;&nbsp;_float_round
</UL>
<BR>[Called By]<UL><LI><a href="#[a2]">&gt;&gt;</a>&nbsp;&nbsp;&nbsp;car_goto_coll_do
<LI><a href="#[a5]">&gt;&gt;</a>&nbsp;&nbsp;&nbsp;car_goto_do
<LI><a href="#[f2]">&gt;&gt;</a>&nbsp;&nbsp;&nbsp;show_all
<LI><a href="#[d8]">&gt;&gt;</a>&nbsp;&nbsp;&nbsp;PID_Set
<LI><a href="#[7b]">&gt;&gt;</a>&nbsp;&nbsp;&nbsp;_scanf_really_real
</UL>

<P><STRONG><a name="[16f]"></a>__aeabi_uidiv</STRONG> (Thumb, 0 bytes, Stack size 12 bytes, uidiv.o(.text), UNUSED)

<P><STRONG><a name="[16b]"></a>__aeabi_uidivmod</STRONG> (Thumb, 44 bytes, Stack size 12 bytes, uidiv.o(.text), UNUSED)
<BR><BR>[Called By]<UL><LI><a href="#[153]">&gt;&gt;</a>&nbsp;&nbsp;&nbsp;_printf_core
</UL>

<P><STRONG><a name="[90]"></a>__aeabi_uldivmod</STRONG> (Thumb, 98 bytes, Stack size 40 bytes, uldiv.o(.text), UNUSED)
<BR><BR>[Calls]<UL><LI><a href="#[8d]">&gt;&gt;</a>&nbsp;&nbsp;&nbsp;__aeabi_llsr
<LI><a href="#[83]">&gt;&gt;</a>&nbsp;&nbsp;&nbsp;__aeabi_llsl
</UL>
<BR>[Called By]<UL><LI><a href="#[153]">&gt;&gt;</a>&nbsp;&nbsp;&nbsp;_printf_core
<LI><a href="#[168]">&gt;&gt;</a>&nbsp;&nbsp;&nbsp;_fp_digits
</UL>

<P><STRONG><a name="[83]"></a>__aeabi_llsl</STRONG> (Thumb, 30 bytes, Stack size 0 bytes, llshl.o(.text))
<BR><BR>[Called By]<UL><LI><a href="#[82]">&gt;&gt;</a>&nbsp;&nbsp;&nbsp;__aeabi_dadd
<LI><a href="#[85]">&gt;&gt;</a>&nbsp;&nbsp;&nbsp;_double_epilogue
<LI><a href="#[93]">&gt;&gt;</a>&nbsp;&nbsp;&nbsp;__aeabi_d2ulz
<LI><a href="#[90]">&gt;&gt;</a>&nbsp;&nbsp;&nbsp;__aeabi_uldivmod
</UL>

<P><STRONG><a name="[170]"></a>_ll_shift_l</STRONG> (Thumb, 0 bytes, Stack size 0 bytes, llshl.o(.text), UNUSED)

<P><STRONG><a name="[8d]"></a>__aeabi_llsr</STRONG> (Thumb, 32 bytes, Stack size 0 bytes, llushr.o(.text))
<BR><BR>[Called By]<UL><LI><a href="#[8c]">&gt;&gt;</a>&nbsp;&nbsp;&nbsp;__aeabi_d2iz
<LI><a href="#[8e]">&gt;&gt;</a>&nbsp;&nbsp;&nbsp;__aeabi_d2uiz
<LI><a href="#[85]">&gt;&gt;</a>&nbsp;&nbsp;&nbsp;_double_epilogue
<LI><a href="#[93]">&gt;&gt;</a>&nbsp;&nbsp;&nbsp;__aeabi_d2ulz
<LI><a href="#[92]">&gt;&gt;</a>&nbsp;&nbsp;&nbsp;_dsqrt
<LI><a href="#[90]">&gt;&gt;</a>&nbsp;&nbsp;&nbsp;__aeabi_uldivmod
</UL>

<P><STRONG><a name="[171]"></a>_ll_ushift_r</STRONG> (Thumb, 0 bytes, Stack size 0 bytes, llushr.o(.text), UNUSED)

<P><STRONG><a name="[84]"></a>__aeabi_lasr</STRONG> (Thumb, 36 bytes, Stack size 0 bytes, llsshr.o(.text))
<BR><BR>[Called By]<UL><LI><a href="#[82]">&gt;&gt;</a>&nbsp;&nbsp;&nbsp;__aeabi_dadd
</UL>

<P><STRONG><a name="[172]"></a>_ll_sshift_r</STRONG> (Thumb, 0 bytes, Stack size 0 bytes, llsshr.o(.text), UNUSED)

<P><STRONG><a name="[80]"></a>__rt_ctype_table</STRONG> (Thumb, 4 bytes, Stack size 0 bytes, ctype_o.o(.text))
<BR><BR>[Called By]<UL><LI><a href="#[7e]">&gt;&gt;</a>&nbsp;&nbsp;&nbsp;strtoul
<LI><a href="#[1c]">&gt;&gt;</a>&nbsp;&nbsp;&nbsp;isspace
</UL>

<P><STRONG><a name="[1c]"></a>isspace</STRONG> (Thumb, 18 bytes, Stack size 8 bytes, isspace_o.o(.text))
<BR><BR>[Stack]<UL><LI>Max Depth = 8<LI>Call Chain = isspace
</UL>
<BR>[Calls]<UL><LI><a href="#[80]">&gt;&gt;</a>&nbsp;&nbsp;&nbsp;__rt_ctype_table
</UL>
<BR>[Address Reference Count : 1]<UL><LI> scanf_char.o(.text)
</UL>
<P><STRONG><a name="[76]"></a>_chval</STRONG> (Thumb, 28 bytes, Stack size 0 bytes, _chval.o(.text))
<BR><BR>[Called By]<UL><LI><a href="#[75]">&gt;&gt;</a>&nbsp;&nbsp;&nbsp;_scanf_int
<LI><a href="#[81]">&gt;&gt;</a>&nbsp;&nbsp;&nbsp;_strtoul
</UL>

<P><STRONG><a name="[74]"></a>__vfscanf_char</STRONG> (Thumb, 20 bytes, Stack size 0 bytes, scanf_char.o(.text))
<BR><BR>[Stack]<UL><LI>Max Depth = 192<LI>Call Chain = __vfscanf_char &rArr; __vfscanf &rArr; _scanf_real
</UL>
<BR>[Calls]<UL><LI><a href="#[91]">&gt;&gt;</a>&nbsp;&nbsp;&nbsp;__vfscanf
</UL>
<BR>[Called By]<UL><LI><a href="#[73]">&gt;&gt;</a>&nbsp;&nbsp;&nbsp;__0sscanf
</UL>

<P><STRONG><a name="[19]"></a>_sgetc</STRONG> (Thumb, 30 bytes, Stack size 0 bytes, _sgetc.o(.text))
<BR>[Address Reference Count : 1]<UL><LI> __0sscanf.o(.text)
</UL>
<P><STRONG><a name="[1a]"></a>_sbackspace</STRONG> (Thumb, 34 bytes, Stack size 0 bytes, _sgetc.o(.text))
<BR>[Address Reference Count : 1]<UL><LI> __0sscanf.o(.text)
</UL>
<P><STRONG><a name="[81]"></a>_strtoul</STRONG> (Thumb, 158 bytes, Stack size 40 bytes, _strtoul.o(.text))
<BR><BR>[Stack]<UL><LI>Max Depth = 40<LI>Call Chain = _strtoul
</UL>
<BR>[Calls]<UL><LI><a href="#[76]">&gt;&gt;</a>&nbsp;&nbsp;&nbsp;_chval
<LI><a href="#[7f]">&gt;&gt;</a>&nbsp;&nbsp;&nbsp;__aeabi_errno_addr
</UL>
<BR>[Called By]<UL><LI><a href="#[7e]">&gt;&gt;</a>&nbsp;&nbsp;&nbsp;strtoul
</UL>

<P><STRONG><a name="[173]"></a>__I$use$fp</STRONG> (Thumb, 0 bytes, Stack size 0 bytes, iusefp.o(.text), UNUSED)

<P><STRONG><a name="[8f]"></a>_float_round</STRONG> (Thumb, 18 bytes, Stack size 0 bytes, fepilogue.o(.text))
<BR><BR>[Called By]<UL><LI><a href="#[7d]">&gt;&gt;</a>&nbsp;&nbsp;&nbsp;__aeabi_d2f
</UL>

<P><STRONG><a name="[174]"></a>_float_epilogue</STRONG> (Thumb, 92 bytes, Stack size 4 bytes, fepilogue.o(.text), UNUSED)

<P><STRONG><a name="[86]"></a>_double_round</STRONG> (Thumb, 30 bytes, Stack size 8 bytes, depilogue.o(.text))
<BR><BR>[Stack]<UL><LI>Max Depth = 8<LI>Call Chain = _double_round
</UL>
<BR>[Called By]<UL><LI><a href="#[82]">&gt;&gt;</a>&nbsp;&nbsp;&nbsp;__aeabi_dadd
<LI><a href="#[7a]">&gt;&gt;</a>&nbsp;&nbsp;&nbsp;__aeabi_ddiv
<LI><a href="#[85]">&gt;&gt;</a>&nbsp;&nbsp;&nbsp;_double_epilogue
<LI><a href="#[92]">&gt;&gt;</a>&nbsp;&nbsp;&nbsp;_dsqrt
</UL>

<P><STRONG><a name="[85]"></a>_double_epilogue</STRONG> (Thumb, 156 bytes, Stack size 32 bytes, depilogue.o(.text))
<BR><BR>[Stack]<UL><LI>Max Depth = 40<LI>Call Chain = _double_epilogue &rArr; _double_round
</UL>
<BR>[Calls]<UL><LI><a href="#[86]">&gt;&gt;</a>&nbsp;&nbsp;&nbsp;_double_round
<LI><a href="#[8d]">&gt;&gt;</a>&nbsp;&nbsp;&nbsp;__aeabi_llsr
<LI><a href="#[83]">&gt;&gt;</a>&nbsp;&nbsp;&nbsp;__aeabi_llsl
</UL>
<BR>[Called By]<UL><LI><a href="#[89]">&gt;&gt;</a>&nbsp;&nbsp;&nbsp;__aeabi_i2d
<LI><a href="#[8a]">&gt;&gt;</a>&nbsp;&nbsp;&nbsp;__aeabi_ui2d
<LI><a href="#[79]">&gt;&gt;</a>&nbsp;&nbsp;&nbsp;__aeabi_dmul
<LI><a href="#[82]">&gt;&gt;</a>&nbsp;&nbsp;&nbsp;__aeabi_dadd
<LI><a href="#[8b]">&gt;&gt;</a>&nbsp;&nbsp;&nbsp;__aeabi_l2d
<LI><a href="#[78]">&gt;&gt;</a>&nbsp;&nbsp;&nbsp;__aeabi_ul2d
</UL>

<P><STRONG><a name="[167]"></a>__ARM_scalbn</STRONG> (Thumb, 46 bytes, Stack size 16 bytes, dscalb.o(.text))
<BR><BR>[Stack]<UL><LI>Max Depth = 16<LI>Call Chain = __ARM_scalbn
</UL>
<BR>[Called By]<UL><LI><a href="#[c6]">&gt;&gt;</a>&nbsp;&nbsp;&nbsp;__hardfp_pow
</UL>

<P><STRONG><a name="[175]"></a>scalbn</STRONG> (Thumb, 0 bytes, Stack size 16 bytes, dscalb.o(.text), UNUSED)

<P><STRONG><a name="[92]"></a>_dsqrt</STRONG> (Thumb, 162 bytes, Stack size 32 bytes, dsqrt.o(.text))
<BR><BR>[Stack]<UL><LI>Max Depth = 40<LI>Call Chain = _dsqrt &rArr; _double_round
</UL>
<BR>[Calls]<UL><LI><a href="#[86]">&gt;&gt;</a>&nbsp;&nbsp;&nbsp;_double_round
<LI><a href="#[8d]">&gt;&gt;</a>&nbsp;&nbsp;&nbsp;__aeabi_llsr
</UL>
<BR>[Called By]<UL><LI><a href="#[164]">&gt;&gt;</a>&nbsp;&nbsp;&nbsp;sqrt
<LI><a href="#[105]">&gt;&gt;</a>&nbsp;&nbsp;&nbsp;__hardfp_sqrt
</UL>

<P><STRONG><a name="[78]"></a>__aeabi_ul2d</STRONG> (Thumb, 24 bytes, Stack size 16 bytes, dfltul.o(.text), UNUSED)
<BR><BR>[Calls]<UL><LI><a href="#[85]">&gt;&gt;</a>&nbsp;&nbsp;&nbsp;_double_epilogue
</UL>
<BR>[Called By]<UL><LI><a href="#[77]">&gt;&gt;</a>&nbsp;&nbsp;&nbsp;_fp_value
</UL>

<P><STRONG><a name="[93]"></a>__aeabi_d2ulz</STRONG> (Thumb, 48 bytes, Stack size 0 bytes, dfixul.o(.text), UNUSED)
<BR><BR>[Calls]<UL><LI><a href="#[8d]">&gt;&gt;</a>&nbsp;&nbsp;&nbsp;__aeabi_llsr
<LI><a href="#[83]">&gt;&gt;</a>&nbsp;&nbsp;&nbsp;__aeabi_llsl
</UL>
<BR>[Called By]<UL><LI><a href="#[168]">&gt;&gt;</a>&nbsp;&nbsp;&nbsp;_fp_digits
</UL>

<P><STRONG><a name="[15d]"></a>__aeabi_cdcmpeq</STRONG> (Thumb, 0 bytes, Stack size 0 bytes, cdcmple.o(.text))
<BR><BR>[Called By]<UL><LI><a href="#[104]">&gt;&gt;</a>&nbsp;&nbsp;&nbsp;__hardfp_atan2
</UL>

<P><STRONG><a name="[176]"></a>__aeabi_cdcmple</STRONG> (Thumb, 48 bytes, Stack size 0 bytes, cdcmple.o(.text), UNUSED)

<P><STRONG><a name="[166]"></a>__aeabi_cdrcmple</STRONG> (Thumb, 48 bytes, Stack size 0 bytes, cdrcmple.o(.text))
<BR><BR>[Called By]<UL><LI><a href="#[168]">&gt;&gt;</a>&nbsp;&nbsp;&nbsp;_fp_digits
<LI><a href="#[c6]">&gt;&gt;</a>&nbsp;&nbsp;&nbsp;__hardfp_pow
</UL>

<P><STRONG><a name="[91]"></a>__vfscanf</STRONG> (Thumb, 808 bytes, Stack size 88 bytes, _scanf.o(.text))
<BR><BR>[Stack]<UL><LI>Max Depth = 192<LI>Call Chain = __vfscanf &rArr; _scanf_real
</UL>
<BR>[Calls]<UL><LI><a href="#[94]">&gt;&gt;</a>&nbsp;&nbsp;&nbsp;_scanf_real
<LI><a href="#[95]">&gt;&gt;</a>&nbsp;&nbsp;&nbsp;_scanf_string
<LI><a href="#[75]">&gt;&gt;</a>&nbsp;&nbsp;&nbsp;_scanf_int
</UL>
<BR>[Called By]<UL><LI><a href="#[74]">&gt;&gt;</a>&nbsp;&nbsp;&nbsp;__vfscanf_char
</UL>

<P><STRONG><a name="[141]"></a>ADCDrvRead</STRONG> (Thumb, 98 bytes, Stack size 32 bytes, my_ultrasonic_adc.o(.text.ADCDrvRead))
<BR><BR>[Stack]<UL><LI>Max Depth = 32<LI>Call Chain = ADCDrvRead
</UL>
<BR>[Called By]<UL><LI><a href="#[100]">&gt;&gt;</a>&nbsp;&nbsp;&nbsp;ult_ADC_Read
</UL>

<P><STRONG><a name="[96]"></a>Car_Thread_create</STRONG> (Thumb, 100 bytes, Stack size 24 bytes, car_thread.o(.text.Car_Thread_create))
<BR><BR>[Stack]<UL><LI>Max Depth = 112<LI>Call Chain = Car_Thread_create &rArr; xTaskCreateStatic &rArr; prvInitialiseNewTask
</UL>
<BR>[Calls]<UL><LI><a href="#[98]">&gt;&gt;</a>&nbsp;&nbsp;&nbsp;rtos_startup_err_callback
<LI><a href="#[97]">&gt;&gt;</a>&nbsp;&nbsp;&nbsp;xTaskCreateStatic
</UL>
<BR>[Called By]<UL><LI><a href="#[ec]">&gt;&gt;</a>&nbsp;&nbsp;&nbsp;main
</UL>

<P><STRONG><a name="[99]"></a>Car_Thread_entry</STRONG> (Thumb, 488 bytes, Stack size 0 bytes, car_thread_entry.o(.text.Car_Thread_entry))
<BR><BR>[Stack]<UL><LI>Max Depth = 1496<LI>Call Chain = Car_Thread_entry &rArr; car_goto_coll_do &rArr; tril_read &rArr; GetLocation &rArr; deca_3dlocate &rArr; trilateration &rArr; sphereline &rArr; __aeabi_dsub &rArr; __aeabi_dadd &rArr; _double_epilogue &rArr; _double_round
</UL>
<BR>[Calls]<UL><LI><a href="#[9a]">&gt;&gt;</a>&nbsp;&nbsp;&nbsp;debug_init
<LI><a href="#[a2]">&gt;&gt;</a>&nbsp;&nbsp;&nbsp;car_goto_coll_do
<LI><a href="#[a5]">&gt;&gt;</a>&nbsp;&nbsp;&nbsp;car_goto_do
<LI><a href="#[9d]">&gt;&gt;</a>&nbsp;&nbsp;&nbsp;car_door_set
<LI><a href="#[a4]">&gt;&gt;</a>&nbsp;&nbsp;&nbsp;car_Collision
<LI><a href="#[9e]">&gt;&gt;</a>&nbsp;&nbsp;&nbsp;car_ATurning
<LI><a href="#[9f]">&gt;&gt;</a>&nbsp;&nbsp;&nbsp;car_RTurning
<LI><a href="#[a7]">&gt;&gt;</a>&nbsp;&nbsp;&nbsp;car_A_always_run
<LI><a href="#[a3]">&gt;&gt;</a>&nbsp;&nbsp;&nbsp;car_sum
<LI><a href="#[9b]">&gt;&gt;</a>&nbsp;&nbsp;&nbsp;car_init
<LI><a href="#[a6]">&gt;&gt;</a>&nbsp;&nbsp;&nbsp;Morse
<LI><a href="#[a8]">&gt;&gt;</a>&nbsp;&nbsp;&nbsp;PID_Rest
<LI><a href="#[a1]">&gt;&gt;</a>&nbsp;&nbsp;&nbsp;xQueueGenericSend
<LI><a href="#[a0]">&gt;&gt;</a>&nbsp;&nbsp;&nbsp;xQueueSemaphoreTake
<LI><a href="#[a9]">&gt;&gt;</a>&nbsp;&nbsp;&nbsp;Motor_Set
<LI><a href="#[9c]">&gt;&gt;</a>&nbsp;&nbsp;&nbsp;vTaskDelay
</UL>
<BR>[Called By]<UL><LI><a href="#[1d]">&gt;&gt;</a>&nbsp;&nbsp;&nbsp;Car_Thread_func
</UL>

<P><STRONG><a name="[4]"></a>BusFault_Handler</STRONG> (Thumb, 4 bytes, Stack size 0 bytes, startup.o(.text.Default_Handler))
<BR>[Address Reference Count : 1]<UL><LI> startup.o(.fixed_vectors)
</UL>
<P><STRONG><a name="[8]"></a>DebugMon_Handler</STRONG> (Thumb, 4 bytes, Stack size 0 bytes, startup.o(.text.Default_Handler))
<BR>[Address Reference Count : 1]<UL><LI> startup.o(.fixed_vectors)
</UL>
<P><STRONG><a name="[177]"></a>Default_Handler</STRONG> (Thumb, 4 bytes, Stack size 0 bytes, startup.o(.text.Default_Handler), UNUSED)

<P><STRONG><a name="[2]"></a>HardFault_Handler</STRONG> (Thumb, 4 bytes, Stack size 0 bytes, startup.o(.text.Default_Handler))
<BR>[Address Reference Count : 1]<UL><LI> startup.o(.fixed_vectors)
</UL>
<P><STRONG><a name="[3]"></a>MemManage_Handler</STRONG> (Thumb, 4 bytes, Stack size 0 bytes, startup.o(.text.Default_Handler))
<BR>[Address Reference Count : 1]<UL><LI> startup.o(.fixed_vectors)
</UL>
<P><STRONG><a name="[6]"></a>SecureFault_Handler</STRONG> (Thumb, 4 bytes, Stack size 0 bytes, startup.o(.text.Default_Handler))
<BR>[Address Reference Count : 1]<UL><LI> startup.o(.fixed_vectors)
</UL>
<P><STRONG><a name="[5]"></a>UsageFault_Handler</STRONG> (Thumb, 4 bytes, Stack size 0 bytes, startup.o(.text.Default_Handler))
<BR>[Address Reference Count : 1]<UL><LI> startup.o(.fixed_vectors)
</UL>
<P><STRONG><a name="[16]"></a>EEPROMDrvInit</STRONG> (Thumb, 52 bytes, Stack size 8 bytes, eeprom.o(.text.EEPROMDrvInit))
<BR><BR>[Stack]<UL><LI>Max Depth = 32<LI>Call Chain = EEPROMDrvInit &rArr; puts &rArr; fputc
</UL>
<BR>[Calls]<UL><LI><a href="#[ab]">&gt;&gt;</a>&nbsp;&nbsp;&nbsp;puts
</UL>
<BR>[Address Reference Count : 1]<UL><LI> eeprom.o(.data.gEepromDev)
</UL>
<P><STRONG><a name="[18]"></a>EEPROMDrvRead</STRONG> (Thumb, 90 bytes, Stack size 32 bytes, eeprom.o(.text.EEPROMDrvRead))
<BR><BR>[Stack]<UL><LI>Max Depth = 48<LI>Call Chain = EEPROMDrvRead &rArr; I2C4WaitRxCplt
</UL>
<BR>[Calls]<UL><LI><a href="#[ae]">&gt;&gt;</a>&nbsp;&nbsp;&nbsp;I2C4WaitRxCplt
<LI><a href="#[ad]">&gt;&gt;</a>&nbsp;&nbsp;&nbsp;R_BSP_SoftwareDelay
<LI><a href="#[ac]">&gt;&gt;</a>&nbsp;&nbsp;&nbsp;I2C4WaitTxCplt
</UL>
<BR>[Called By]<UL><LI><a href="#[dd]">&gt;&gt;</a>&nbsp;&nbsp;&nbsp;StoreRecord_Sync
</UL>
<BR>[Address Reference Count : 1]<UL><LI> eeprom.o(.data.gEepromDev)
</UL>
<P><STRONG><a name="[17]"></a>EEPROMDrvWriteBuff</STRONG> (Thumb, 140 bytes, Stack size 32 bytes, eeprom.o(.text.EEPROMDrvWriteBuff))
<BR><BR>[Stack]<UL><LI>Max Depth = 72<LI>Call Chain = EEPROMDrvWriteBuff &rArr; EEPROMDrvWritePage &rArr; I2C4WaitTxCplt
</UL>
<BR>[Calls]<UL><LI><a href="#[b0]">&gt;&gt;</a>&nbsp;&nbsp;&nbsp;EEPROMDrvWritePage
<LI><a href="#[af]">&gt;&gt;</a>&nbsp;&nbsp;&nbsp;EEPROMDrvWriteByte
</UL>
<BR>[Address Reference Count : 1]<UL><LI> eeprom.o(.data.gEepromDev)
</UL>
<P><STRONG><a name="[af]"></a>EEPROMDrvWriteByte</STRONG> (Thumb, 60 bytes, Stack size 16 bytes, eeprom.o(.text.EEPROMDrvWriteByte))
<BR><BR>[Stack]<UL><LI>Max Depth = 32<LI>Call Chain = EEPROMDrvWriteByte &rArr; I2C4WaitTxCplt
</UL>
<BR>[Calls]<UL><LI><a href="#[ac]">&gt;&gt;</a>&nbsp;&nbsp;&nbsp;I2C4WaitTxCplt
</UL>
<BR>[Called By]<UL><LI><a href="#[dd]">&gt;&gt;</a>&nbsp;&nbsp;&nbsp;StoreRecord_Sync
<LI><a href="#[17]">&gt;&gt;</a>&nbsp;&nbsp;&nbsp;EEPROMDrvWriteBuff
</UL>

<P><STRONG><a name="[b0]"></a>EEPROMDrvWritePage</STRONG> (Thumb, 108 bytes, Stack size 24 bytes, eeprom.o(.text.EEPROMDrvWritePage))
<BR><BR>[Stack]<UL><LI>Max Depth = 40<LI>Call Chain = EEPROMDrvWritePage &rArr; I2C4WaitTxCplt
</UL>
<BR>[Calls]<UL><LI><a href="#[ad]">&gt;&gt;</a>&nbsp;&nbsp;&nbsp;R_BSP_SoftwareDelay
<LI><a href="#[ac]">&gt;&gt;</a>&nbsp;&nbsp;&nbsp;I2C4WaitTxCplt
<LI><a href="#[b1]">&gt;&gt;</a>&nbsp;&nbsp;&nbsp;__aeabi_memcpy
</UL>
<BR>[Called By]<UL><LI><a href="#[b2]">&gt;&gt;</a>&nbsp;&nbsp;&nbsp;EEPROM_Erase_Chip
<LI><a href="#[17]">&gt;&gt;</a>&nbsp;&nbsp;&nbsp;EEPROMDrvWriteBuff
</UL>

<P><STRONG><a name="[b4]"></a>EEPROMGetDevice</STRONG> (Thumb, 10 bytes, Stack size 0 bytes, eeprom.o(.text.EEPROMGetDevice))
<BR><BR>[Called By]<UL><LI><a href="#[f0]">&gt;&gt;</a>&nbsp;&nbsp;&nbsp;Show_Thread_entry
<LI><a href="#[db]">&gt;&gt;</a>&nbsp;&nbsp;&nbsp;Protocol_Parse_And_Response
<LI><a href="#[b3]">&gt;&gt;</a>&nbsp;&nbsp;&nbsp;EEPROM_Load_To_RAM
<LI><a href="#[dd]">&gt;&gt;</a>&nbsp;&nbsp;&nbsp;StoreRecord_Sync
</UL>

<P><STRONG><a name="[b2]"></a>EEPROM_Erase_Chip</STRONG> (Thumb, 64 bytes, Stack size 24 bytes, eeprom.o(.text.EEPROM_Erase_Chip))
<BR><BR>[Stack]<UL><LI>Max Depth = 64<LI>Call Chain = EEPROM_Erase_Chip &rArr; EEPROMDrvWritePage &rArr; I2C4WaitTxCplt
</UL>
<BR>[Calls]<UL><LI><a href="#[b0]">&gt;&gt;</a>&nbsp;&nbsp;&nbsp;EEPROMDrvWritePage
</UL>
<BR>[Called By]<UL><LI><a href="#[db]">&gt;&gt;</a>&nbsp;&nbsp;&nbsp;Protocol_Parse_And_Response
</UL>

<P><STRONG><a name="[b3]"></a>EEPROM_Load_To_RAM</STRONG> (Thumb, 448 bytes, Stack size 224 bytes, hc_04.o(.text.EEPROM_Load_To_RAM))
<BR><BR>[Stack]<UL><LI>Max Depth = 248<LI>Call Chain = EEPROM_Load_To_RAM &rArr; Serial_SendByte &rArr; R_SCI_UART_Write
</UL>
<BR>[Calls]<UL><LI><a href="#[b5]">&gt;&gt;</a>&nbsp;&nbsp;&nbsp;Serial_SendByte
<LI><a href="#[b4]">&gt;&gt;</a>&nbsp;&nbsp;&nbsp;EEPROMGetDevice
<LI><a href="#[ad]">&gt;&gt;</a>&nbsp;&nbsp;&nbsp;R_BSP_SoftwareDelay
<LI><a href="#[b6]">&gt;&gt;</a>&nbsp;&nbsp;&nbsp;__2sprintf
<LI><a href="#[b7]">&gt;&gt;</a>&nbsp;&nbsp;&nbsp;strncpy
</UL>
<BR>[Called By]<UL><LI><a href="#[f0]">&gt;&gt;</a>&nbsp;&nbsp;&nbsp;Show_Thread_entry
</UL>

<P><STRONG><a name="[b8]"></a>Encoder_Init</STRONG> (Thumb, 140 bytes, Stack size 8 bytes, my_encoder.o(.text.Encoder_Init))
<BR><BR>[Stack]<UL><LI>Max Depth = 64<LI>Call Chain = Encoder_Init &rArr; R_GPT_Open &rArr; gpt_calculate_duty_cycle
</UL>
<BR>[Calls]<UL><LI><a href="#[b9]">&gt;&gt;</a>&nbsp;&nbsp;&nbsp;R_GPT_CounterSet
<LI><a href="#[53]">&gt;&gt;</a>&nbsp;&nbsp;&nbsp;R_GPT_Open
<LI><a href="#[ba]">&gt;&gt;</a>&nbsp;&nbsp;&nbsp;__2printf
</UL>
<BR>[Called By]<UL><LI><a href="#[d9]">&gt;&gt;</a>&nbsp;&nbsp;&nbsp;PID_init
</UL>

<P><STRONG><a name="[bb]"></a>Encoder_Read_speed</STRONG> (Thumb, 312 bytes, Stack size 80 bytes, my_encoder.o(.text.Encoder_Read_speed))
<BR><BR>[Stack]<UL><LI>Max Depth = 168<LI>Call Chain = Encoder_Read_speed &rArr; __aeabi_dmul &rArr; _double_epilogue &rArr; _double_round
</UL>
<BR>[Calls]<UL><LI><a href="#[79]">&gt;&gt;</a>&nbsp;&nbsp;&nbsp;__aeabi_dmul
<LI><a href="#[82]">&gt;&gt;</a>&nbsp;&nbsp;&nbsp;__aeabi_dadd
<LI><a href="#[7a]">&gt;&gt;</a>&nbsp;&nbsp;&nbsp;__aeabi_ddiv
<LI><a href="#[8b]">&gt;&gt;</a>&nbsp;&nbsp;&nbsp;__aeabi_l2d
<LI><a href="#[55]">&gt;&gt;</a>&nbsp;&nbsp;&nbsp;R_GPT_Stop
<LI><a href="#[9c]">&gt;&gt;</a>&nbsp;&nbsp;&nbsp;vTaskDelay
<LI><a href="#[5d]">&gt;&gt;</a>&nbsp;&nbsp;&nbsp;R_GPT_StatusGet
<LI><a href="#[54]">&gt;&gt;</a>&nbsp;&nbsp;&nbsp;R_GPT_Start
<LI><a href="#[b9]">&gt;&gt;</a>&nbsp;&nbsp;&nbsp;R_GPT_CounterSet
<LI><a href="#[ba]">&gt;&gt;</a>&nbsp;&nbsp;&nbsp;__2printf
</UL>
<BR>[Called By]<UL><LI><a href="#[d8]">&gt;&gt;</a>&nbsp;&nbsp;&nbsp;PID_Set
</UL>

<P><STRONG><a name="[bc]"></a>GetLocation</STRONG> (Thumb, 1000 bytes, Stack size 312 bytes, trilateration.o(.text.GetLocation))
<BR><BR>[Stack]<UL><LI>Max Depth = 1288<LI>Call Chain = GetLocation &rArr; deca_3dlocate &rArr; trilateration &rArr; sphereline &rArr; __aeabi_dsub &rArr; __aeabi_dadd &rArr; _double_epilogue &rArr; _double_round
</UL>
<BR>[Calls]<UL><LI><a href="#[bd]">&gt;&gt;</a>&nbsp;&nbsp;&nbsp;deca_3dlocate
<LI><a href="#[be]">&gt;&gt;</a>&nbsp;&nbsp;&nbsp;__aeabi_dcmplt
<LI><a href="#[89]">&gt;&gt;</a>&nbsp;&nbsp;&nbsp;__aeabi_i2d
<LI><a href="#[7a]">&gt;&gt;</a>&nbsp;&nbsp;&nbsp;__aeabi_ddiv
</UL>
<BR>[Called By]<UL><LI><a href="#[fd]">&gt;&gt;</a>&nbsp;&nbsp;&nbsp;tril_read
</UL>

<P><STRONG><a name="[ae]"></a>I2C4WaitRxCplt</STRONG> (Thumb, 42 bytes, Stack size 16 bytes, eeprom.o(.text.I2C4WaitRxCplt))
<BR><BR>[Stack]<UL><LI>Max Depth = 16<LI>Call Chain = I2C4WaitRxCplt
</UL>
<BR>[Calls]<UL><LI><a href="#[ad]">&gt;&gt;</a>&nbsp;&nbsp;&nbsp;R_BSP_SoftwareDelay
</UL>
<BR>[Called By]<UL><LI><a href="#[18]">&gt;&gt;</a>&nbsp;&nbsp;&nbsp;EEPROMDrvRead
</UL>

<P><STRONG><a name="[ac]"></a>I2C4WaitTxCplt</STRONG> (Thumb, 42 bytes, Stack size 16 bytes, eeprom.o(.text.I2C4WaitTxCplt))
<BR><BR>[Stack]<UL><LI>Max Depth = 16<LI>Call Chain = I2C4WaitTxCplt
</UL>
<BR>[Calls]<UL><LI><a href="#[ad]">&gt;&gt;</a>&nbsp;&nbsp;&nbsp;R_BSP_SoftwareDelay
</UL>
<BR>[Called By]<UL><LI><a href="#[18]">&gt;&gt;</a>&nbsp;&nbsp;&nbsp;EEPROMDrvRead
<LI><a href="#[b0]">&gt;&gt;</a>&nbsp;&nbsp;&nbsp;EEPROMDrvWritePage
<LI><a href="#[af]">&gt;&gt;</a>&nbsp;&nbsp;&nbsp;EEPROMDrvWriteByte
</UL>

<P><STRONG><a name="[bf]"></a>IMU_Read</STRONG> (Thumb, 560 bytes, Stack size 56 bytes, my_imu.o(.text.IMU_Read))
<BR><BR>[Stack]<UL><LI>Max Depth = 192<LI>Call Chain = IMU_Read &rArr; xQueueGenericSend &rArr; prvUnlockQueue &rArr; prvNotifyQueueSetContainer &rArr; prvCopyDataToQueue &rArr; xTaskPriorityDisinherit
</UL>
<BR>[Calls]<UL><LI><a href="#[89]">&gt;&gt;</a>&nbsp;&nbsp;&nbsp;__aeabi_i2d
<LI><a href="#[a1]">&gt;&gt;</a>&nbsp;&nbsp;&nbsp;xQueueGenericSend
<LI><a href="#[a0]">&gt;&gt;</a>&nbsp;&nbsp;&nbsp;xQueueSemaphoreTake
<LI><a href="#[79]">&gt;&gt;</a>&nbsp;&nbsp;&nbsp;__aeabi_dmul
<LI><a href="#[82]">&gt;&gt;</a>&nbsp;&nbsp;&nbsp;__aeabi_dadd
<LI><a href="#[ba]">&gt;&gt;</a>&nbsp;&nbsp;&nbsp;__2printf
</UL>
<BR>[Called By]<UL><LI><a href="#[c2]">&gt;&gt;</a>&nbsp;&nbsp;&nbsp;IMU_num_new
<LI><a href="#[d8]">&gt;&gt;</a>&nbsp;&nbsp;&nbsp;PID_Set
<LI><a href="#[d9]">&gt;&gt;</a>&nbsp;&nbsp;&nbsp;PID_init
</UL>

<P><STRONG><a name="[c0]"></a>IMU_init</STRONG> (Thumb, 68 bytes, Stack size 8 bytes, my_imu.o(.text.IMU_init))
<BR><BR>[Stack]<UL><LI>Max Depth = 160<LI>Call Chain = IMU_init &rArr; xQueueCreateMutex &rArr; xQueueGenericSend &rArr; prvUnlockQueue &rArr; prvNotifyQueueSetContainer &rArr; prvCopyDataToQueue &rArr; xTaskPriorityDisinherit
</UL>
<BR>[Calls]<UL><LI><a href="#[c1]">&gt;&gt;</a>&nbsp;&nbsp;&nbsp;xQueueCreateMutex
</UL>
<BR>[Called By]<UL><LI><a href="#[d9]">&gt;&gt;</a>&nbsp;&nbsp;&nbsp;PID_init
</UL>

<P><STRONG><a name="[c2]"></a>IMU_num_new</STRONG> (Thumb, 816 bytes, Stack size 96 bytes, user_show.o(.text.IMU_num_new))
<BR><BR>[Stack]<UL><LI>Max Depth = 392<LI>Call Chain = IMU_num_new &rArr; __hardfp_pow &rArr; __kernel_poly &rArr; __aeabi_dmul &rArr; _double_epilogue &rArr; _double_round
</UL>
<BR>[Calls]<UL><LI><a href="#[c4]">&gt;&gt;</a>&nbsp;&nbsp;&nbsp;__aeabi_dcmpge
<LI><a href="#[be]">&gt;&gt;</a>&nbsp;&nbsp;&nbsp;__aeabi_dcmplt
<LI><a href="#[c3]">&gt;&gt;</a>&nbsp;&nbsp;&nbsp;__aeabi_dcmpgt
<LI><a href="#[c7]">&gt;&gt;</a>&nbsp;&nbsp;&nbsp;OLED_ShowNum
<LI><a href="#[c5]">&gt;&gt;</a>&nbsp;&nbsp;&nbsp;OLED_ShowChar
<LI><a href="#[87]">&gt;&gt;</a>&nbsp;&nbsp;&nbsp;__aeabi_dsub
<LI><a href="#[a1]">&gt;&gt;</a>&nbsp;&nbsp;&nbsp;xQueueGenericSend
<LI><a href="#[a0]">&gt;&gt;</a>&nbsp;&nbsp;&nbsp;xQueueSemaphoreTake
<LI><a href="#[bf]">&gt;&gt;</a>&nbsp;&nbsp;&nbsp;IMU_Read
<LI><a href="#[8e]">&gt;&gt;</a>&nbsp;&nbsp;&nbsp;__aeabi_d2uiz
<LI><a href="#[8a]">&gt;&gt;</a>&nbsp;&nbsp;&nbsp;__aeabi_ui2d
<LI><a href="#[79]">&gt;&gt;</a>&nbsp;&nbsp;&nbsp;__aeabi_dmul
<LI><a href="#[82]">&gt;&gt;</a>&nbsp;&nbsp;&nbsp;__aeabi_dadd
<LI><a href="#[c6]">&gt;&gt;</a>&nbsp;&nbsp;&nbsp;__hardfp_pow
</UL>
<BR>[Called By]<UL><LI><a href="#[f2]">&gt;&gt;</a>&nbsp;&nbsp;&nbsp;show_all
</UL>

<P><STRONG><a name="[c8]"></a>Key_Read</STRONG> (Thumb, 214 bytes, Stack size 32 bytes, my_key.o(.text.Key_Read))
<BR><BR>[Stack]<UL><LI>Max Depth = 120<LI>Call Chain = Key_Read &rArr; vTaskDelay &rArr; xTaskResumeAll &rArr; xTaskIncrementTick
</UL>
<BR>[Calls]<UL><LI><a href="#[4b]">&gt;&gt;</a>&nbsp;&nbsp;&nbsp;R_IOPORT_PinRead
<LI><a href="#[9c]">&gt;&gt;</a>&nbsp;&nbsp;&nbsp;vTaskDelay
</UL>
<BR>[Called By]<UL><LI><a href="#[f2]">&gt;&gt;</a>&nbsp;&nbsp;&nbsp;show_all
</UL>

<P><STRONG><a name="[13a]"></a>Key_init</STRONG> (Thumb, 42 bytes, Stack size 8 bytes, my_key.o(.text.Key_init))
<BR><BR>[Stack]<UL><LI>Max Depth = 8<LI>Call Chain = Key_init
</UL>
<BR>[Called By]<UL><LI><a href="#[f1]">&gt;&gt;</a>&nbsp;&nbsp;&nbsp;show_init
</UL>

<P><STRONG><a name="[c9]"></a>LED_Bety</STRONG> (Thumb, 102 bytes, Stack size 24 bytes, my_led.o(.text.LED_Bety))
<BR><BR>[Stack]<UL><LI>Max Depth = 24<LI>Call Chain = LED_Bety
</UL>
<BR>[Calls]<UL><LI><a href="#[4c]">&gt;&gt;</a>&nbsp;&nbsp;&nbsp;R_IOPORT_PinWrite
</UL>
<BR>[Called By]<UL><LI><a href="#[cd]">&gt;&gt;</a>&nbsp;&nbsp;&nbsp;LED_do
</UL>

<P><STRONG><a name="[ca]"></a>LED_Init</STRONG> (Thumb, 120 bytes, Stack size 16 bytes, my_led.o(.text.LED_Init))
<BR><BR>[Stack]<UL><LI>Max Depth = 16<LI>Call Chain = LED_Init
</UL>
<BR>[Calls]<UL><LI><a href="#[4c]">&gt;&gt;</a>&nbsp;&nbsp;&nbsp;R_IOPORT_PinWrite
</UL>
<BR>[Called By]<UL><LI><a href="#[cc]">&gt;&gt;</a>&nbsp;&nbsp;&nbsp;LED_Thread_entry
</UL>

<P><STRONG><a name="[cb]"></a>LED_Thread_create</STRONG> (Thumb, 100 bytes, Stack size 24 bytes, led_thread.o(.text.LED_Thread_create))
<BR><BR>[Stack]<UL><LI>Max Depth = 112<LI>Call Chain = LED_Thread_create &rArr; xTaskCreateStatic &rArr; prvInitialiseNewTask
</UL>
<BR>[Calls]<UL><LI><a href="#[98]">&gt;&gt;</a>&nbsp;&nbsp;&nbsp;rtos_startup_err_callback
<LI><a href="#[97]">&gt;&gt;</a>&nbsp;&nbsp;&nbsp;xTaskCreateStatic
</UL>
<BR>[Called By]<UL><LI><a href="#[ec]">&gt;&gt;</a>&nbsp;&nbsp;&nbsp;main
</UL>

<P><STRONG><a name="[cc]"></a>LED_Thread_entry</STRONG> (Thumb, 10 bytes, Stack size 0 bytes, led_thread_entry.o(.text.LED_Thread_entry))
<BR><BR>[Stack]<UL><LI>Max Depth = 104<LI>Call Chain = LED_Thread_entry &rArr; LED_do &rArr; vTaskDelay &rArr; xTaskResumeAll &rArr; xTaskIncrementTick
</UL>
<BR>[Calls]<UL><LI><a href="#[cd]">&gt;&gt;</a>&nbsp;&nbsp;&nbsp;LED_do
<LI><a href="#[ca]">&gt;&gt;</a>&nbsp;&nbsp;&nbsp;LED_Init
</UL>
<BR>[Called By]<UL><LI><a href="#[1e]">&gt;&gt;</a>&nbsp;&nbsp;&nbsp;LED_Thread_func
</UL>

<P><STRONG><a name="[cd]"></a>LED_do</STRONG> (Thumb, 38 bytes, Stack size 16 bytes, my_led.o(.text.LED_do))
<BR><BR>[Stack]<UL><LI>Max Depth = 104<LI>Call Chain = LED_do &rArr; vTaskDelay &rArr; xTaskResumeAll &rArr; xTaskIncrementTick
</UL>
<BR>[Calls]<UL><LI><a href="#[c9]">&gt;&gt;</a>&nbsp;&nbsp;&nbsp;LED_Bety
<LI><a href="#[9c]">&gt;&gt;</a>&nbsp;&nbsp;&nbsp;vTaskDelay
</UL>
<BR>[Called By]<UL><LI><a href="#[cc]">&gt;&gt;</a>&nbsp;&nbsp;&nbsp;LED_Thread_entry
</UL>

<P><STRONG><a name="[a6]"></a>Morse</STRONG> (Thumb, 94 bytes, Stack size 16 bytes, my_buzzer.o(.text.Morse))
<BR><BR>[Stack]<UL><LI>Max Depth = 104<LI>Call Chain = Morse &rArr; vTaskDelay &rArr; xTaskResumeAll &rArr; xTaskIncrementTick
</UL>
<BR>[Calls]<UL><LI><a href="#[4c]">&gt;&gt;</a>&nbsp;&nbsp;&nbsp;R_IOPORT_PinWrite
<LI><a href="#[9c]">&gt;&gt;</a>&nbsp;&nbsp;&nbsp;vTaskDelay
</UL>
<BR>[Called By]<UL><LI><a href="#[99]">&gt;&gt;</a>&nbsp;&nbsp;&nbsp;Car_Thread_entry
<LI><a href="#[a2]">&gt;&gt;</a>&nbsp;&nbsp;&nbsp;car_goto_coll_do
<LI><a href="#[103]">&gt;&gt;</a>&nbsp;&nbsp;&nbsp;car_Collision_gouse
<LI><a href="#[a5]">&gt;&gt;</a>&nbsp;&nbsp;&nbsp;car_goto_do
<LI><a href="#[a4]">&gt;&gt;</a>&nbsp;&nbsp;&nbsp;car_Collision
<LI><a href="#[9b]">&gt;&gt;</a>&nbsp;&nbsp;&nbsp;car_init
</UL>

<P><STRONG><a name="[ce]"></a>Motor_Init</STRONG> (Thumb, 132 bytes, Stack size 16 bytes, my_motor.o(.text.Motor_Init))
<BR><BR>[Stack]<UL><LI>Max Depth = 72<LI>Call Chain = Motor_Init &rArr; R_GPT_Open &rArr; gpt_calculate_duty_cycle
</UL>
<BR>[Calls]<UL><LI><a href="#[54]">&gt;&gt;</a>&nbsp;&nbsp;&nbsp;R_GPT_Start
<LI><a href="#[53]">&gt;&gt;</a>&nbsp;&nbsp;&nbsp;R_GPT_Open
<LI><a href="#[ba]">&gt;&gt;</a>&nbsp;&nbsp;&nbsp;__2printf
</UL>
<BR>[Called By]<UL><LI><a href="#[d9]">&gt;&gt;</a>&nbsp;&nbsp;&nbsp;PID_init
</UL>

<P><STRONG><a name="[cf]"></a>Motor_PWM_Set</STRONG> (Thumb, 148 bytes, Stack size 48 bytes, my_motor.o(.text.Motor_PWM_Set))
<BR><BR>[Stack]<UL><LI>Max Depth = 136<LI>Call Chain = Motor_PWM_Set &rArr; __aeabi_dmul &rArr; _double_epilogue &rArr; _double_round
</UL>
<BR>[Calls]<UL><LI><a href="#[5a]">&gt;&gt;</a>&nbsp;&nbsp;&nbsp;R_GPT_DutyCycleSet
<LI><a href="#[8e]">&gt;&gt;</a>&nbsp;&nbsp;&nbsp;__aeabi_d2uiz
<LI><a href="#[8a]">&gt;&gt;</a>&nbsp;&nbsp;&nbsp;__aeabi_ui2d
<LI><a href="#[5c]">&gt;&gt;</a>&nbsp;&nbsp;&nbsp;R_GPT_InfoGet
<LI><a href="#[4c]">&gt;&gt;</a>&nbsp;&nbsp;&nbsp;R_IOPORT_PinWrite
<LI><a href="#[79]">&gt;&gt;</a>&nbsp;&nbsp;&nbsp;__aeabi_dmul
</UL>
<BR>[Called By]<UL><LI><a href="#[a9]">&gt;&gt;</a>&nbsp;&nbsp;&nbsp;Motor_Set
</UL>

<P><STRONG><a name="[a9]"></a>Motor_Set</STRONG> (Thumb, 102 bytes, Stack size 24 bytes, my_motor.o(.text.Motor_Set))
<BR><BR>[Stack]<UL><LI>Max Depth = 160<LI>Call Chain = Motor_Set &rArr; Motor_PWM_Set &rArr; __aeabi_dmul &rArr; _double_epilogue &rArr; _double_round
</UL>
<BR>[Calls]<UL><LI><a href="#[d0]">&gt;&gt;</a>&nbsp;&nbsp;&nbsp;__aeabi_f2d
<LI><a href="#[cf]">&gt;&gt;</a>&nbsp;&nbsp;&nbsp;Motor_PWM_Set
</UL>
<BR>[Called By]<UL><LI><a href="#[99]">&gt;&gt;</a>&nbsp;&nbsp;&nbsp;Car_Thread_entry
<LI><a href="#[9e]">&gt;&gt;</a>&nbsp;&nbsp;&nbsp;car_ATurning
<LI><a href="#[9f]">&gt;&gt;</a>&nbsp;&nbsp;&nbsp;car_RTurning
<LI><a href="#[a3]">&gt;&gt;</a>&nbsp;&nbsp;&nbsp;car_sum
<LI><a href="#[d8]">&gt;&gt;</a>&nbsp;&nbsp;&nbsp;PID_Set
</UL>

<P><STRONG><a name="[1]"></a>NMI_Handler</STRONG> (Thumb, 68 bytes, Stack size 24 bytes, bsp_group_irq.o(.text.NMI_Handler))
<BR><BR>[Stack]<UL><LI>Max Depth = 24<LI>Call Chain = NMI_Handler
</UL>
<BR>[Address Reference Count : 1]<UL><LI> startup.o(.fixed_vectors)
</UL>
<P><STRONG><a name="[d1]"></a>OLED_Clear</STRONG> (Thumb, 72 bytes, Stack size 32 bytes, my_oled.o(.text.OLED_Clear))
<BR><BR>[Stack]<UL><LI>Max Depth = 160<LI>Call Chain = OLED_Clear &rArr; OLED_SetCursor &rArr; OLED_I2C_SendByte &rArr; vTaskDelay &rArr; xTaskResumeAll &rArr; xTaskIncrementTick
</UL>
<BR>[Calls]<UL><LI><a href="#[d2]">&gt;&gt;</a>&nbsp;&nbsp;&nbsp;OLED_SetCursor
<LI><a href="#[d3]">&gt;&gt;</a>&nbsp;&nbsp;&nbsp;OLED_I2C_SendByte
</UL>
<BR>[Called By]<UL><LI><a href="#[f2]">&gt;&gt;</a>&nbsp;&nbsp;&nbsp;show_all
<LI><a href="#[d4]">&gt;&gt;</a>&nbsp;&nbsp;&nbsp;OLED_Init
</UL>

<P><STRONG><a name="[d3]"></a>OLED_I2C_SendByte</STRONG> (Thumb, 64 bytes, Stack size 16 bytes, my_oled.o(.text.OLED_I2C_SendByte))
<BR><BR>[Stack]<UL><LI>Max Depth = 104<LI>Call Chain = OLED_I2C_SendByte &rArr; vTaskDelay &rArr; xTaskResumeAll &rArr; xTaskIncrementTick
</UL>
<BR>[Calls]<UL><LI><a href="#[37]">&gt;&gt;</a>&nbsp;&nbsp;&nbsp;R_IIC_MASTER_Write
<LI><a href="#[9c]">&gt;&gt;</a>&nbsp;&nbsp;&nbsp;vTaskDelay
</UL>
<BR>[Called By]<UL><LI><a href="#[d4]">&gt;&gt;</a>&nbsp;&nbsp;&nbsp;OLED_Init
<LI><a href="#[c5]">&gt;&gt;</a>&nbsp;&nbsp;&nbsp;OLED_ShowChar
<LI><a href="#[d5]">&gt;&gt;</a>&nbsp;&nbsp;&nbsp;OLED_ShowFT
<LI><a href="#[d1]">&gt;&gt;</a>&nbsp;&nbsp;&nbsp;OLED_Clear
<LI><a href="#[d2]">&gt;&gt;</a>&nbsp;&nbsp;&nbsp;OLED_SetCursor
</UL>

<P><STRONG><a name="[d4]"></a>OLED_Init</STRONG> (Thumb, 446 bytes, Stack size 16 bytes, my_oled.o(.text.OLED_Init))
<BR><BR>[Stack]<UL><LI>Max Depth = 176<LI>Call Chain = OLED_Init &rArr; OLED_Clear &rArr; OLED_SetCursor &rArr; OLED_I2C_SendByte &rArr; vTaskDelay &rArr; xTaskResumeAll &rArr; xTaskIncrementTick
</UL>
<BR>[Calls]<UL><LI><a href="#[d1]">&gt;&gt;</a>&nbsp;&nbsp;&nbsp;OLED_Clear
<LI><a href="#[d3]">&gt;&gt;</a>&nbsp;&nbsp;&nbsp;OLED_I2C_SendByte
<LI><a href="#[35]">&gt;&gt;</a>&nbsp;&nbsp;&nbsp;R_IIC_MASTER_Open
<LI><a href="#[9c]">&gt;&gt;</a>&nbsp;&nbsp;&nbsp;vTaskDelay
</UL>
<BR>[Called By]<UL><LI><a href="#[f1]">&gt;&gt;</a>&nbsp;&nbsp;&nbsp;show_init
</UL>

<P><STRONG><a name="[d2]"></a>OLED_SetCursor</STRONG> (Thumb, 76 bytes, Stack size 24 bytes, my_oled.o(.text.OLED_SetCursor))
<BR><BR>[Stack]<UL><LI>Max Depth = 128<LI>Call Chain = OLED_SetCursor &rArr; OLED_I2C_SendByte &rArr; vTaskDelay &rArr; xTaskResumeAll &rArr; xTaskIncrementTick
</UL>
<BR>[Calls]<UL><LI><a href="#[d3]">&gt;&gt;</a>&nbsp;&nbsp;&nbsp;OLED_I2C_SendByte
</UL>
<BR>[Called By]<UL><LI><a href="#[c5]">&gt;&gt;</a>&nbsp;&nbsp;&nbsp;OLED_ShowChar
<LI><a href="#[d5]">&gt;&gt;</a>&nbsp;&nbsp;&nbsp;OLED_ShowFT
<LI><a href="#[d1]">&gt;&gt;</a>&nbsp;&nbsp;&nbsp;OLED_Clear
</UL>

<P><STRONG><a name="[c5]"></a>OLED_ShowChar</STRONG> (Thumb, 142 bytes, Stack size 40 bytes, my_oled.o(.text.OLED_ShowChar))
<BR><BR>[Stack]<UL><LI>Max Depth = 168<LI>Call Chain = OLED_ShowChar &rArr; OLED_SetCursor &rArr; OLED_I2C_SendByte &rArr; vTaskDelay &rArr; xTaskResumeAll &rArr; xTaskIncrementTick
</UL>
<BR>[Calls]<UL><LI><a href="#[d2]">&gt;&gt;</a>&nbsp;&nbsp;&nbsp;OLED_SetCursor
<LI><a href="#[d3]">&gt;&gt;</a>&nbsp;&nbsp;&nbsp;OLED_I2C_SendByte
</UL>
<BR>[Called By]<UL><LI><a href="#[139]">&gt;&gt;</a>&nbsp;&nbsp;&nbsp;set_cell_new
<LI><a href="#[10f]">&gt;&gt;</a>&nbsp;&nbsp;&nbsp;go_num_new
<LI><a href="#[fa]">&gt;&gt;</a>&nbsp;&nbsp;&nbsp;Turn_num_new
<LI><a href="#[137]">&gt;&gt;</a>&nbsp;&nbsp;&nbsp;run_num_new
<LI><a href="#[fc]">&gt;&gt;</a>&nbsp;&nbsp;&nbsp;UWB_num_new
<LI><a href="#[c2]">&gt;&gt;</a>&nbsp;&nbsp;&nbsp;IMU_num_new
<LI><a href="#[113]">&gt;&gt;</a>&nbsp;&nbsp;&nbsp;new_cursor_back
<LI><a href="#[f2]">&gt;&gt;</a>&nbsp;&nbsp;&nbsp;show_all
<LI><a href="#[c7]">&gt;&gt;</a>&nbsp;&nbsp;&nbsp;OLED_ShowNum
<LI><a href="#[d6]">&gt;&gt;</a>&nbsp;&nbsp;&nbsp;OLED_ShowString
</UL>

<P><STRONG><a name="[d5]"></a>OLED_ShowFT</STRONG> (Thumb, 138 bytes, Stack size 32 bytes, my_oled.o(.text.OLED_ShowFT))
<BR><BR>[Stack]<UL><LI>Max Depth = 160<LI>Call Chain = OLED_ShowFT &rArr; OLED_SetCursor &rArr; OLED_I2C_SendByte &rArr; vTaskDelay &rArr; xTaskResumeAll &rArr; xTaskIncrementTick
</UL>
<BR>[Calls]<UL><LI><a href="#[d2]">&gt;&gt;</a>&nbsp;&nbsp;&nbsp;OLED_SetCursor
<LI><a href="#[d3]">&gt;&gt;</a>&nbsp;&nbsp;&nbsp;OLED_I2C_SendByte
</UL>
<BR>[Called By]<UL><LI><a href="#[f2]">&gt;&gt;</a>&nbsp;&nbsp;&nbsp;show_all
</UL>

<P><STRONG><a name="[c7]"></a>OLED_ShowNum</STRONG> (Thumb, 104 bytes, Stack size 32 bytes, my_oled.o(.text.OLED_ShowNum))
<BR><BR>[Stack]<UL><LI>Max Depth = 200<LI>Call Chain = OLED_ShowNum &rArr; OLED_ShowChar &rArr; OLED_SetCursor &rArr; OLED_I2C_SendByte &rArr; vTaskDelay &rArr; xTaskResumeAll &rArr; xTaskIncrementTick
</UL>
<BR>[Calls]<UL><LI><a href="#[c5]">&gt;&gt;</a>&nbsp;&nbsp;&nbsp;OLED_ShowChar
</UL>
<BR>[Called By]<UL><LI><a href="#[139]">&gt;&gt;</a>&nbsp;&nbsp;&nbsp;set_cell_new
<LI><a href="#[10f]">&gt;&gt;</a>&nbsp;&nbsp;&nbsp;go_num_new
<LI><a href="#[fa]">&gt;&gt;</a>&nbsp;&nbsp;&nbsp;Turn_num_new
<LI><a href="#[137]">&gt;&gt;</a>&nbsp;&nbsp;&nbsp;run_num_new
<LI><a href="#[ff]">&gt;&gt;</a>&nbsp;&nbsp;&nbsp;Ult_num_new
<LI><a href="#[fc]">&gt;&gt;</a>&nbsp;&nbsp;&nbsp;UWB_num_new
<LI><a href="#[c2]">&gt;&gt;</a>&nbsp;&nbsp;&nbsp;IMU_num_new
<LI><a href="#[113]">&gt;&gt;</a>&nbsp;&nbsp;&nbsp;new_cursor_back
<LI><a href="#[f2]">&gt;&gt;</a>&nbsp;&nbsp;&nbsp;show_all
</UL>

<P><STRONG><a name="[d6]"></a>OLED_ShowString</STRONG> (Thumb, 42 bytes, Stack size 24 bytes, my_oled.o(.text.OLED_ShowString))
<BR><BR>[Stack]<UL><LI>Max Depth = 192<LI>Call Chain = OLED_ShowString &rArr; OLED_ShowChar &rArr; OLED_SetCursor &rArr; OLED_I2C_SendByte &rArr; vTaskDelay &rArr; xTaskResumeAll &rArr; xTaskIncrementTick
</UL>
<BR>[Calls]<UL><LI><a href="#[c5]">&gt;&gt;</a>&nbsp;&nbsp;&nbsp;OLED_ShowChar
</UL>
<BR>[Called By]<UL><LI><a href="#[fc]">&gt;&gt;</a>&nbsp;&nbsp;&nbsp;UWB_num_new
<LI><a href="#[f2]">&gt;&gt;</a>&nbsp;&nbsp;&nbsp;show_all
</UL>

<P><STRONG><a name="[a8]"></a>PID_Rest</STRONG> (Thumb, 94 bytes, Stack size 8 bytes, my_pid.o(.text.PID_Rest))
<BR><BR>[Stack]<UL><LI>Max Depth = 8<LI>Call Chain = PID_Rest
</UL>
<BR>[Calls]<UL><LI><a href="#[d7]">&gt;&gt;</a>&nbsp;&nbsp;&nbsp;__aeabi_memclr4
</UL>
<BR>[Called By]<UL><LI><a href="#[99]">&gt;&gt;</a>&nbsp;&nbsp;&nbsp;Car_Thread_entry
<LI><a href="#[9e]">&gt;&gt;</a>&nbsp;&nbsp;&nbsp;car_ATurning
<LI><a href="#[9f]">&gt;&gt;</a>&nbsp;&nbsp;&nbsp;car_RTurning
<LI><a href="#[a3]">&gt;&gt;</a>&nbsp;&nbsp;&nbsp;car_sum
</UL>

<P><STRONG><a name="[d8]"></a>PID_Set</STRONG> (Thumb, 1104 bytes, Stack size 128 bytes, my_pid.o(.text.PID_Set))
<BR><BR>[Stack]<UL><LI>Max Depth = 320<LI>Call Chain = PID_Set &rArr; IMU_Read &rArr; xQueueGenericSend &rArr; prvUnlockQueue &rArr; prvNotifyQueueSetContainer &rArr; prvCopyDataToQueue &rArr; xTaskPriorityDisinherit
</UL>
<BR>[Calls]<UL><LI><a href="#[7d]">&gt;&gt;</a>&nbsp;&nbsp;&nbsp;__aeabi_d2f
<LI><a href="#[a1]">&gt;&gt;</a>&nbsp;&nbsp;&nbsp;xQueueGenericSend
<LI><a href="#[a0]">&gt;&gt;</a>&nbsp;&nbsp;&nbsp;xQueueSemaphoreTake
<LI><a href="#[bf]">&gt;&gt;</a>&nbsp;&nbsp;&nbsp;IMU_Read
<LI><a href="#[d0]">&gt;&gt;</a>&nbsp;&nbsp;&nbsp;__aeabi_f2d
<LI><a href="#[a9]">&gt;&gt;</a>&nbsp;&nbsp;&nbsp;Motor_Set
<LI><a href="#[79]">&gt;&gt;</a>&nbsp;&nbsp;&nbsp;__aeabi_dmul
<LI><a href="#[82]">&gt;&gt;</a>&nbsp;&nbsp;&nbsp;__aeabi_dadd
<LI><a href="#[bb]">&gt;&gt;</a>&nbsp;&nbsp;&nbsp;Encoder_Read_speed
<LI><a href="#[ba]">&gt;&gt;</a>&nbsp;&nbsp;&nbsp;__2printf
</UL>
<BR>[Called By]<UL><LI><a href="#[9e]">&gt;&gt;</a>&nbsp;&nbsp;&nbsp;car_ATurning
<LI><a href="#[9f]">&gt;&gt;</a>&nbsp;&nbsp;&nbsp;car_RTurning
<LI><a href="#[a7]">&gt;&gt;</a>&nbsp;&nbsp;&nbsp;car_A_always_run
<LI><a href="#[a3]">&gt;&gt;</a>&nbsp;&nbsp;&nbsp;car_sum
</UL>

<P><STRONG><a name="[d9]"></a>PID_init</STRONG> (Thumb, 216 bytes, Stack size 32 bytes, my_pid.o(.text.PID_init))
<BR><BR>[Stack]<UL><LI>Max Depth = 224<LI>Call Chain = PID_init &rArr; IMU_Read &rArr; xQueueGenericSend &rArr; prvUnlockQueue &rArr; prvNotifyQueueSetContainer &rArr; prvCopyDataToQueue &rArr; xTaskPriorityDisinherit
</UL>
<BR>[Calls]<UL><LI><a href="#[a1]">&gt;&gt;</a>&nbsp;&nbsp;&nbsp;xQueueGenericSend
<LI><a href="#[a0]">&gt;&gt;</a>&nbsp;&nbsp;&nbsp;xQueueSemaphoreTake
<LI><a href="#[bf]">&gt;&gt;</a>&nbsp;&nbsp;&nbsp;IMU_Read
<LI><a href="#[c0]">&gt;&gt;</a>&nbsp;&nbsp;&nbsp;IMU_init
<LI><a href="#[ce]">&gt;&gt;</a>&nbsp;&nbsp;&nbsp;Motor_Init
<LI><a href="#[b8]">&gt;&gt;</a>&nbsp;&nbsp;&nbsp;Encoder_Init
<LI><a href="#[d7]">&gt;&gt;</a>&nbsp;&nbsp;&nbsp;__aeabi_memclr4
</UL>
<BR>[Called By]<UL><LI><a href="#[9b]">&gt;&gt;</a>&nbsp;&nbsp;&nbsp;car_init
</UL>

<P><STRONG><a name="[9]"></a>PendSV_Handler</STRONG> (Thumb, 64 bytes, Stack size 0 bytes, port.o(.text.PendSV_Handler))
<BR><BR>[Calls]<UL><LI><a href="#[da]">&gt;&gt;</a>&nbsp;&nbsp;&nbsp;rm_freertos_port_restore_task_stackless
<LI><a href="#[6f]">&gt;&gt;</a>&nbsp;&nbsp;&nbsp;vTaskSwitchContext
</UL>
<BR>[Address Reference Count : 1]<UL><LI> startup.o(.fixed_vectors)
</UL>
<P><STRONG><a name="[db]"></a>Protocol_Parse_And_Response</STRONG> (Thumb, 4016 bytes, Stack size 208 bytes, hc_04.o(.text.Protocol_Parse_And_Response))
<BR><BR>[Stack]<UL><LI>Max Depth = 472<LI>Call Chain = Protocol_Parse_And_Response &rArr; __0sscanf &rArr; __vfscanf_char &rArr; __vfscanf &rArr; _scanf_real
</UL>
<BR>[Calls]<UL><LI><a href="#[c3]">&gt;&gt;</a>&nbsp;&nbsp;&nbsp;__aeabi_dcmpgt
<LI><a href="#[de]">&gt;&gt;</a>&nbsp;&nbsp;&nbsp;__aeabi_dcmple
<LI><a href="#[dd]">&gt;&gt;</a>&nbsp;&nbsp;&nbsp;StoreRecord_Sync
<LI><a href="#[b5]">&gt;&gt;</a>&nbsp;&nbsp;&nbsp;Serial_SendByte
<LI><a href="#[b2]">&gt;&gt;</a>&nbsp;&nbsp;&nbsp;EEPROM_Erase_Chip
<LI><a href="#[b4]">&gt;&gt;</a>&nbsp;&nbsp;&nbsp;EEPROMGetDevice
<LI><a href="#[a1]">&gt;&gt;</a>&nbsp;&nbsp;&nbsp;xQueueGenericSend
<LI><a href="#[a0]">&gt;&gt;</a>&nbsp;&nbsp;&nbsp;xQueueSemaphoreTake
<LI><a href="#[d0]">&gt;&gt;</a>&nbsp;&nbsp;&nbsp;__aeabi_f2d
<LI><a href="#[73]">&gt;&gt;</a>&nbsp;&nbsp;&nbsp;__0sscanf
<LI><a href="#[b6]">&gt;&gt;</a>&nbsp;&nbsp;&nbsp;__2sprintf
<LI><a href="#[dc]">&gt;&gt;</a>&nbsp;&nbsp;&nbsp;memcmp
<LI><a href="#[d7]">&gt;&gt;</a>&nbsp;&nbsp;&nbsp;__aeabi_memclr4
</UL>
<BR>[Called By]<UL><LI><a href="#[f0]">&gt;&gt;</a>&nbsp;&nbsp;&nbsp;Show_Thread_entry
</UL>

<P><STRONG><a name="[2e]"></a>R_ADC_Calibrate</STRONG> (Thumb, 4 bytes, Stack size 0 bytes, r_adc.o(.text.R_ADC_Calibrate))
<BR>[Address Reference Count : 1]<UL><LI> r_adc.o(.rodata.g_adc_on_adc)
</UL>
<P><STRONG><a name="[30]"></a>R_ADC_CallbackSet</STRONG> (Thumb, 14 bytes, Stack size 0 bytes, r_adc.o(.text.R_ADC_CallbackSet))
<BR>[Address Reference Count : 1]<UL><LI> r_adc.o(.rodata.g_adc_on_adc)
</UL>
<P><STRONG><a name="[31]"></a>R_ADC_Close</STRONG> (Thumb, 228 bytes, Stack size 16 bytes, r_adc.o(.text.R_ADC_Close))
<BR><BR>[Stack]<UL><LI>Max Depth = 16<LI>Call Chain = R_ADC_Close
</UL>
<BR>[Address Reference Count : 1]<UL><LI> r_adc.o(.rodata.g_adc_on_adc)
</UL>
<P><STRONG><a name="[32]"></a>R_ADC_InfoGet</STRONG> (Thumb, 116 bytes, Stack size 8 bytes, r_adc.o(.text.R_ADC_InfoGet))
<BR><BR>[Stack]<UL><LI>Max Depth = 8<LI>Call Chain = R_ADC_InfoGet
</UL>
<BR>[Address Reference Count : 1]<UL><LI> r_adc.o(.rodata.g_adc_on_adc)
</UL>
<P><STRONG><a name="[2f]"></a>R_ADC_OffsetSet</STRONG> (Thumb, 4 bytes, Stack size 0 bytes, r_adc.o(.text.R_ADC_OffsetSet))
<BR>[Address Reference Count : 1]<UL><LI> r_adc.o(.rodata.g_adc_on_adc)
</UL>
<P><STRONG><a name="[26]"></a>R_ADC_Open</STRONG> (Thumb, 266 bytes, Stack size 40 bytes, r_adc.o(.text.R_ADC_Open))
<BR><BR>[Stack]<UL><LI>Max Depth = 40<LI>Call Chain = R_ADC_Open
</UL>
<BR>[Calls]<UL><LI><a href="#[df]">&gt;&gt;</a>&nbsp;&nbsp;&nbsp;r_adc_irq_enable
</UL>
<BR>[Address Reference Count : 1]<UL><LI> r_adc.o(.rodata.g_adc_on_adc)
</UL>
<P><STRONG><a name="[2c]"></a>R_ADC_Read</STRONG> (Thumb, 14 bytes, Stack size 0 bytes, r_adc.o(.text.R_ADC_Read))
<BR>[Address Reference Count : 1]<UL><LI> r_adc.o(.rodata.g_adc_on_adc)
</UL>
<P><STRONG><a name="[2d]"></a>R_ADC_Read32</STRONG> (Thumb, 24 bytes, Stack size 0 bytes, r_adc.o(.text.R_ADC_Read32))
<BR>[Address Reference Count : 1]<UL><LI> r_adc.o(.rodata.g_adc_on_adc)
</UL>
<P><STRONG><a name="[27]"></a>R_ADC_ScanCfg</STRONG> (Thumb, 466 bytes, Stack size 20 bytes, r_adc.o(.text.R_ADC_ScanCfg))
<BR><BR>[Stack]<UL><LI>Max Depth = 20<LI>Call Chain = R_ADC_ScanCfg
</UL>
<BR>[Address Reference Count : 1]<UL><LI> r_adc.o(.rodata.g_adc_on_adc)
</UL>
<P><STRONG><a name="[29]"></a>R_ADC_ScanGroupStart</STRONG> (Thumb, 4 bytes, Stack size 0 bytes, r_adc.o(.text.R_ADC_ScanGroupStart))
<BR>[Address Reference Count : 1]<UL><LI> r_adc.o(.rodata.g_adc_on_adc)
</UL>
<P><STRONG><a name="[28]"></a>R_ADC_ScanStart</STRONG> (Thumb, 10 bytes, Stack size 0 bytes, r_adc.o(.text.R_ADC_ScanStart))
<BR>[Address Reference Count : 1]<UL><LI> r_adc.o(.rodata.g_adc_on_adc)
</UL>
<P><STRONG><a name="[2a]"></a>R_ADC_ScanStop</STRONG> (Thumb, 10 bytes, Stack size 0 bytes, r_adc.o(.text.R_ADC_ScanStop))
<BR>[Address Reference Count : 1]<UL><LI> r_adc.o(.rodata.g_adc_on_adc)
</UL>
<P><STRONG><a name="[2b]"></a>R_ADC_StatusGet</STRONG> (Thumb, 12 bytes, Stack size 0 bytes, r_adc.o(.text.R_ADC_StatusGet))
<BR>[Address Reference Count : 1]<UL><LI> r_adc.o(.rodata.g_adc_on_adc)
</UL>
<P><STRONG><a name="[e0]"></a>R_BSP_Init_RTC</STRONG> (Thumb, 122 bytes, Stack size 16 bytes, bsp_clocks.o(.text.R_BSP_Init_RTC))
<BR><BR>[Stack]<UL><LI>Max Depth = 24<LI>Call Chain = R_BSP_Init_RTC &rArr; R_BSP_RegisterProtectDisable
</UL>
<BR>[Calls]<UL><LI><a href="#[ad]">&gt;&gt;</a>&nbsp;&nbsp;&nbsp;R_BSP_SoftwareDelay
<LI><a href="#[e2]">&gt;&gt;</a>&nbsp;&nbsp;&nbsp;R_BSP_RegisterProtectEnable
<LI><a href="#[e1]">&gt;&gt;</a>&nbsp;&nbsp;&nbsp;R_BSP_RegisterProtectDisable
</UL>
<BR>[Called By]<UL><LI><a href="#[eb]">&gt;&gt;</a>&nbsp;&nbsp;&nbsp;SystemInit
</UL>

<P><STRONG><a name="[e1]"></a>R_BSP_RegisterProtectDisable</STRONG> (Thumb, 78 bytes, Stack size 8 bytes, bsp_register_protection.o(.text.R_BSP_RegisterProtectDisable))
<BR><BR>[Stack]<UL><LI>Max Depth = 8<LI>Call Chain = R_BSP_RegisterProtectDisable
</UL>
<BR>[Called By]<UL><LI><a href="#[e9]">&gt;&gt;</a>&nbsp;&nbsp;&nbsp;bsp_vbatt_init
<LI><a href="#[f7]">&gt;&gt;</a>&nbsp;&nbsp;&nbsp;bsp_irq_cfg
<LI><a href="#[e0]">&gt;&gt;</a>&nbsp;&nbsp;&nbsp;R_BSP_Init_RTC
<LI><a href="#[eb]">&gt;&gt;</a>&nbsp;&nbsp;&nbsp;SystemInit
</UL>

<P><STRONG><a name="[e2]"></a>R_BSP_RegisterProtectEnable</STRONG> (Thumb, 82 bytes, Stack size 0 bytes, bsp_register_protection.o(.text.R_BSP_RegisterProtectEnable))
<BR><BR>[Called By]<UL><LI><a href="#[e9]">&gt;&gt;</a>&nbsp;&nbsp;&nbsp;bsp_vbatt_init
<LI><a href="#[f7]">&gt;&gt;</a>&nbsp;&nbsp;&nbsp;bsp_irq_cfg
<LI><a href="#[e0]">&gt;&gt;</a>&nbsp;&nbsp;&nbsp;R_BSP_Init_RTC
<LI><a href="#[eb]">&gt;&gt;</a>&nbsp;&nbsp;&nbsp;SystemInit
</UL>

<P><STRONG><a name="[ad]"></a>R_BSP_SoftwareDelay</STRONG> (Thumb, 132 bytes, Stack size 0 bytes, bsp_delay.o(.text.R_BSP_SoftwareDelay))
<BR><BR>[Calls]<UL><LI><a href="#[e3]">&gt;&gt;</a>&nbsp;&nbsp;&nbsp;bsp_prv_software_delay_loop
</UL>
<BR>[Called By]<UL><LI><a href="#[b3]">&gt;&gt;</a>&nbsp;&nbsp;&nbsp;EEPROM_Load_To_RAM
<LI><a href="#[dd]">&gt;&gt;</a>&nbsp;&nbsp;&nbsp;StoreRecord_Sync
<LI><a href="#[18]">&gt;&gt;</a>&nbsp;&nbsp;&nbsp;EEPROMDrvRead
<LI><a href="#[b0]">&gt;&gt;</a>&nbsp;&nbsp;&nbsp;EEPROMDrvWritePage
<LI><a href="#[ae]">&gt;&gt;</a>&nbsp;&nbsp;&nbsp;I2C4WaitRxCplt
<LI><a href="#[ac]">&gt;&gt;</a>&nbsp;&nbsp;&nbsp;I2C4WaitTxCplt
<LI><a href="#[e9]">&gt;&gt;</a>&nbsp;&nbsp;&nbsp;bsp_vbatt_init
<LI><a href="#[e0]">&gt;&gt;</a>&nbsp;&nbsp;&nbsp;R_BSP_Init_RTC
<LI><a href="#[f4]">&gt;&gt;</a>&nbsp;&nbsp;&nbsp;bsp_clock_init
</UL>

<P><STRONG><a name="[101]"></a>R_BSP_SubClockStabilizeWaitAfterReset</STRONG> (Thumb, 2 bytes, Stack size 0 bytes, bsp_clocks.o(.text.R_BSP_SubClockStabilizeWaitAfterReset))
<BR><BR>[Called By]<UL><LI><a href="#[f4]">&gt;&gt;</a>&nbsp;&nbsp;&nbsp;bsp_clock_init
</UL>

<P><STRONG><a name="[e4]"></a>R_BSP_WarmStart</STRONG> (Thumb, 26 bytes, Stack size 0 bytes, hal_warmstart.o(.text.R_BSP_WarmStart))
[...]
</UL>

<P><STRONG><a name="[164]"></a>sqrt</STRONG> (Thumb, 110 bytes, Stack size 32 bytes, sqrt.o(i.sqrt))
<BR><BR>[Stack]<UL><LI>Max Depth = 72<LI>Call Chain = sqrt &rArr; _dsqrt &rArr; _double_round
</UL>
<BR>[Calls]<UL><LI><a href="#[92]">&gt;&gt;</a>&nbsp;&nbsp;&nbsp;_dsqrt
<LI><a href="#[15e]">&gt;&gt;</a>&nbsp;&nbsp;&nbsp;__set_errno
</UL>
<BR>[Called By]<UL><LI><a href="#[c6]">&gt;&gt;</a>&nbsp;&nbsp;&nbsp;__hardfp_pow
</UL>
<P>
<H3>
Local Symbols
</H3>
<P><STRONG><a name="[134]"></a>prvUnlockQueue</STRONG> (Thumb, 126 bytes, Stack size 24 bytes, queue.o(.text.prvUnlockQueue))
<BR><BR>[Stack]<UL><LI>Max Depth = 80<LI>Call Chain = prvUnlockQueue &rArr; prvNotifyQueueSetContainer &rArr; prvCopyDataToQueue &rArr; xTaskPriorityDisinherit
</UL>
<BR>[Calls]<UL><LI><a href="#[135]">&gt;&gt;</a>&nbsp;&nbsp;&nbsp;vTaskMissedYield
<LI><a href="#[12b]">&gt;&gt;</a>&nbsp;&nbsp;&nbsp;xTaskRemoveFromEventList
<LI><a href="#[129]">&gt;&gt;</a>&nbsp;&nbsp;&nbsp;prvNotifyQueueSetContainer
<LI><a href="#[11a]">&gt;&gt;</a>&nbsp;&nbsp;&nbsp;vPortExitCritical
<LI><a href="#[118]">&gt;&gt;</a>&nbsp;&nbsp;&nbsp;vPortEnterCritical
</UL>
<BR>[Called By]<UL><LI><a href="#[132]">&gt;&gt;</a>&nbsp;&nbsp;&nbsp;vQueueWaitForMessageRestricted
<LI><a href="#[133]">&gt;&gt;</a>&nbsp;&nbsp;&nbsp;xQueueReceive
<LI><a href="#[a1]">&gt;&gt;</a>&nbsp;&nbsp;&nbsp;xQueueGenericSend
<LI><a href="#[a0]">&gt;&gt;</a>&nbsp;&nbsp;&nbsp;xQueueSemaphoreTake
</UL>

<P><STRONG><a name="[120]"></a>prvCopyDataToQueue</STRONG> (Thumb, 120 bytes, Stack size 16 bytes, queue.o(.text.prvCopyDataToQueue))
<BR><BR>[Stack]<UL><LI>Max Depth = 32<LI>Call Chain = prvCopyDataToQueue &rArr; xTaskPriorityDisinherit
</UL>
<BR>[Calls]<UL><LI><a href="#[121]">&gt;&gt;</a>&nbsp;&nbsp;&nbsp;xTaskPriorityDisinherit
<LI><a href="#[b1]">&gt;&gt;</a>&nbsp;&nbsp;&nbsp;__aeabi_memcpy
</UL>
<BR>[Called By]<UL><LI><a href="#[129]">&gt;&gt;</a>&nbsp;&nbsp;&nbsp;prvNotifyQueueSetContainer
<LI><a href="#[a1]">&gt;&gt;</a>&nbsp;&nbsp;&nbsp;xQueueGenericSend
</UL>

<P><STRONG><a name="[129]"></a>prvNotifyQueueSetContainer</STRONG> (Thumb, 164 bytes, Stack size 24 bytes, queue.o(.text.prvNotifyQueueSetContainer))
<BR><BR>[Stack]<UL><LI>Max Depth = 56<LI>Call Chain = prvNotifyQueueSetContainer &rArr; prvCopyDataToQueue &rArr; xTaskPriorityDisinherit
</UL>
<BR>[Calls]<UL><LI><a href="#[12a]">&gt;&gt;</a>&nbsp;&nbsp;&nbsp;uxTaskGetNumberOfTasks
<LI><a href="#[12b]">&gt;&gt;</a>&nbsp;&nbsp;&nbsp;xTaskRemoveFromEventList
<LI><a href="#[120]">&gt;&gt;</a>&nbsp;&nbsp;&nbsp;prvCopyDataToQueue
<LI><a href="#[123]">&gt;&gt;</a>&nbsp;&nbsp;&nbsp;__aeabi_assert
</UL>
<BR>[Called By]<UL><LI><a href="#[134]">&gt;&gt;</a>&nbsp;&nbsp;&nbsp;prvUnlockQueue
<LI><a href="#[a1]">&gt;&gt;</a>&nbsp;&nbsp;&nbsp;xQueueGenericSend
</UL>

<P><STRONG><a name="[125]"></a>prvInitialiseNewTask</STRONG> (Thumb, 136 bytes, Stack size 32 bytes, tasks.o(.text.prvInitialiseNewTask))
<BR><BR>[Stack]<UL><LI>Max Depth = 32<LI>Call Chain = prvInitialiseNewTask
</UL>
<BR>[Calls]<UL><LI><a href="#[126]">&gt;&gt;</a>&nbsp;&nbsp;&nbsp;vListInitialiseItem
<LI><a href="#[123]">&gt;&gt;</a>&nbsp;&nbsp;&nbsp;__aeabi_assert
<LI><a href="#[127]">&gt;&gt;</a>&nbsp;&nbsp;&nbsp;pxPortInitialiseStack
</UL>
<BR>[Called By]<UL><LI><a href="#[97]">&gt;&gt;</a>&nbsp;&nbsp;&nbsp;xTaskCreateStatic
</UL>

<P><STRONG><a name="[117]"></a>prvAddNewTaskToReadyList</STRONG> (Thumb, 296 bytes, Stack size 32 bytes, tasks.o(.text.prvAddNewTaskToReadyList))
<BR><BR>[Stack]<UL><LI>Max Depth = 32<LI>Call Chain = prvAddNewTaskToReadyList
</UL>
<BR>[Calls]<UL><LI><a href="#[11a]">&gt;&gt;</a>&nbsp;&nbsp;&nbsp;vPortExitCritical
<LI><a href="#[118]">&gt;&gt;</a>&nbsp;&nbsp;&nbsp;vPortEnterCritical
<LI><a href="#[119]">&gt;&gt;</a>&nbsp;&nbsp;&nbsp;vListInitialise
</UL>
<BR>[Called By]<UL><LI><a href="#[97]">&gt;&gt;</a>&nbsp;&nbsp;&nbsp;xTaskCreateStatic
</UL>

<P><STRONG><a name="[11f]"></a>prvDeleteTCB</STRONG> (Thumb, 56 bytes, Stack size 8 bytes, tasks.o(.text.prvDeleteTCB))
<BR><BR>[Stack]<UL><LI>Max Depth = 112<LI>Call Chain = prvDeleteTCB &rArr; vPortFree &rArr; xTaskResumeAll &rArr; xTaskIncrementTick
</UL>
<BR>[Calls]<UL><LI><a href="#[122]">&gt;&gt;</a>&nbsp;&nbsp;&nbsp;vPortFree
<LI><a href="#[123]">&gt;&gt;</a>&nbsp;&nbsp;&nbsp;__aeabi_assert
</UL>
<BR>[Called By]<UL><LI><a href="#[11e]">&gt;&gt;</a>&nbsp;&nbsp;&nbsp;prvCheckTasksWaitingTermination
</UL>

<P><STRONG><a name="[114]"></a>prvAddCurrentTaskToDelayedList</STRONG> (Thumb, 164 bytes, Stack size 32 bytes, tasks.o(.text.prvAddCurrentTaskToDelayedList))
<BR><BR>[Stack]<UL><LI>Max Depth = 40<LI>Call Chain = prvAddCurrentTaskToDelayedList &rArr; vListInsert
</UL>
<BR>[Calls]<UL><LI><a href="#[115]">&gt;&gt;</a>&nbsp;&nbsp;&nbsp;uxListRemove
<LI><a href="#[116]">&gt;&gt;</a>&nbsp;&nbsp;&nbsp;vListInsert
</UL>
<BR>[Called By]<UL><LI><a href="#[143]">&gt;&gt;</a>&nbsp;&nbsp;&nbsp;vTaskPlaceOnEventListRestricted
<LI><a href="#[144]">&gt;&gt;</a>&nbsp;&nbsp;&nbsp;vTaskPlaceOnEventList
<LI><a href="#[9c]">&gt;&gt;</a>&nbsp;&nbsp;&nbsp;vTaskDelay
</UL>

<P><STRONG><a name="[22]"></a>prvIdleTask</STRONG> (Thumb, 46 bytes, Stack size 0 bytes, tasks.o(.text.prvIdleTask))
<BR><BR>[Stack]<UL><LI>Max Depth = 136<LI>Call Chain = prvIdleTask &rArr; prvCheckTasksWaitingTermination &rArr; prvDeleteTCB &rArr; vPortFree &rArr; xTaskResumeAll &rArr; xTaskIncrementTick
</UL>
<BR>[Calls]<UL><LI><a href="#[124]">&gt;&gt;</a>&nbsp;&nbsp;&nbsp;vApplicationIdleHook
<LI><a href="#[11e]">&gt;&gt;</a>&nbsp;&nbsp;&nbsp;prvCheckTasksWaitingTermination
</UL>
<BR>[Address Reference Count : 1]<UL><LI> tasks.o(.text.vTaskStartScheduler)
</UL>
<P><STRONG><a name="[11e]"></a>prvCheckTasksWaitingTermination</STRONG> (Thumb, 78 bytes, Stack size 24 bytes, tasks.o(.text.prvCheckTasksWaitingTermination))
<BR><BR>[Stack]<UL><LI>Max Depth = 136<LI>Call Chain = prvCheckTasksWaitingTermination &rArr; prvDeleteTCB &rArr; vPortFree &rArr; xTaskResumeAll &rArr; xTaskIncrementTick
</UL>
<BR>[Calls]<UL><LI><a href="#[115]">&gt;&gt;</a>&nbsp;&nbsp;&nbsp;uxListRemove
<LI><a href="#[11a]">&gt;&gt;</a>&nbsp;&nbsp;&nbsp;vPortExitCritical
<LI><a href="#[118]">&gt;&gt;</a>&nbsp;&nbsp;&nbsp;vPortEnterCritical
<LI><a href="#[11f]">&gt;&gt;</a>&nbsp;&nbsp;&nbsp;prvDeleteTCB
</UL>
<BR>[Called By]<UL><LI><a href="#[22]">&gt;&gt;</a>&nbsp;&nbsp;&nbsp;prvIdleTask
</UL>

<P><STRONG><a name="[11b]"></a>prvCheckForValidListAndQueue</STRONG> (Thumb, 116 bytes, Stack size 24 bytes, timers.o(.text.prvCheckForValidListAndQueue))
<BR><BR>[Stack]<UL><LI>Max Depth = 72<LI>Call Chain = prvCheckForValidListAndQueue &rArr; xQueueGenericCreateStatic &rArr; xQueueGenericReset &rArr; xTaskRemoveFromEventList
</UL>
<BR>[Calls]<UL><LI><a href="#[11d]">&gt;&gt;</a>&nbsp;&nbsp;&nbsp;vQueueAddToRegistry
<LI><a href="#[11c]">&gt;&gt;</a>&nbsp;&nbsp;&nbsp;xQueueGenericCreateStatic
<LI><a href="#[11a]">&gt;&gt;</a>&nbsp;&nbsp;&nbsp;vPortExitCritical
<LI><a href="#[118]">&gt;&gt;</a>&nbsp;&nbsp;&nbsp;vPortEnterCritical
<LI><a href="#[119]">&gt;&gt;</a>&nbsp;&nbsp;&nbsp;vListInitialise
</UL>
<BR>[Called By]<UL><LI><a href="#[147]">&gt;&gt;</a>&nbsp;&nbsp;&nbsp;xTimerCreateTimerTask
</UL>

<P><STRONG><a name="[23]"></a>prvTimerTask</STRONG> (Thumb, 384 bytes, Stack size 16 bytes, timers.o(.text.prvTimerTask))
<BR><BR>[Stack]<UL><LI>Max Depth = 144<LI>Call Chain = prvTimerTask &rArr; xQueueReceive &rArr; prvUnlockQueue &rArr; prvNotifyQueueSetContainer &rArr; prvCopyDataToQueue &rArr; xTaskPriorityDisinherit
</UL>
<BR>[Calls]<UL><LI><a href="#[132]">&gt;&gt;</a>&nbsp;&nbsp;&nbsp;vQueueWaitForMessageRestricted
<LI><a href="#[133]">&gt;&gt;</a>&nbsp;&nbsp;&nbsp;xQueueReceive
<LI><a href="#[115]">&gt;&gt;</a>&nbsp;&nbsp;&nbsp;uxListRemove
<LI><a href="#[122]">&gt;&gt;</a>&nbsp;&nbsp;&nbsp;vPortFree
<LI><a href="#[131]">&gt;&gt;</a>&nbsp;&nbsp;&nbsp;xTaskResumeAll
<LI><a href="#[130]">&gt;&gt;</a>&nbsp;&nbsp;&nbsp;vTaskSuspendAll
<LI><a href="#[123]">&gt;&gt;</a>&nbsp;&nbsp;&nbsp;__aeabi_assert
<LI><a href="#[12d]">&gt;&gt;</a>&nbsp;&nbsp;&nbsp;prvReloadTimer
<LI><a href="#[128]">&gt;&gt;</a>&nbsp;&nbsp;&nbsp;prvInsertTimerInActiveList
<LI><a href="#[12c]">&gt;&gt;</a>&nbsp;&nbsp;&nbsp;prvProcessExpiredTimer
<LI><a href="#[12e]">&gt;&gt;</a>&nbsp;&nbsp;&nbsp;prvSampleTimeNow
</UL>
<BR>[Address Reference Count : 1]<UL><LI> timers.o(.text.xTimerCreateTimerTask)
</UL>
<P><STRONG><a name="[12e]"></a>prvSampleTimeNow</STRONG> (Thumb, 86 bytes, Stack size 24 bytes, timers.o(.text.prvSampleTimeNow))
<BR><BR>[Stack]<UL><LI>Max Depth = 72<LI>Call Chain = prvSampleTimeNow &rArr; prvProcessExpiredTimer &rArr; prvReloadTimer &rArr; prvInsertTimerInActiveList &rArr; vListInsert
</UL>
<BR>[Calls]<UL><LI><a href="#[12c]">&gt;&gt;</a>&nbsp;&nbsp;&nbsp;prvProcessExpiredTimer
<LI><a href="#[12f]">&gt;&gt;</a>&nbsp;&nbsp;&nbsp;xTaskGetTickCount
</UL>
<BR>[Called By]<UL><LI><a href="#[23]">&gt;&gt;</a>&nbsp;&nbsp;&nbsp;prvTimerTask
</UL>

<P><STRONG><a name="[12c]"></a>prvProcessExpiredTimer</STRONG> (Thumb, 64 bytes, Stack size 16 bytes, timers.o(.text.prvProcessExpiredTimer))
<BR><BR>[Stack]<UL><LI>Max Depth = 48<LI>Call Chain = prvProcessExpiredTimer &rArr; prvReloadTimer &rArr; prvInsertTimerInActiveList &rArr; vListInsert
</UL>
<BR>[Calls]<UL><LI><a href="#[115]">&gt;&gt;</a>&nbsp;&nbsp;&nbsp;uxListRemove
<LI><a href="#[12d]">&gt;&gt;</a>&nbsp;&nbsp;&nbsp;prvReloadTimer
</UL>
<BR>[Called By]<UL><LI><a href="#[12e]">&gt;&gt;</a>&nbsp;&nbsp;&nbsp;prvSampleTimeNow
<LI><a href="#[23]">&gt;&gt;</a>&nbsp;&nbsp;&nbsp;prvTimerTask
</UL>

<P><STRONG><a name="[128]"></a>prvInsertTimerInActiveList</STRONG> (Thumb, 64 bytes, Stack size 8 bytes, timers.o(.text.prvInsertTimerInActiveList))
<BR><BR>[Stack]<UL><LI>Max Depth = 16<LI>Call Chain = prvInsertTimerInActiveList &rArr; vListInsert
</UL>
<BR>[Calls]<UL><LI><a href="#[116]">&gt;&gt;</a>&nbsp;&nbsp;&nbsp;vListInsert
</UL>
<BR>[Called By]<UL><LI><a href="#[12d]">&gt;&gt;</a>&nbsp;&nbsp;&nbsp;prvReloadTimer
<LI><a href="#[23]">&gt;&gt;</a>&nbsp;&nbsp;&nbsp;prvTimerTask
</UL>

<P><STRONG><a name="[12d]"></a>prvReloadTimer</STRONG> (Thumb, 46 bytes, Stack size 16 bytes, timers.o(.text.prvReloadTimer))
<BR><BR>[Stack]<UL><LI>Max Depth = 32<LI>Call Chain = prvReloadTimer &rArr; prvInsertTimerInActiveList &rArr; vListInsert
</UL>
<BR>[Calls]<UL><LI><a href="#[128]">&gt;&gt;</a>&nbsp;&nbsp;&nbsp;prvInsertTimerInActiveList
</UL>
<BR>[Called By]<UL><LI><a href="#[12c]">&gt;&gt;</a>&nbsp;&nbsp;&nbsp;prvProcessExpiredTimer
<LI><a href="#[23]">&gt;&gt;</a>&nbsp;&nbsp;&nbsp;prvTimerTask
</UL>

<P><STRONG><a name="[f5]"></a>SystemRuntimeInit</STRONG> (Thumb, 90 bytes, Stack size 24 bytes, system.o(.text.SystemRuntimeInit))
<BR><BR>[Stack]<UL><LI>Max Depth = 24<LI>Call Chain = SystemRuntimeInit
</UL>
<BR>[Calls]<UL><LI><a href="#[d7]">&gt;&gt;</a>&nbsp;&nbsp;&nbsp;__aeabi_memclr4
<LI><a href="#[f9]">&gt;&gt;</a>&nbsp;&nbsp;&nbsp;__aeabi_memcpy4
</UL>
<BR>[Called By]<UL><LI><a href="#[eb]">&gt;&gt;</a>&nbsp;&nbsp;&nbsp;SystemInit
</UL>

<P><STRONG><a name="[df]"></a>r_adc_irq_enable</STRONG> (Thumb, 88 bytes, Stack size 0 bytes, r_adc.o(.text.r_adc_irq_enable))
<BR><BR>[Called By]<UL><LI><a href="#[26]">&gt;&gt;</a>&nbsp;&nbsp;&nbsp;R_ADC_Open
</UL>

<P><STRONG><a name="[e5]"></a>gpt_calculate_duty_cycle</STRONG> (Thumb, 114 bytes, Stack size 16 bytes, r_gpt.o(.text.gpt_calculate_duty_cycle))
<BR><BR>[Stack]<UL><LI>Max Depth = 16<LI>Call Chain = gpt_calculate_duty_cycle
</UL>
<BR>[Called By]<UL><LI><a href="#[5a]">&gt;&gt;</a>&nbsp;&nbsp;&nbsp;R_GPT_DutyCycleSet
<LI><a href="#[53]">&gt;&gt;</a>&nbsp;&nbsp;&nbsp;R_GPT_Open
</UL>

<P><STRONG><a name="[e6]"></a>iic_master_open_hw_master</STRONG> (Thumb, 376 bytes, Stack size 20 bytes, r_iic_master.o(.text.iic_master_open_hw_master))
<BR><BR>[Stack]<UL><LI>Max Depth = 20<LI>Call Chain = iic_master_open_hw_master
</UL>
<BR>[Called By]<UL><LI><a href="#[35]">&gt;&gt;</a>&nbsp;&nbsp;&nbsp;R_IIC_MASTER_Open
<LI><a href="#[12]">&gt;&gt;</a>&nbsp;&nbsp;&nbsp;iic_master_eri_isr
<LI><a href="#[3c]">&gt;&gt;</a>&nbsp;&nbsp;&nbsp;R_IIC_MASTER_Close
<LI><a href="#[38]">&gt;&gt;</a>&nbsp;&nbsp;&nbsp;R_IIC_MASTER_Abort
</UL>

<P><STRONG><a name="[e7]"></a>iic_master_read_write</STRONG> (Thumb, 340 bytes, Stack size 12 bytes, r_iic_master.o(.text.iic_master_read_write))
<BR><BR>[Stack]<UL><LI>Max Depth = 12<LI>Call Chain = iic_master_read_write
</UL>
<BR>[Called By]<UL><LI><a href="#[37]">&gt;&gt;</a>&nbsp;&nbsp;&nbsp;R_IIC_MASTER_Write
<LI><a href="#[36]">&gt;&gt;</a>&nbsp;&nbsp;&nbsp;R_IIC_MASTER_Read
</UL>

<P><STRONG><a name="[110]"></a>iic_master_notify</STRONG> (Thumb, 54 bytes, Stack size 16 bytes, r_iic_master.o(.text.iic_master_notify))
<BR><BR>[Stack]<UL><LI>Max Depth = 16<LI>Call Chain = iic_master_notify
</UL>
<BR>[Called By]<UL><LI><a href="#[12]">&gt;&gt;</a>&nbsp;&nbsp;&nbsp;iic_master_eri_isr
<LI><a href="#[11]">&gt;&gt;</a>&nbsp;&nbsp;&nbsp;iic_master_tei_isr
<LI><a href="#[10]">&gt;&gt;</a>&nbsp;&nbsp;&nbsp;iic_master_txi_isr
<LI><a href="#[f]">&gt;&gt;</a>&nbsp;&nbsp;&nbsp;iic_master_rxi_isr
</UL>

<P><STRONG><a name="[e8]"></a>r_ioport_pins_config</STRONG> (Thumb, 192 bytes, Stack size 16 bytes, r_ioport.o(.text.r_ioport_pins_config))
<BR><BR>[Stack]<UL><LI>Max Depth = 64<LI>Call Chain = r_ioport_pins_config &rArr; bsp_vbatt_init &rArr; R_BSP_RegisterProtectDisable
</UL>
<BR>[Calls]<UL><LI><a href="#[e9]">&gt;&gt;</a>&nbsp;&nbsp;&nbsp;bsp_vbatt_init
</UL>
<BR>[Called By]<UL><LI><a href="#[45]">&gt;&gt;</a>&nbsp;&nbsp;&nbsp;R_IOPORT_Open
<LI><a href="#[47]">&gt;&gt;</a>&nbsp;&nbsp;&nbsp;R_IOPORT_PinsCfg
</UL>

<P><STRONG><a name="[e9]"></a>bsp_vbatt_init</STRONG> (Thumb, 204 bytes, Stack size 40 bytes, r_ioport.o(.text.bsp_vbatt_init))
<BR><BR>[Stack]<UL><LI>Max Depth = 48<LI>Call Chain = bsp_vbatt_init &rArr; R_BSP_RegisterProtectDisable
</UL>
<BR>[Calls]<UL><LI><a href="#[ad]">&gt;&gt;</a>&nbsp;&nbsp;&nbsp;R_BSP_SoftwareDelay
<LI><a href="#[e2]">&gt;&gt;</a>&nbsp;&nbsp;&nbsp;R_BSP_RegisterProtectEnable
<LI><a href="#[e1]">&gt;&gt;</a>&nbsp;&nbsp;&nbsp;R_BSP_RegisterProtectDisable
</UL>
<BR>[Called By]<UL><LI><a href="#[48]">&gt;&gt;</a>&nbsp;&nbsp;&nbsp;R_IOPORT_PinCfg
<LI><a href="#[e8]">&gt;&gt;</a>&nbsp;&nbsp;&nbsp;r_ioport_pins_config
</UL>

<P><STRONG><a name="[ea]"></a>sci_i2c_read_write</STRONG> (Thumb, 152 bytes, Stack size 0 bytes, r_sci_i2c.o(.text.sci_i2c_read_write))
<BR><BR>[Called By]<UL><LI><a href="#[3f]">&gt;&gt;</a>&nbsp;&nbsp;&nbsp;R_SCI_I2C_Write
<LI><a href="#[3e]">&gt;&gt;</a>&nbsp;&nbsp;&nbsp;R_SCI_I2C_Read
</UL>

<P><STRONG><a name="[138]"></a>r_sci_uart_call_callback</STRONG> (Thumb, 64 bytes, Stack size 32 bytes, r_sci_uart.o(.text.r_sci_uart_call_callback))
<BR><BR>[Stack]<UL><LI>Max Depth = 32<LI>Call Chain = r_sci_uart_call_callback
</UL>
<BR>[Called By]<UL><LI><a href="#[e]">&gt;&gt;</a>&nbsp;&nbsp;&nbsp;sci_uart_eri_isr
<LI><a href="#[d]">&gt;&gt;</a>&nbsp;&nbsp;&nbsp;sci_uart_tei_isr
<LI><a href="#[b]">&gt;&gt;</a>&nbsp;&nbsp;&nbsp;sci_uart_rxi_isr
<LI><a href="#[c]">&gt;&gt;</a>&nbsp;&nbsp;&nbsp;sci_uart_txi_isr
</UL>

<P><STRONG><a name="[21]"></a>prvTaskExitError</STRONG> (Thumb, 6 bytes, Stack size 0 bytes, port.o(.text.prvTaskExitError))
<BR>[Address Reference Count : 1]<UL><LI> port.o(.text.pxPortInitialiseStack)
</UL>
<P><STRONG><a name="[1d]"></a>Car_Thread_func</STRONG> (Thumb, 18 bytes, Stack size 8 bytes, car_thread.o(.text.Car_Thread_func))
<BR><BR>[Stack]<UL><LI>Max Depth = 1504<LI>Call Chain = Car_Thread_func &rArr; Car_Thread_entry &rArr; car_goto_coll_do &rArr; tril_read &rArr; GetLocation &rArr; deca_3dlocate &rArr; trilateration &rArr; sphereline &rArr; __aeabi_dsub &rArr; __aeabi_dadd &rArr; _double_epilogue &rArr; _double_round
</UL>
<BR>[Calls]<UL><LI><a href="#[99]">&gt;&gt;</a>&nbsp;&nbsp;&nbsp;Car_Thread_entry
<LI><a href="#[aa]">&gt;&gt;</a>&nbsp;&nbsp;&nbsp;rtos_startup_common_init
</UL>
<BR>[Address Reference Count : 1]<UL><LI> car_thread.o(.text.Car_Thread_create)
</UL>
<P><STRONG><a name="[1e]"></a>LED_Thread_func</STRONG> (Thumb, 18 bytes, Stack size 8 bytes, led_thread.o(.text.LED_Thread_func))
<BR><BR>[Stack]<UL><LI>Max Depth = 160<LI>Call Chain = LED_Thread_func &rArr; rtos_startup_common_init &rArr; xQueueGenericSend &rArr; prvUnlockQueue &rArr; prvNotifyQueueSetContainer &rArr; prvCopyDataToQueue &rArr; xTaskPriorityDisinherit
</UL>
<BR>[Calls]<UL><LI><a href="#[cc]">&gt;&gt;</a>&nbsp;&nbsp;&nbsp;LED_Thread_entry
<LI><a href="#[aa]">&gt;&gt;</a>&nbsp;&nbsp;&nbsp;rtos_startup_common_init
</UL>
<BR>[Address Reference Count : 1]<UL><LI> led_thread.o(.text.LED_Thread_create)
</UL>
<P><STRONG><a name="[20]"></a>Show_Thread_func</STRONG> (Thumb, 18 bytes, Stack size 8 bytes, show_thread.o(.text.Show_Thread_func))
<BR><BR>[Stack]<UL><LI>Max Depth = 1584<LI>Call Chain = Show_Thread_func &rArr; Show_Thread_entry &rArr; show_all &rArr; UWB_num_new &rArr; tril_read &rArr; GetLocation &rArr; deca_3dlocate &rArr; trilateration &rArr; sphereline &rArr; __aeabi_dsub &rArr; __aeabi_dadd &rArr; _double_epilogue &rArr; _double_round
</UL>
<BR>[Calls]<UL><LI><a href="#[f0]">&gt;&gt;</a>&nbsp;&nbsp;&nbsp;Show_Thread_entry
<LI><a href="#[aa]">&gt;&gt;</a>&nbsp;&nbsp;&nbsp;rtos_startup_common_init
</UL>
<BR>[Address Reference Count : 1]<UL><LI> show_thread.o(.text.Show_Thread_create)
</UL>
<P><STRONG><a name="[168]"></a>_fp_digits</STRONG> (Thumb, 366 bytes, Stack size 64 bytes, printfa.o(i._fp_digits), UNUSED)
<BR><BR>[Calls]<UL><LI><a href="#[79]">&gt;&gt;</a>&nbsp;&nbsp;&nbsp;__aeabi_dmul
<LI><a href="#[82]">&gt;&gt;</a>&nbsp;&nbsp;&nbsp;__aeabi_dadd
<LI><a href="#[7a]">&gt;&gt;</a>&nbsp;&nbsp;&nbsp;__aeabi_ddiv
<LI><a href="#[93]">&gt;&gt;</a>&nbsp;&nbsp;&nbsp;__aeabi_d2ulz
<LI><a href="#[166]">&gt;&gt;</a>&nbsp;&nbsp;&nbsp;__aeabi_cdrcmple
<LI><a href="#[90]">&gt;&gt;</a>&nbsp;&nbsp;&nbsp;__aeabi_uldivmod
</UL>
<BR>[Called By]<UL><LI><a href="#[153]">&gt;&gt;</a>&nbsp;&nbsp;&nbsp;_printf_core
</UL>

<P><STRONG><a name="[153]"></a>_printf_core</STRONG> (Thumb, 1744 bytes, Stack size 136 bytes, printfa.o(i._printf_core), UNUSED)
<BR><BR>[Calls]<UL><LI><a href="#[169]">&gt;&gt;</a>&nbsp;&nbsp;&nbsp;_printf_pre_padding
<LI><a href="#[16a]">&gt;&gt;</a>&nbsp;&nbsp;&nbsp;_printf_post_padding
<LI><a href="#[168]">&gt;&gt;</a>&nbsp;&nbsp;&nbsp;_fp_digits
<LI><a href="#[90]">&gt;&gt;</a>&nbsp;&nbsp;&nbsp;__aeabi_uldivmod
<LI><a href="#[16b]">&gt;&gt;</a>&nbsp;&nbsp;&nbsp;__aeabi_uidivmod
</UL>
<BR>[Called By]<UL><LI><a href="#[154]">&gt;&gt;</a>&nbsp;&nbsp;&nbsp;__0sprintf
<LI><a href="#[152]">&gt;&gt;</a>&nbsp;&nbsp;&nbsp;__0printf
</UL>

<P><STRONG><a name="[16a]"></a>_printf_post_padding</STRONG> (Thumb, 36 bytes, Stack size 24 bytes, printfa.o(i._printf_post_padding), UNUSED)
<BR><BR>[Called By]<UL><LI><a href="#[153]">&gt;&gt;</a>&nbsp;&nbsp;&nbsp;_printf_core
</UL>

<P><STRONG><a name="[169]"></a>_printf_pre_padding</STRONG> (Thumb, 46 bytes, Stack size 24 bytes, printfa.o(i._printf_pre_padding), UNUSED)
<BR><BR>[Called By]<UL><LI><a href="#[153]">&gt;&gt;</a>&nbsp;&nbsp;&nbsp;_printf_core
</UL>

<P><STRONG><a name="[25]"></a>_sputc</STRONG> (Thumb, 10 bytes, Stack size 0 bytes, printfa.o(i._sputc))
<BR><BR>[Called By]<UL><LI><a href="#[154]">&gt;&gt;</a>&nbsp;&nbsp;&nbsp;__0sprintf
</UL>
<BR>[Address Reference Count : 1]<UL><LI> printfa.o(i.__0sprintf)
</UL>
<P><STRONG><a name="[77]"></a>_fp_value</STRONG> (Thumb, 296 bytes, Stack size 64 bytes, scanf_fp.o(.text), UNUSED)
<BR><BR>[Calls]<UL><LI><a href="#[79]">&gt;&gt;</a>&nbsp;&nbsp;&nbsp;__aeabi_dmul
<LI><a href="#[7a]">&gt;&gt;</a>&nbsp;&nbsp;&nbsp;__aeabi_ddiv
<LI><a href="#[78]">&gt;&gt;</a>&nbsp;&nbsp;&nbsp;__aeabi_ul2d
</UL>
<BR>[Called By]<UL><LI><a href="#[7b]">&gt;&gt;</a>&nbsp;&nbsp;&nbsp;_scanf_really_real
</UL>

<P><STRONG><a name="[1b]"></a>_scanf_char_input</STRONG> (Thumb, 12 bytes, Stack size 0 bytes, scanf_char.o(.text))
<BR>[Address Reference Count : 1]<UL><LI> scanf_char.o(.text)
</UL><P>
<H3>
Undefined Global Symbols
</H3><HR></body></html>
